Archive member included to satisfy reference by file (symbol)

c:/programs/stm32cubeide_1.7.0/stm32cubeide/plugins/com.st.stm32cube.ide.mcu.externaltools.gnu-tools-for-stm32.9-2020-q2-update.win32_2.0.0.202105311346/tools/bin/../lib/gcc/arm-none-eabi/9.3.1/../../../../arm-none-eabi/lib/thumb/v7-m/nofp\libc_nano.a(lib_a-errno.o)
                              ./Core/Src/syscalls.o (__errno)
c:/programs/stm32cubeide_1.7.0/stm32cubeide/plugins/com.st.stm32cube.ide.mcu.externaltools.gnu-tools-for-stm32.9-2020-q2-update.win32_2.0.0.202105311346/tools/bin/../lib/gcc/arm-none-eabi/9.3.1/../../../../arm-none-eabi/lib/thumb/v7-m/nofp\libc_nano.a(lib_a-exit.o)
                              c:/programs/stm32cubeide_1.7.0/stm32cubeide/plugins/com.st.stm32cube.ide.mcu.externaltools.gnu-tools-for-stm32.9-2020-q2-update.win32_2.0.0.202105311346/tools/bin/../lib/gcc/arm-none-eabi/9.3.1/../../../../arm-none-eabi/lib/thumb/v7-m/nofp/crt0.o (exit)
c:/programs/stm32cubeide_1.7.0/stm32cubeide/plugins/com.st.stm32cube.ide.mcu.externaltools.gnu-tools-for-stm32.9-2020-q2-update.win32_2.0.0.202105311346/tools/bin/../lib/gcc/arm-none-eabi/9.3.1/../../../../arm-none-eabi/lib/thumb/v7-m/nofp\libc_nano.a(lib_a-impure.o)
                              c:/programs/stm32cubeide_1.7.0/stm32cubeide/plugins/com.st.stm32cube.ide.mcu.externaltools.gnu-tools-for-stm32.9-2020-q2-update.win32_2.0.0.202105311346/tools/bin/../lib/gcc/arm-none-eabi/9.3.1/../../../../arm-none-eabi/lib/thumb/v7-m/nofp\libc_nano.a(lib_a-exit.o) (_global_impure_ptr)
c:/programs/stm32cubeide_1.7.0/stm32cubeide/plugins/com.st.stm32cube.ide.mcu.externaltools.gnu-tools-for-stm32.9-2020-q2-update.win32_2.0.0.202105311346/tools/bin/../lib/gcc/arm-none-eabi/9.3.1/../../../../arm-none-eabi/lib/thumb/v7-m/nofp\libc_nano.a(lib_a-init.o)
                              c:/programs/stm32cubeide_1.7.0/stm32cubeide/plugins/com.st.stm32cube.ide.mcu.externaltools.gnu-tools-for-stm32.9-2020-q2-update.win32_2.0.0.202105311346/tools/bin/../lib/gcc/arm-none-eabi/9.3.1/../../../../arm-none-eabi/lib/thumb/v7-m/nofp/crt0.o (__libc_init_array)
c:/programs/stm32cubeide_1.7.0/stm32cubeide/plugins/com.st.stm32cube.ide.mcu.externaltools.gnu-tools-for-stm32.9-2020-q2-update.win32_2.0.0.202105311346/tools/bin/../lib/gcc/arm-none-eabi/9.3.1/../../../../arm-none-eabi/lib/thumb/v7-m/nofp\libc_nano.a(lib_a-memset.o)
                              c:/programs/stm32cubeide_1.7.0/stm32cubeide/plugins/com.st.stm32cube.ide.mcu.externaltools.gnu-tools-for-stm32.9-2020-q2-update.win32_2.0.0.202105311346/tools/bin/../lib/gcc/arm-none-eabi/9.3.1/../../../../arm-none-eabi/lib/thumb/v7-m/nofp/crt0.o (memset)
c:/programs/stm32cubeide_1.7.0/stm32cubeide/plugins/com.st.stm32cube.ide.mcu.externaltools.gnu-tools-for-stm32.9-2020-q2-update.win32_2.0.0.202105311346/tools/bin/../lib/gcc/arm-none-eabi/9.3.1/../../../../arm-none-eabi/lib/thumb/v7-m/nofp\libm.a(lib_a-s_sin.o)
                              ./Core/Src/MotorControl.o (sin)
c:/programs/stm32cubeide_1.7.0/stm32cubeide/plugins/com.st.stm32cube.ide.mcu.externaltools.gnu-tools-for-stm32.9-2020-q2-update.win32_2.0.0.202105311346/tools/bin/../lib/gcc/arm-none-eabi/9.3.1/../../../../arm-none-eabi/lib/thumb/v7-m/nofp\libm.a(lib_a-e_rem_pio2.o)
                              c:/programs/stm32cubeide_1.7.0/stm32cubeide/plugins/com.st.stm32cube.ide.mcu.externaltools.gnu-tools-for-stm32.9-2020-q2-update.win32_2.0.0.202105311346/tools/bin/../lib/gcc/arm-none-eabi/9.3.1/../../../../arm-none-eabi/lib/thumb/v7-m/nofp\libm.a(lib_a-s_sin.o) (__ieee754_rem_pio2)
c:/programs/stm32cubeide_1.7.0/stm32cubeide/plugins/com.st.stm32cube.ide.mcu.externaltools.gnu-tools-for-stm32.9-2020-q2-update.win32_2.0.0.202105311346/tools/bin/../lib/gcc/arm-none-eabi/9.3.1/../../../../arm-none-eabi/lib/thumb/v7-m/nofp\libm.a(lib_a-k_cos.o)
                              c:/programs/stm32cubeide_1.7.0/stm32cubeide/plugins/com.st.stm32cube.ide.mcu.externaltools.gnu-tools-for-stm32.9-2020-q2-update.win32_2.0.0.202105311346/tools/bin/../lib/gcc/arm-none-eabi/9.3.1/../../../../arm-none-eabi/lib/thumb/v7-m/nofp\libm.a(lib_a-s_sin.o) (__kernel_cos)
c:/programs/stm32cubeide_1.7.0/stm32cubeide/plugins/com.st.stm32cube.ide.mcu.externaltools.gnu-tools-for-stm32.9-2020-q2-update.win32_2.0.0.202105311346/tools/bin/../lib/gcc/arm-none-eabi/9.3.1/../../../../arm-none-eabi/lib/thumb/v7-m/nofp\libm.a(lib_a-k_rem_pio2.o)
                              c:/programs/stm32cubeide_1.7.0/stm32cubeide/plugins/com.st.stm32cube.ide.mcu.externaltools.gnu-tools-for-stm32.9-2020-q2-update.win32_2.0.0.202105311346/tools/bin/../lib/gcc/arm-none-eabi/9.3.1/../../../../arm-none-eabi/lib/thumb/v7-m/nofp\libm.a(lib_a-e_rem_pio2.o) (__kernel_rem_pio2)
c:/programs/stm32cubeide_1.7.0/stm32cubeide/plugins/com.st.stm32cube.ide.mcu.externaltools.gnu-tools-for-stm32.9-2020-q2-update.win32_2.0.0.202105311346/tools/bin/../lib/gcc/arm-none-eabi/9.3.1/../../../../arm-none-eabi/lib/thumb/v7-m/nofp\libm.a(lib_a-k_sin.o)
[...]
Memory Configuration

Name             Origin             Length             Attributes
RAM              0x0000000020000000 0x0000000000020000 xrw
FLASH            0x0000000008000000 0x0000000000080000 xr
*default*        0x0000000000000000 0xffffffffffffffff

Linker script and memory map

LOAD c:/programs/stm32cubeide_1.7.0/stm32cubeide/plugins/com.st.stm32cube.ide.mcu.externaltools.gnu-tools-for-stm32.9-2020-q2-update.win32_2.0.0.202105311346/tools/bin/../lib/gcc/arm-none-eabi/9.3.1/thumb/v7-m/nofp/crti.o
LOAD c:/programs/stm32cubeide_1.7.0/stm32cubeide/plugins/com.st.stm32cube.ide.mcu.externaltools.gnu-tools-for-stm32.9-2020-q2-update.win32_2.0.0.202105311346/tools/bin/../lib/gcc/arm-none-eabi/9.3.1/thumb/v7-m/nofp/crtbegin.o
LOAD c:/programs/stm32cubeide_1.7.0/stm32cubeide/plugins/com.st.stm32cube.ide.mcu.externaltools.gnu-tools-for-stm32.9-2020-q2-update.win32_2.0.0.202105311346/tools/bin/../lib/gcc/arm-none-eabi/9.3.1/../../../../arm-none-eabi/lib/thumb/v7-m/nofp/crt0.o
LOAD ./Core/Src/MotorControl.o
LOAD ./Core/Src/main.o
LOAD ./Core/Src/stm32f2xx_hal_msp.o
LOAD ./Core/Src/stm32f2xx_it.o
LOAD ./Core/Src/syscalls.o
LOAD ./Core/Src/sysmem.o
LOAD ./Core/Src/system_stm32f2xx.o
LOAD ./Core/Startup/startup_stm32f207vetx.o
LOAD ./Drivers/STM32F2xx_HAL_Driver/Src/stm32f2xx_hal.o
LOAD ./Drivers/STM32F2xx_HAL_Driver/Src/stm32f2xx_hal_adc.o
LOAD ./Drivers/STM32F2xx_HAL_Driver/Src/stm32f2xx_hal_adc_ex.o
LOAD ./Drivers/STM32F2xx_HAL_Driver/Src/stm32f2xx_hal_cortex.o
LOAD ./Drivers/STM32F2xx_HAL_Driver/Src/stm32f2xx_hal_dma.o
LOAD ./Drivers/STM32F2xx_HAL_Driver/Src/stm32f2xx_hal_dma_ex.o
LOAD ./Drivers/STM32F2xx_HAL_Driver/Src/stm32f2xx_hal_exti.o
LOAD ./Drivers/STM32F2xx_HAL_Driver/Src/stm32f2xx_hal_flash.o
LOAD ./Drivers/STM32F2xx_HAL_Driver/Src/stm32f2xx_hal_flash_ex.o
LOAD ./Drivers/STM32F2xx_HAL_Driver/Src/stm32f2xx_hal_gpio.o
LOAD ./Drivers/STM32F2xx_HAL_Driver/Src/stm32f2xx_hal_i2c.o
LOAD ./Drivers/STM32F2xx_HAL_Driver/Src/stm32f2xx_hal_pwr.o
LOAD ./Drivers/STM32F2xx_HAL_Driver/Src/stm32f2xx_hal_pwr_ex.o
LOAD ./Drivers/STM32F2xx_HAL_Driver/Src/stm32f2xx_hal_rcc.o
LOAD ./Drivers/STM32F2xx_HAL_Driver/Src/stm32f2xx_hal_rcc_ex.o
LOAD ./Drivers/STM32F2xx_HAL_Driver/Src/stm32f2xx_hal_tim.o
LOAD ./Drivers/STM32F2xx_HAL_Driver/Src/stm32f2xx_hal_tim_ex.o
LOAD ./Drivers/STM32F2xx_HAL_Driver/Src/stm32f2xx_hal_uart.o
START GROUP
LOAD c:/programs/stm32cubeide_1.7.0/stm32cubeide/plugins/com.st.stm32cube.ide.mcu.externaltools.gnu-tools-for-stm32.9-2020-q2-update.win32_2.0.0.202105311346/tools/bin/../lib/gcc/arm-none-eabi/9.3.1/../../../../arm-none-eabi/lib/thumb/v7-m/nofp\libc_nano.a
LOAD c:/programs/stm32cubeide_1.7.0/stm32cubeide/plugins/com.st.stm32cube.ide.mcu.externaltools.gnu-tools-for-stm32.9-2020-q2-update.win32_2.0.0.202105311346/tools/bin/../lib/gcc/arm-none-eabi/9.3.1/../../../../arm-none-eabi/lib/thumb/v7-m/nofp\libm.a
END GROUP
START GROUP
LOAD c:/programs/stm32cubeide_1.7.0/stm32cubeide/plugins/com.st.stm32cube.ide.mcu.externaltools.gnu-tools-for-stm32.9-2020-q2-update.win32_2.0.0.202105311346/tools/bin/../lib/gcc/arm-none-eabi/9.3.1/thumb/v7-m/nofp\libgcc.a
LOAD c:/programs/stm32cubeide_1.7.0/stm32cubeide/plugins/com.st.stm32cube.ide.mcu.externaltools.gnu-tools-for-stm32.9-2020-q2-update.win32_2.0.0.202105311346/tools/bin/../lib/gcc/arm-none-eabi/9.3.1/../../../../arm-none-eabi/lib/thumb/v7-m/nofp\libc_nano.a
END GROUP
START GROUP
LOAD c:/programs/stm32cubeide_1.7.0/stm32cubeide/plugins/com.st.stm32cube.ide.mcu.externaltools.gnu-tools-for-stm32.9-2020-q2-update.win32_2.0.0.202105311346/tools/bin/../lib/gcc/arm-none-eabi/9.3.1/thumb/v7-m/nofp\libgcc.a
LOAD c:/programs/stm32cubeide_1.7.0/stm32cubeide/plugins/com.st.stm32cube.ide.mcu.externaltools.gnu-tools-for-stm32.9-2020-q2-update.win32_2.0.0.202105311346/tools/bin/../lib/gcc/arm-none-eabi/9.3.1/../../../../arm-none-eabi/lib/thumb/v7-m/nofp\libc_nano.a
LOAD c:/programs/stm32cubeide_1.7.0/stm32cubeide/plugins/com.st.stm32cube.ide.mcu.externaltools.gnu-tools-for-stm32.9-2020-q2-update.win32_2.0.0.202105311346/tools/bin/../lib/gcc/arm-none-eabi/9.3.1/../../../../arm-none-eabi/lib/thumb/v7-m/nofp\libnosys.a
END GROUP
START GROUP
LOAD c:/programs/stm32cubeide_1.7.0/stm32cubeide/plugins/com.st.stm32cube.ide.mcu.externaltools.gnu-tools-for-stm32.9-2020-q2-update.win32_2.0.0.202105311346/tools/bin/../lib/gcc/arm-none-eabi/9.3.1/thumb/v7-m/nofp\libgcc.a
LOAD c:/programs/stm32cubeide_1.7.0/stm32cubeide/plugins/com.st.stm32cube.ide.mcu.externaltools.gnu-tools-for-stm32.9-2020-q2-update.win32_2.0.0.202105311346/tools/bin/../lib/gcc/arm-none-eabi/9.3.1/../../../../arm-none-eabi/lib/thumb/v7-m/nofp\libc_nano.a
LOAD c:/programs/stm32cubeide_1.7.0/stm32cubeide/plugins/com.st.stm32cube.ide.mcu.externaltools.gnu-tools-for-stm32.9-2020-q2-update.win32_2.0.0.202105311346/tools/bin/../lib/gcc/arm-none-eabi/9.3.1/../../../../arm-none-eabi/lib/thumb/v7-m/nofp\libnosys.a
END GROUP
LOAD c:/programs/stm32cubeide_1.7.0/stm32cubeide/plugins/com.st.stm32cube.ide.mcu.externaltools.gnu-tools-for-stm32.9-2020-q2-update.win32_2.0.0.202105311346/tools/bin/../lib/gcc/arm-none-eabi/9.3.1/thumb/v7-m/nofp/crtend.o
LOAD c:/programs/stm32cubeide_1.7.0/stm32cubeide/plugins/com.st.stm32cube.ide.mcu.externaltools.gnu-tools-for-stm32.9-2020-q2-update.win32_2.0.0.202105311346/tools/bin/../lib/gcc/arm-none-eabi/9.3.1/thumb/v7-m/nofp/crtn.o
                0x0000000020020000                _estack = (ORIGIN (RAM) + LENGTH (RAM))
                0x0000000000000200                _Min_Heap_Size = 0x200
                0x0000000000000400                _Min_Stack_Size = 0x400

.isr_vector     0x0000000008000000      0x184
                0x0000000008000000                . = ALIGN (0x4)
 *(.isr_vector)
 .isr_vector    0x0000000008000000      0x184 ./Core/Startup/startup_stm32f207vetx.o
                0x0000000008000000                g_pfnVectors
                0x0000000008000184                . = ALIGN (0x4)

.text           0x0000000008000188     0x9104
                0x0000000008000188                . = ALIGN (0x4)
 *(.text)
 .text          0x0000000008000188       0x40 c:/programs/stm32cubeide_1.7.0/stm32cubeide/plugins/com.st.stm32cube.ide.mcu.externaltools.gnu-tools-for-stm32.9-2020-q2-update.win32_2.0.0.202105311346/tools/bin/../lib/gcc/arm-none-eabi/9.3.1/thumb/v7-m/nofp/crtbegin.o
 .text          0x00000000080001c8      0x378 c:/programs/stm32cubeide_1.7.0/stm32cubeide/plugins/com.st.stm32cube.ide.mcu.externaltools.gnu-tools-for-stm32.9-2020-q2-update.win32_2.0.0.202105311346/tools/bin/../lib/gcc/arm-none-eabi/9.3.1/thumb/v7-m/nofp\libgcc.a(_arm_addsubdf3.o)
                0x00000000080001c8                __aeabi_drsub
                0x00000000080001d0                __aeabi_dsub
                0x00000000080001d0                __subdf3
                0x00000000080001d4                __aeabi_dadd
                0x00000000080001d4                __adddf3
                0x000000000800044c                __floatunsidf
                0x000000000800044c                __aeabi_ui2d
                0x000000000800046c                __floatsidf
                0x000000000800046c                __aeabi_i2d
                0x0000000008000490                __aeabi_f2d
                0x0000000008000490                __extendsfdf2
                0x00000000080004d4                __floatundidf
                0x00000000080004d4                __aeabi_ul2d
                0x00000000080004e4                __floatdidf
                0x00000000080004e4                __aeabi_l2d
 .text          0x0000000008000540      0x424 c:/programs/stm32cubeide_1.7.0/stm32cubeide/plugins/com.st.stm32cube.ide.mcu.externaltools.gnu-tools-for-stm32.9-2020-q2-update.win32_2.0.0.202105311346/tools/bin/../lib/gcc/arm-none-eabi/9.3.1/thumb/v7-m/nofp\libgcc.a(_arm_muldivdf3.o)
                0x0000000008000540                __aeabi_dmul
                0x0000000008000540                __muldf3
                0x0000000008000794                __divdf3
                0x0000000008000794                __aeabi_ddiv
 .text          0x0000000008000964      0x110 c:/programs/stm32cubeide_1.7.0/stm32cubeide/plugins/com.st.stm32cube.ide.mcu.externaltools.gnu-tools-for-stm32.9-2020-q2-update.win32_2.0.0.202105311346/tools/bin/../lib/gcc/arm-none-eabi/9.3.1/thumb/v7-m/nofp\libgcc.a(_arm_cmpdf2.o)
                0x0000000008000964                __gtdf2
                0x0000000008000964                __gedf2
                0x000000000800096c                __ltdf2
                0x000000000800096c                __ledf2
                0x0000000008000974                __nedf2
                0x0000000008000974                __eqdf2
                0x0000000008000974                __cmpdf2
                0x00000000080009f0                __aeabi_cdrcmple
                0x0000000008000a00                __aeabi_cdcmpeq
                0x0000000008000a00                __aeabi_cdcmple
                0x0000000008000a10                __aeabi_dcmpeq
                0x0000000008000a24                __aeabi_dcmplt
                0x0000000008000a38                __aeabi_dcmple
                0x0000000008000a4c                __aeabi_dcmpge
                0x0000000008000a60                __aeabi_dcmpgt
 .text          0x0000000008000a74       0x50 c:/programs/stm32cubeide_1.7.0/stm32cubeide/plugins/com.st.stm32cube.ide.mcu.externaltools.gnu-tools-for-stm32.9-2020-q2-update.win32_2.0.0.202105311346/tools/bin/../lib/gcc/arm-none-eabi/9.3.1/thumb/v7-m/nofp\libgcc.a(_arm_fixdfsi.o)
                0x0000000008000a74                __aeabi_d2iz
                0x0000000008000a74                __fixdfsi
 .text          0x0000000008000ac4       0xa0 c:/programs/stm32cubeide_1.7.0/stm32cubeide/plugins/com.st.stm32cube.ide.mcu.externaltools.gnu-tools-for-stm32.9-2020-q2-update.win32_2.0.0.202105311346/tools/bin/../lib/gcc/arm-none-eabi/9.3.1/thumb/v7-m/nofp\libgcc.a(_arm_truncdfsf2.o)
                0x0000000008000ac4                __truncdfsf2
                0x0000000008000ac4                __aeabi_d2f
 .text          0x0000000008000b64      0x21c c:/programs/stm32cubeide_1.7.0/stm32cubeide/plugins/com.st.stm32cube.ide.mcu.externaltools.gnu-tools-for-stm32.9-2020-q2-update.win32_2.0.0.202105311346/tools/bin/../lib/gcc/arm-none-eabi/9.3.1/thumb/v7-m/nofp\libgcc.a(_arm_addsubsf3.o)
                0x0000000008000b64                __aeabi_frsub
                0x0000000008000b6c                __subsf3
                0x0000000008000b6c                __aeabi_fsub
                0x0000000008000b70                __aeabi_fadd
                0x0000000008000b70                __addsf3
                0x0000000008000cd0                __aeabi_ui2f
                0x0000000008000cd0                __floatunsisf
                0x0000000008000cd8                __aeabi_i2f
                0x0000000008000cd8                __floatsisf
                0x0000000008000cf4                __aeabi_ul2f
                0x0000000008000cf4                __floatundisf
                0x0000000008000d04                __aeabi_l2f
                0x0000000008000d04                __floatdisf
 .text          0x0000000008000d80      0x2a0 c:/programs/stm32cubeide_1.7.0/stm32cubeide/plugins/com.st.stm32cube.ide.mcu.externaltools.gnu-tools-for-stm32.9-2020-q2-update.win32_2.0.0.202105311346/tools/bin/../lib/gcc/arm-none-eabi/9.3.1/thumb/v7-m/nofp\libgcc.a(_arm_muldivsf3.o)
                0x0000000008000d80                __mulsf3
                0x0000000008000d80                __aeabi_fmul
                0x0000000008000ee8                __aeabi_fdiv
                0x0000000008000ee8                __divsf3
 .text          0x0000000008001020       0xec c:/programs/stm32cubeide_1.7.0/stm32cubeide/plugins/com.st.stm32cube.ide.mcu.externaltools.gnu-tools-for-stm32.9-2020-q2-update.win32_2.0.0.202105311346/tools/bin/../lib/gcc/arm-none-eabi/9.3.1/thumb/v7-m/nofp\libgcc.a(_arm_cmpsf2.o)
                0x0000000008001020                __gesf2
                0x0000000008001020                __gtsf2
                0x0000000008001028                __lesf2
                0x0000000008001028                __ltsf2
                0x0000000008001030                __nesf2
                0x0000000008001030                __eqsf2
                0x0000000008001030                __cmpsf2
                0x0000000008001090                __aeabi_cfrcmple
                0x0000000008001098                __aeabi_cfcmpeq
                0x0000000008001098                __aeabi_cfcmple
                0x00000000080010a8                __aeabi_fcmpeq
                0x00000000080010bc                __aeabi_fcmplt
                0x00000000080010d0                __aeabi_fcmple
                0x00000000080010e4                __aeabi_fcmpge
                0x00000000080010f8                __aeabi_fcmpgt
 .text          0x000000000800110c       0x40 c:/programs/stm32cubeide_1.7.0/stm32cubeide/plugins/com.st.stm32cube.ide.mcu.externaltools.gnu-tools-for-stm32.9-2020-q2-update.win32_2.0.0.202105311346/tools/bin/../lib/gcc/arm-none-eabi/9.3.1/thumb/v7-m/nofp\libgcc.a(_arm_fixunssfsi.o)
                0x000000000800110c                __fixunssfsi
                0x000000000800110c                __aeabi_f2uiz
 .text          0x000000000800114c       0x30 c:/programs/stm32cubeide_1.7.0/stm32cubeide/plugins/com.st.stm32cube.ide.mcu.externaltools.gnu-tools-for-stm32.9-2020-q2-update.win32_2.0.0.202105311346/tools/bin/../lib/gcc/arm-none-eabi/9.3.1/thumb/v7-m/nofp\libgcc.a(_aeabi_uldivmod.o)
                0x000000000800114c                __aeabi_uldivmod
 .text          0x000000000800117c      0x2c4 c:/programs/stm32cubeide_1.7.0/stm32cubeide/plugins/com.st.stm32cube.ide.mcu.externaltools.gnu-tools-for-stm32.9-2020-q2-update.win32_2.0.0.202105311346/tools/bin/../lib/gcc/arm-none-eabi/9.3.1/thumb/v7-m/nofp\libgcc.a(_udivmoddi4.o)
                0x000000000800117c                __udivmoddi4
 .text          0x0000000008001440        0x4 c:/programs/stm32cubeide_1.7.0/stm32cubeide/plugins/com.st.stm32cube.ide.mcu.externaltools.gnu-tools-for-stm32.9-2020-q2-update.win32_2.0.0.202105311346/tools/bin/../lib/gcc/arm-none-eabi/9.3.1/thumb/v7-m/nofp\libgcc.a(_dvmd_tls.o)
                0x0000000008001440                __aeabi_idiv0
                0x0000000008001440                __aeabi_ldiv0
 *(.text*)
 .text.initialize_PID_constants
                0x0000000008001444       0x6c ./Core/Src/MotorControl.o
                0x0000000008001444                initialize_PID_constants
 .text.move_rotor
                0x00000000080014b0      0x294 ./Core/Src/MotorControl.o
                0x00000000080014b0                move_rotor
 .text.motor_control
                0x0000000008001744      0x130 ./Core/Src/MotorControl.o
                0x0000000008001744                motor_control
 .text.cur_sector
                0x0000000008001874       0x70 ./Core/Src/MotorControl.o
                0x0000000008001874                cur_sector
 .text.HAL_GPIO_EXTI_Callback
                0x00000000080018e4       0x64 ./Core/Src/MotorControl.o
                0x00000000080018e4                HAL_GPIO_EXTI_Callback
 .text.calculateSpeed
                0x0000000008001948       0x60 ./Core/Src/MotorControl.o
                0x0000000008001948                calculateSpeed
 .text.calculatePID
                0x00000000080019a8      0x17c ./Core/Src/MotorControl.o
                0x00000000080019a8                calculatePID
 *fill*         0x0000000008001b24        0x4 
 .text.HAL_TIM_PeriodElapsedCallback
                0x0000000008001b28       0xc4 ./Core/Src/MotorControl.o
                0x0000000008001b28                HAL_TIM_PeriodElapsedCallback
 *fill*         0x0000000008001bec        0x4 
 .text.HAL_ADC_ConvCpltCallback
                0x0000000008001bf0      0x214 ./Core/Src/MotorControl.o
                0x0000000008001bf0                HAL_ADC_ConvCpltCallback
 .text.start    0x0000000008001e04       0x48 ./Core/Src/MotorControl.o
                0x0000000008001e04                start
 .text.loop     0x0000000008001e4c        0xc ./Core/Src/MotorControl.o
                0x0000000008001e4c                loop
 .text.main     0x0000000008001e58       0x3a ./Core/Src/main.o
                0x0000000008001e58                main
 .text.SystemClock_Config
                0x0000000008001e92       0x8c ./Core/Src/main.o
                0x0000000008001e92                SystemClock_Config
 *fill*         0x0000000008001f1e        0x2 
 .text.MX_ADC1_Init
                0x0000000008001f20       0xd8 ./Core/Src/main.o
 .text.MX_I2C3_Init
                0x0000000008001ff8       0x5c ./Core/Src/main.o
 .text.MX_TIM1_Init
                0x0000000008002054      0x158 ./Core/Src/main.o
 .text.MX_TIM4_Init
                0x00000000080021ac       0xa8 ./Core/Src/main.o
 .text.MX_TIM8_Init
                0x0000000008002254      0x140 ./Core/Src/main.o
 .text.MX_TIM14_Init
                0x0000000008002394       0x94 ./Core/Src/main.o
 .text.MX_USART3_UART_Init
                0x0000000008002428       0x54 ./Core/Src/main.o
 .text.MX_DMA_Init
                0x000000000800247c       0x6c ./Core/Src/main.o
 .text.MX_GPIO_Init
                0x00000000080024e8      0x138 ./Core/Src/main.o
 .text.Error_Handler
                0x0000000008002620        0xa ./Core/Src/main.o
                0x0000000008002620                Error_Handler
 *fill*         0x000000000800262a        0x2 
 .text.HAL_MspInit
                0x000000000800262c       0x4c ./Core/Src/stm32f2xx_hal_msp.o
                0x000000000800262c                HAL_MspInit
 .text.HAL_ADC_MspInit
                0x0000000008002678      0x170 ./Core/Src/stm32f2xx_hal_msp.o
                0x0000000008002678                HAL_ADC_MspInit
 .text.HAL_I2C_MspInit
                0x00000000080027e8      0x148 ./Core/Src/stm32f2xx_hal_msp.o
                0x00000000080027e8                HAL_I2C_MspInit
 .text.HAL_TIM_Base_MspInit
                0x0000000008002930       0xc8 ./Core/Src/stm32f2xx_hal_msp.o
                0x0000000008002930                HAL_TIM_Base_MspInit
 .text.HAL_TIM_Encoder_MspInit
                0x00000000080029f8       0xa0 ./Core/Src/stm32f2xx_hal_msp.o
                0x00000000080029f8                HAL_TIM_Encoder_MspInit
 .text.HAL_TIM_MspPostInit
                0x0000000008002a98      0x104 ./Core/Src/stm32f2xx_hal_msp.o
                0x0000000008002a98                HAL_TIM_MspPostInit
 .text.HAL_UART_MspInit
                0x0000000008002b9c       0xa0 ./Core/Src/stm32f2xx_hal_msp.o
                0x0000000008002b9c                HAL_UART_MspInit
 .text.NMI_Handler
                0x0000000008002c3c        0x6 ./Core/Src/stm32f2xx_it.o
                0x0000000008002c3c                NMI_Handler
 .text.HardFault_Handler
                0x0000000008002c42        0x6 ./Core/Src/stm32f2xx_it.o
                0x0000000008002c42                HardFault_Handler
 .text.MemManage_Handler
                0x0000000008002c48        0x6 ./Core/Src/stm32f2xx_it.o
                0x0000000008002c48                MemManage_Handler
 .text.BusFault_Handler
                0x0000000008002c4e        0x6 ./Core/Src/stm32f2xx_it.o
                0x0000000008002c4e                BusFault_Handler
 .text.UsageFault_Handler
                0x0000000008002c54        0x6 ./Core/Src/stm32f2xx_it.o
                0x0000000008002c54                UsageFault_Handler
 .text.SVC_Handler
                0x0000000008002c5a        0xc ./Core/Src/stm32f2xx_it.o
                0x0000000008002c5a                SVC_Handler
 .text.DebugMon_Handler
                0x0000000008002c66        0xc ./Core/Src/stm32f2xx_it.o
                0x0000000008002c66                DebugMon_Handler
 .text.PendSV_Handler
                0x0000000008002c72        0xc ./Core/Src/stm32f2xx_it.o
                0x0000000008002c72                PendSV_Handler
 .text.SysTick_Handler
                0x0000000008002c7e        0xc ./Core/Src/stm32f2xx_it.o
                0x0000000008002c7e                SysTick_Handler
 .text.EXTI0_IRQHandler
                0x0000000008002c8a        0xe ./Core/Src/stm32f2xx_it.o
                0x0000000008002c8a                EXTI0_IRQHandler
 .text.EXTI1_IRQHandler
                0x0000000008002c98        0xe ./Core/Src/stm32f2xx_it.o
                0x0000000008002c98                EXTI1_IRQHandler
 *fill*         0x0000000008002ca6        0x2 
 .text.DMA1_Stream4_IRQHandler
                0x0000000008002ca8       0x14 ./Core/Src/stm32f2xx_it.o
                0x0000000008002ca8                DMA1_Stream4_IRQHandler
 .text.ADC_IRQHandler
                0x0000000008002cbc       0x14 ./Core/Src/stm32f2xx_it.o
                0x0000000008002cbc                ADC_IRQHandler
 .text.EXTI9_5_IRQHandler
                0x0000000008002cd0       0x14 ./Core/Src/stm32f2xx_it.o
                0x0000000008002cd0                EXTI9_5_IRQHandler
 .text.TIM1_UP_TIM10_IRQHandler
                0x0000000008002ce4       0x14 ./Core/Src/stm32f2xx_it.o
                0x0000000008002ce4                TIM1_UP_TIM10_IRQHandler
 .text.TIM4_IRQHandler
                0x0000000008002cf8       0x14 ./Core/Src/stm32f2xx_it.o
                0x0000000008002cf8                TIM4_IRQHandler
 .text.USART3_IRQHandler
                0x0000000008002d0c       0x14 ./Core/Src/stm32f2xx_it.o
                0x0000000008002d0c                USART3_IRQHandler
 .text.TIM8_TRG_COM_TIM14_IRQHandler
                0x0000000008002d20       0x1c ./Core/Src/stm32f2xx_it.o
                0x0000000008002d20                TIM8_TRG_COM_TIM14_IRQHandler
 .text.DMA2_Stream0_IRQHandler
                0x0000000008002d3c       0x14 ./Core/Src/stm32f2xx_it.o
                0x0000000008002d3c                DMA2_Stream0_IRQHandler
 .text.I2C3_EV_IRQHandler
                0x0000000008002d50       0x14 ./Core/Src/stm32f2xx_it.o
                0x0000000008002d50                I2C3_EV_IRQHandler
 .text.SystemInit
                0x0000000008002d64       0x5c ./Core/Src/system_stm32f2xx.o
                0x0000000008002d64                SystemInit
 .text.Reset_Handler
                0x0000000008002dc0       0x50 ./Core/Startup/startup_stm32f207vetx.o
                0x0000000008002dc0                Reset_Handler
 .text.Default_Handler
                0x0000000008002e10        0x2 ./Core/Startup/startup_stm32f207vetx.o
                0x0000000008002e10                RTC_Alarm_IRQHandler
                0x0000000008002e10                HASH_RNG_IRQHandler
                0x0000000008002e10                EXTI2_IRQHandler
                0x0000000008002e10                TIM8_CC_IRQHandler
                0x0000000008002e10                TIM1_CC_IRQHandler
                0x0000000008002e10                DMA2_Stream5_IRQHandler
                0x0000000008002e10                DMA1_Stream5_IRQHandler
                0x0000000008002e10                PVD_IRQHandler
                0x0000000008002e10                SDIO_IRQHandler
                0x0000000008002e10                TAMP_STAMP_IRQHandler
                0x0000000008002e10                CAN2_RX1_IRQHandler
                0x0000000008002e10                EXTI3_IRQHandler
                0x0000000008002e10                TIM8_UP_TIM13_IRQHandler
                0x0000000008002e10                I2C3_ER_IRQHandler
                0x0000000008002e10                I2C2_EV_IRQHandler
                0x0000000008002e10                DMA1_Stream2_IRQHandler
                0x0000000008002e10                CAN1_RX0_IRQHandler
                0x0000000008002e10                OTG_HS_WKUP_IRQHandler
                0x0000000008002e10                CAN2_SCE_IRQHandler
                0x0000000008002e10                DMA2_Stream2_IRQHandler
                0x0000000008002e10                SPI1_IRQHandler
                0x0000000008002e10                TIM6_DAC_IRQHandler
                0x0000000008002e10                TIM1_BRK_TIM9_IRQHandler
                0x0000000008002e10                DCMI_IRQHandler
                0x0000000008002e10                CAN2_RX0_IRQHandler
                0x0000000008002e10                DMA2_Stream3_IRQHandler
                0x0000000008002e10                USART6_IRQHandler
                0x0000000008002e10                CAN1_RX1_IRQHandler
                0x0000000008002e10                UART5_IRQHandler
                0x0000000008002e10                I2C1_EV_IRQHandler
                0x0000000008002e10                DMA1_Stream6_IRQHandler
                0x0000000008002e10                DMA1_Stream1_IRQHandler
                0x0000000008002e10                UART4_IRQHandler
                0x0000000008002e10                TIM3_IRQHandler
                0x0000000008002e10                RCC_IRQHandler
                0x0000000008002e10                TIM8_BRK_TIM12_IRQHandler
                0x0000000008002e10                Default_Handler
                0x0000000008002e10                EXTI15_10_IRQHandler
                0x0000000008002e10                DMA1_Stream7_IRQHandler
                0x0000000008002e10                TIM7_IRQHandler
                0x0000000008002e10                CAN2_TX_IRQHandler
                0x0000000008002e10                TIM5_IRQHandler
                0x0000000008002e10                DMA2_Stream7_IRQHandler
                0x0000000008002e10                RTC_WKUP_IRQHandler
                0x0000000008002e10                ETH_WKUP_IRQHandler
                0x0000000008002e10                SPI2_IRQHandler
                0x0000000008002e10                OTG_HS_EP1_IN_IRQHandler
                0x0000000008002e10                DMA1_Stream0_IRQHandler
                0x0000000008002e10                CAN1_TX_IRQHandler
                0x0000000008002e10                EXTI4_IRQHandler
                0x0000000008002e10                FSMC_IRQHandler
                0x0000000008002e10                ETH_IRQHandler
                0x0000000008002e10                OTG_HS_EP1_OUT_IRQHandler
                0x0000000008002e10                WWDG_IRQHandler
                0x0000000008002e10                TIM2_IRQHandler
                0x0000000008002e10                OTG_FS_WKUP_IRQHandler
                0x0000000008002e10                TIM1_TRG_COM_TIM11_IRQHandler
                0x0000000008002e10                OTG_HS_IRQHandler
                0x0000000008002e10                USART2_IRQHandler
                0x0000000008002e10                I2C2_ER_IRQHandler
                0x0000000008002e10                DMA2_Stream1_IRQHandler
                0x0000000008002e10                CAN1_SCE_IRQHandler
                0x0000000008002e10                FLASH_IRQHandler
                0x0000000008002e10                DMA2_Stream4_IRQHandler
                0x0000000008002e10                USART1_IRQHandler
                0x0000000008002e10                OTG_FS_IRQHandler
                0x0000000008002e10                SPI3_IRQHandler
                0x0000000008002e10                I2C1_ER_IRQHandler
                0x0000000008002e10                DMA2_Stream6_IRQHandler
                0x0000000008002e10                DMA1_Stream3_IRQHandler
 *fill*         0x0000000008002e12        0x2 
 .text.HAL_Init
                0x0000000008002e14       0x44 ./Drivers/STM32F2xx_HAL_Driver/Src/stm32f2xx_hal.o
                0x0000000008002e14                HAL_Init
 .text.HAL_InitTick
                0x0000000008002e58       0x60 ./Drivers/STM32F2xx_HAL_Driver/Src/stm32f2xx_hal.o
                0x0000000008002e58                HAL_InitTick
 .text.HAL_IncTick
                0x0000000008002eb8       0x24 ./Drivers/STM32F2xx_HAL_Driver/Src/stm32f2xx_hal.o
                0x0000000008002eb8                HAL_IncTick
 .text.HAL_GetTick
                0x0000000008002edc       0x14 ./Drivers/STM32F2xx_HAL_Driver/Src/stm32f2xx_hal.o
                0x0000000008002edc                HAL_GetTick
 .text.HAL_ADC_Init
                0x0000000008002ef0       0x86 ./Drivers/STM32F2xx_HAL_Driver/Src/stm32f2xx_hal_adc.o
                0x0000000008002ef0                HAL_ADC_Init
 .text.HAL_ADC_IRQHandler
                0x0000000008002f76      0x282 ./Drivers/STM32F2xx_HAL_Driver/Src/stm32f2xx_hal_adc.o
                0x0000000008002f76                HAL_ADC_IRQHandler
 .text.HAL_ADC_Start_DMA
                0x00000000080031f8      0x1a4 ./Drivers/STM32F2xx_HAL_Driver/Src/stm32f2xx_hal_adc.o
                0x00000000080031f8                HAL_ADC_Start_DMA
 .text.HAL_ADC_ConvHalfCpltCallback
                0x000000000800339c       0x12 ./Drivers/STM32F2xx_HAL_Driver/Src/stm32f2xx_hal_adc.o
                0x000000000800339c                HAL_ADC_ConvHalfCpltCallback
 .text.HAL_ADC_LevelOutOfWindowCallback
                0x00000000080033ae       0x12 ./Drivers/STM32F2xx_HAL_Driver/Src/stm32f2xx_hal_adc.o
                0x00000000080033ae                HAL_ADC_LevelOutOfWindowCallback
 .text.HAL_ADC_ErrorCallback
                0x00000000080033c0       0x12 ./Drivers/STM32F2xx_HAL_Driver/Src/stm32f2xx_hal_adc.o
                0x00000000080033c0                HAL_ADC_ErrorCallback
 *fill*         0x00000000080033d2        0x2 
 .text.HAL_ADC_ConfigChannel
                0x00000000080033d4      0x240 ./Drivers/STM32F2xx_HAL_Driver/Src/stm32f2xx_hal_adc.o
                0x00000000080033d4                HAL_ADC_ConfigChannel
 .text.ADC_Init
                0x0000000008003614      0x208 ./Drivers/STM32F2xx_HAL_Driver/Src/stm32f2xx_hal_adc.o
 .text.ADC_DMAConvCplt
                0x000000000800381c       0xba ./Drivers/STM32F2xx_HAL_Driver/Src/stm32f2xx_hal_adc.o
 .text.ADC_DMAHalfConvCplt
                0x00000000080038d6       0x1c ./Drivers/STM32F2xx_HAL_Driver/Src/stm32f2xx_hal_adc.o
 .text.ADC_DMAError
                0x00000000080038f2       0x2e ./Drivers/STM32F2xx_HAL_Driver/Src/stm32f2xx_hal_adc.o
 .text.HAL_ADCEx_InjectedConvCpltCallback
                0x0000000008003920       0x12 ./Drivers/STM32F2xx_HAL_Driver/Src/stm32f2xx_hal_adc_ex.o
                0x0000000008003920                HAL_ADCEx_InjectedConvCpltCallback
 *fill*         0x0000000008003932        0x2 
 .text.__NVIC_SetPriorityGrouping
                0x0000000008003934       0x48 ./Drivers/STM32F2xx_HAL_Driver/Src/stm32f2xx_hal_cortex.o
 .text.__NVIC_GetPriorityGrouping
                0x000000000800397c       0x1c ./Drivers/STM32F2xx_HAL_Driver/Src/stm32f2xx_hal_cortex.o
 .text.__NVIC_EnableIRQ
                0x0000000008003998       0x38 ./Drivers/STM32F2xx_HAL_Driver/Src/stm32f2xx_hal_cortex.o
 .text.__NVIC_SetPriority
                0x00000000080039d0       0x54 ./Drivers/STM32F2xx_HAL_Driver/Src/stm32f2xx_hal_cortex.o
 .text.NVIC_EncodePriority
                0x0000000008003a24       0x64 ./Drivers/STM32F2xx_HAL_Driver/Src/stm32f2xx_hal_cortex.o
 .text.SysTick_Config
                0x0000000008003a88       0x44 ./Drivers/STM32F2xx_HAL_Driver/Src/stm32f2xx_hal_cortex.o
 .text.HAL_NVIC_SetPriorityGrouping
                0x0000000008003acc       0x16 ./Drivers/STM32F2xx_HAL_Driver/Src/stm32f2xx_hal_cortex.o
                0x0000000008003acc                HAL_NVIC_SetPriorityGrouping
 .text.HAL_NVIC_SetPriority
                0x0000000008003ae2       0x38 ./Drivers/STM32F2xx_HAL_Driver/Src/stm32f2xx_hal_cortex.o
                0x0000000008003ae2                HAL_NVIC_SetPriority
 .text.HAL_NVIC_EnableIRQ
                0x0000000008003b1a       0x1c ./Drivers/STM32F2xx_HAL_Driver/Src/stm32f2xx_hal_cortex.o
                0x0000000008003b1a                HAL_NVIC_EnableIRQ
 .text.HAL_SYSTICK_Config
                0x0000000008003b36       0x18 ./Drivers/STM32F2xx_HAL_Driver/Src/stm32f2xx_hal_cortex.o
                0x0000000008003b36                HAL_SYSTICK_Config
 *fill*         0x0000000008003b4e        0x2 
 .text.HAL_DMA_Init
                0x0000000008003b50      0x15c ./Drivers/STM32F2xx_HAL_Driver/Src/stm32f2xx_hal_dma.o
                0x0000000008003b50                HAL_DMA_Init
 .text.HAL_DMA_Start_IT
                0x0000000008003cac       0xb0 ./Drivers/STM32F2xx_HAL_Driver/Src/stm32f2xx_hal_dma.o
                0x0000000008003cac                HAL_DMA_Start_IT
 .text.HAL_DMA_Abort_IT
                0x0000000008003d5c       0x42 ./Drivers/STM32F2xx_HAL_Driver/Src/stm32f2xx_hal_dma.o
                0x0000000008003d5c                HAL_DMA_Abort_IT
 *fill*         0x0000000008003d9e        0x2 
 .text.HAL_DMA_IRQHandler
                0x0000000008003da0      0x314 ./Drivers/STM32F2xx_HAL_Driver/Src/stm32f2xx_hal_dma.o
                0x0000000008003da0                HAL_DMA_IRQHandler
 .text.HAL_DMA_GetState
                0x00000000080040b4       0x1a ./Drivers/STM32F2xx_HAL_Driver/Src/stm32f2xx_hal_dma.o
                0x00000000080040b4                HAL_DMA_GetState
 .text.DMA_SetConfig
                0x00000000080040ce       0x5a ./Drivers/STM32F2xx_HAL_Driver/Src/stm32f2xx_hal_dma.o
 .text.DMA_CalcBaseAndBitshift
                0x0000000008004128       0x68 ./Drivers/STM32F2xx_HAL_Driver/Src/stm32f2xx_hal_dma.o
 .text.DMA_CheckFifoParam
                0x0000000008004190       0xf4 ./Drivers/STM32F2xx_HAL_Driver/Src/stm32f2xx_hal_dma.o
 .text.HAL_GPIO_Init
                0x0000000008004284      0x33c ./Drivers/STM32F2xx_HAL_Driver/Src/stm32f2xx_hal_gpio.o
                0x0000000008004284                HAL_GPIO_Init
 .text.HAL_GPIO_ReadPin
                0x00000000080045c0       0x2e ./Drivers/STM32F2xx_HAL_Driver/Src/stm32f2xx_hal_gpio.o
                0x00000000080045c0                HAL_GPIO_ReadPin
 *fill*         0x00000000080045ee        0x2 
 .text.HAL_GPIO_EXTI_IRQHandler
                0x00000000080045f0       0x30 ./Drivers/STM32F2xx_HAL_Driver/Src/stm32f2xx_hal_gpio.o
                0x00000000080045f0                HAL_GPIO_EXTI_IRQHandler
 .text.HAL_I2C_Init
                0x0000000008004620      0x288 ./Drivers/STM32F2xx_HAL_Driver/Src/stm32f2xx_hal_i2c.o
                0x0000000008004620                HAL_I2C_Init
 .text.HAL_I2C_EV_IRQHandler
                0x00000000080048a8      0x2cc ./Drivers/STM32F2xx_HAL_Driver/Src/stm32f2xx_hal_i2c.o
                0x00000000080048a8                HAL_I2C_EV_IRQHandler
 .text.HAL_I2C_MasterTxCpltCallback
                0x0000000008004b74       0x12 ./Drivers/STM32F2xx_HAL_Driver/Src/stm32f2xx_hal_i2c.o
                0x0000000008004b74                HAL_I2C_MasterTxCpltCallback
 .text.HAL_I2C_MasterRxCpltCallback
                0x0000000008004b86       0x12 ./Drivers/STM32F2xx_HAL_Driver/Src/stm32f2xx_hal_i2c.o
                0x0000000008004b86                HAL_I2C_MasterRxCpltCallback
 .text.HAL_I2C_SlaveTxCpltCallback
                0x0000000008004b98       0x12 ./Drivers/STM32F2xx_HAL_Driver/Src/stm32f2xx_hal_i2c.o
                0x0000000008004b98                HAL_I2C_SlaveTxCpltCallback
 .text.HAL_I2C_SlaveRxCpltCallback
                0x0000000008004baa       0x12 ./Drivers/STM32F2xx_HAL_Driver/Src/stm32f2xx_hal_i2c.o
                0x0000000008004baa                HAL_I2C_SlaveRxCpltCallback
 .text.HAL_I2C_AddrCallback
                0x0000000008004bbc       0x1a ./Drivers/STM32F2xx_HAL_Driver/Src/stm32f2xx_hal_i2c.o
                0x0000000008004bbc                HAL_I2C_AddrCallback
 .text.HAL_I2C_ListenCpltCallback
                0x0000000008004bd6       0x12 ./Drivers/STM32F2xx_HAL_Driver/Src/stm32f2xx_hal_i2c.o
                0x0000000008004bd6                HAL_I2C_ListenCpltCallback
 .text.HAL_I2C_MemTxCpltCallback
                0x0000000008004be8       0x12 ./Drivers/STM32F2xx_HAL_Driver/Src/stm32f2xx_hal_i2c.o
                0x0000000008004be8                HAL_I2C_MemTxCpltCallback
 .text.HAL_I2C_MemRxCpltCallback
                0x0000000008004bfa       0x12 ./Drivers/STM32F2xx_HAL_Driver/Src/stm32f2xx_hal_i2c.o
                0x0000000008004bfa                HAL_I2C_MemRxCpltCallback
 .text.HAL_I2C_ErrorCallback
                0x0000000008004c0c       0x12 ./Drivers/STM32F2xx_HAL_Driver/Src/stm32f2xx_hal_i2c.o
                0x0000000008004c0c                HAL_I2C_ErrorCallback
 .text.HAL_I2C_AbortCpltCallback
                0x0000000008004c1e       0x12 ./Drivers/STM32F2xx_HAL_Driver/Src/stm32f2xx_hal_i2c.o
                0x0000000008004c1e                HAL_I2C_AbortCpltCallback
 .text.I2C_MasterTransmit_TXE
                0x0000000008004c30      0x138 ./Drivers/STM32F2xx_HAL_Driver/Src/stm32f2xx_hal_i2c.o
 .text.I2C_MasterTransmit_BTF
                0x0000000008004d68      0x100 ./Drivers/STM32F2xx_HAL_Driver/Src/stm32f2xx_hal_i2c.o
 .text.I2C_MemoryTransmit_TXE_BTF
                0x0000000008004e68       0xcc ./Drivers/STM32F2xx_HAL_Driver/Src/stm32f2xx_hal_i2c.o
 .text.I2C_MasterReceive_RXNE
                0x0000000008004f34      0x104 ./Drivers/STM32F2xx_HAL_Driver/Src/stm32f2xx_hal_i2c.o
 .text.I2C_MasterReceive_BTF
                0x0000000008005038      0x1d4 ./Drivers/STM32F2xx_HAL_Driver/Src/stm32f2xx_hal_i2c.o
 .text.I2C_Master_SB
                0x000000000800520c      0x10a ./Drivers/STM32F2xx_HAL_Driver/Src/stm32f2xx_hal_i2c.o
 .text.I2C_Master_ADD10
                0x0000000008005316       0x52 ./Drivers/STM32F2xx_HAL_Driver/Src/stm32f2xx_hal_i2c.o
 .text.I2C_Master_ADDR
                0x0000000008005368      0x320 ./Drivers/STM32F2xx_HAL_Driver/Src/stm32f2xx_hal_i2c.o
 .text.I2C_SlaveTransmit_TXE
                0x0000000008005688       0x7a ./Drivers/STM32F2xx_HAL_Driver/Src/stm32f2xx_hal_i2c.o
 .text.I2C_SlaveTransmit_BTF
                0x0000000008005702       0x40 ./Drivers/STM32F2xx_HAL_Driver/Src/stm32f2xx_hal_i2c.o
 .text.I2C_SlaveReceive_RXNE
                0x0000000008005742       0x7c ./Drivers/STM32F2xx_HAL_Driver/Src/stm32f2xx_hal_i2c.o
 .text.I2C_SlaveReceive_BTF
                0x00000000080057be       0x42 ./Drivers/STM32F2xx_HAL_Driver/Src/stm32f2xx_hal_i2c.o
 .text.I2C_Slave_ADDR
                0x0000000008005800       0x88 ./Drivers/STM32F2xx_HAL_Driver/Src/stm32f2xx_hal_i2c.o
 .text.I2C_Slave_STOPF
                0x0000000008005888      0x260 ./Drivers/STM32F2xx_HAL_Driver/Src/stm32f2xx_hal_i2c.o
 .text.I2C_ITError
                0x0000000008005ae8      0x25c ./Drivers/STM32F2xx_HAL_Driver/Src/stm32f2xx_hal_i2c.o
 .text.I2C_DMAAbort
                0x0000000008005d44       0xfe ./Drivers/STM32F2xx_HAL_Driver/Src/stm32f2xx_hal_i2c.o
 .text.I2C_ConvertOtherXferOptions
                0x0000000008005e42       0x34 ./Drivers/STM32F2xx_HAL_Driver/Src/stm32f2xx_hal_i2c.o
 *fill*         0x0000000008005e76        0x2 
 .text.HAL_RCC_OscConfig
                0x0000000008005e78      0x4d4 ./Drivers/STM32F2xx_HAL_Driver/Src/stm32f2xx_hal_rcc.o
                0x0000000008005e78                HAL_RCC_OscConfig
 .text.HAL_RCC_ClockConfig
                0x000000000800634c      0x1d8 ./Drivers/STM32F2xx_HAL_Driver/Src/stm32f2xx_hal_rcc.o
                0x000000000800634c                HAL_RCC_ClockConfig
 .text.HAL_RCC_GetSysClockFreq
                0x0000000008006524      0x1c4 ./Drivers/STM32F2xx_HAL_Driver/Src/stm32f2xx_hal_rcc.o
                0x0000000008006524                HAL_RCC_GetSysClockFreq
 .text.HAL_RCC_GetHCLKFreq
                0x00000000080066e8       0x14 ./Drivers/STM32F2xx_HAL_Driver/Src/stm32f2xx_hal_rcc.o
                0x00000000080066e8                HAL_RCC_GetHCLKFreq
 .text.HAL_RCC_GetPCLK1Freq
                0x00000000080066fc       0x44 ./Drivers/STM32F2xx_HAL_Driver/Src/stm32f2xx_hal_rcc.o
                0x00000000080066fc                HAL_RCC_GetPCLK1Freq
 .text.HAL_RCC_GetPCLK2Freq
                0x0000000008006740       0x44 ./Drivers/STM32F2xx_HAL_Driver/Src/stm32f2xx_hal_rcc.o
                0x0000000008006740                HAL_RCC_GetPCLK2Freq
 .text.HAL_TIM_Base_Init
                0x0000000008006784       0x56 ./Drivers/STM32F2xx_HAL_Driver/Src/stm32f2xx_hal_tim.o
                0x0000000008006784                HAL_TIM_Base_Init
 .text.HAL_TIM_Base_Start_IT
                0x00000000080067da       0x46 ./Drivers/STM32F2xx_HAL_Driver/Src/stm32f2xx_hal_tim.o
                0x00000000080067da                HAL_TIM_Base_Start_IT
 .text.HAL_TIM_OC_Init
                0x0000000008006820       0x56 ./Drivers/STM32F2xx_HAL_Driver/Src/stm32f2xx_hal_tim.o
                0x0000000008006820                HAL_TIM_OC_Init
 .text.HAL_TIM_OC_MspInit
                0x0000000008006876       0x12 ./Drivers/STM32F2xx_HAL_Driver/Src/stm32f2xx_hal_tim.o
                0x0000000008006876                HAL_TIM_OC_MspInit
 .text.HAL_TIM_PWM_Init
                0x0000000008006888       0x56 ./Drivers/STM32F2xx_HAL_Driver/Src/stm32f2xx_hal_tim.o
                0x0000000008006888                HAL_TIM_PWM_Init
 .text.HAL_TIM_PWM_MspInit
                0x00000000080068de       0x12 ./Drivers/STM32F2xx_HAL_Driver/Src/stm32f2xx_hal_tim.o
                0x00000000080068de                HAL_TIM_PWM_MspInit
 .text.HAL_TIM_PWM_Start
                0x00000000080068f0       0x7c ./Drivers/STM32F2xx_HAL_Driver/Src/stm32f2xx_hal_tim.o
                0x00000000080068f0                HAL_TIM_PWM_Start
 .text.HAL_TIM_PWM_Stop
                0x000000000800696c       0xb0 ./Drivers/STM32F2xx_HAL_Driver/Src/stm32f2xx_hal_tim.o
                0x000000000800696c                HAL_TIM_PWM_Stop
 .text.HAL_TIM_Encoder_Init
                0x0000000008006a1c      0x124 ./Drivers/STM32F2xx_HAL_Driver/Src/stm32f2xx_hal_tim.o
                0x0000000008006a1c                HAL_TIM_Encoder_Init
 .text.HAL_TIM_IRQHandler
                0x0000000008006b40      0x210 ./Drivers/STM32F2xx_HAL_Driver/Src/stm32f2xx_hal_tim.o
                0x0000000008006b40                HAL_TIM_IRQHandler
 .text.HAL_TIM_OC_ConfigChannel
                0x0000000008006d50       0xc0 ./Drivers/STM32F2xx_HAL_Driver/Src/stm32f2xx_hal_tim.o
                0x0000000008006d50                HAL_TIM_OC_ConfigChannel
 .text.HAL_TIM_PWM_ConfigChannel
                0x0000000008006e10      0x18c ./Drivers/STM32F2xx_HAL_Driver/Src/stm32f2xx_hal_tim.o
                0x0000000008006e10                HAL_TIM_PWM_ConfigChannel
 .text.HAL_TIM_ConfigClockSource
                0x0000000008006f9c      0x188 ./Drivers/STM32F2xx_HAL_Driver/Src/stm32f2xx_hal_tim.o
                0x0000000008006f9c                HAL_TIM_ConfigClockSource
 .text.HAL_TIM_OC_DelayElapsedCallback
                0x0000000008007124       0x12 ./Drivers/STM32F2xx_HAL_Driver/Src/stm32f2xx_hal_tim.o
                0x0000000008007124                HAL_TIM_OC_DelayElapsedCallback
 .text.HAL_TIM_IC_CaptureCallback
                0x0000000008007136       0x12 ./Drivers/STM32F2xx_HAL_Driver/Src/stm32f2xx_hal_tim.o
                0x0000000008007136                HAL_TIM_IC_CaptureCallback
 .text.HAL_TIM_PWM_PulseFinishedCallback
                0x0000000008007148       0x12 ./Drivers/STM32F2xx_HAL_Driver/Src/stm32f2xx_hal_tim.o
                0x0000000008007148                HAL_TIM_PWM_PulseFinishedCallback
 .text.HAL_TIM_TriggerCallback
                0x000000000800715a       0x12 ./Drivers/STM32F2xx_HAL_Driver/Src/stm32f2xx_hal_tim.o
                0x000000000800715a                HAL_TIM_TriggerCallback
 .text.TIM_Base_SetConfig
                0x000000000800716c      0x13c ./Drivers/STM32F2xx_HAL_Driver/Src/stm32f2xx_hal_tim.o
                0x000000000800716c                TIM_Base_SetConfig
 .text.TIM_OC1_SetConfig
                0x00000000080072a8       0xe0 ./Drivers/STM32F2xx_HAL_Driver/Src/stm32f2xx_hal_tim.o
 .text.TIM_OC2_SetConfig
                0x0000000008007388       0xe8 ./Drivers/STM32F2xx_HAL_Driver/Src/stm32f2xx_hal_tim.o
                0x0000000008007388                TIM_OC2_SetConfig
 .text.TIM_OC3_SetConfig
                0x0000000008007470       0xe8 ./Drivers/STM32F2xx_HAL_Driver/Src/stm32f2xx_hal_tim.o
 .text.TIM_OC4_SetConfig
                0x0000000008007558       0xa8 ./Drivers/STM32F2xx_HAL_Driver/Src/stm32f2xx_hal_tim.o
 .text.TIM_TI1_ConfigInputStage
                0x0000000008007600       0x5c ./Drivers/STM32F2xx_HAL_Driver/Src/stm32f2xx_hal_tim.o
 .text.TIM_TI2_ConfigInputStage
                0x000000000800765c       0x5e ./Drivers/STM32F2xx_HAL_Driver/Src/stm32f2xx_hal_tim.o
 .text.TIM_ITRx_SetConfig
                0x00000000080076ba       0x34 ./Drivers/STM32F2xx_HAL_Driver/Src/stm32f2xx_hal_tim.o
 .text.TIM_ETR_SetConfig
                0x00000000080076ee       0x3e ./Drivers/STM32F2xx_HAL_Driver/Src/stm32f2xx_hal_tim.o
                0x00000000080076ee                TIM_ETR_SetConfig
 .text.TIM_CCxChannelCmd
                0x000000000800772c       0x48 ./Drivers/STM32F2xx_HAL_Driver/Src/stm32f2xx_hal_tim.o
                0x000000000800772c                TIM_CCxChannelCmd
 .text.HAL_TIMEx_PWMN_Start
                0x0000000008007774       0x54 ./Drivers/STM32F2xx_HAL_Driver/Src/stm32f2xx_hal_tim_ex.o
                0x0000000008007774                HAL_TIMEx_PWMN_Start
 .text.HAL_TIMEx_PWMN_Stop
                0x00000000080077c8       0x82 ./Drivers/STM32F2xx_HAL_Driver/Src/stm32f2xx_hal_tim_ex.o
                0x00000000080077c8                HAL_TIMEx_PWMN_Stop
 .text.HAL_TIMEx_MasterConfigSynchronization
                0x000000000800784a       0x88 ./Drivers/STM32F2xx_HAL_Driver/Src/stm32f2xx_hal_tim_ex.o
                0x000000000800784a                HAL_TIMEx_MasterConfigSynchronization
 .text.HAL_TIMEx_ConfigBreakDeadTime
                0x00000000080078d2       0xa2 ./Drivers/STM32F2xx_HAL_Driver/Src/stm32f2xx_hal_tim_ex.o
                0x00000000080078d2                HAL_TIMEx_ConfigBreakDeadTime
 .text.HAL_TIMEx_CommutCallback
                0x0000000008007974       0x12 ./Drivers/STM32F2xx_HAL_Driver/Src/stm32f2xx_hal_tim_ex.o
                0x0000000008007974                HAL_TIMEx_CommutCallback
 .text.HAL_TIMEx_BreakCallback
                0x0000000008007986       0x12 ./Drivers/STM32F2xx_HAL_Driver/Src/stm32f2xx_hal_tim_ex.o
                0x0000000008007986                HAL_TIMEx_BreakCallback
 .text.TIM_CCxNChannelCmd
                0x0000000008007998       0x48 ./Drivers/STM32F2xx_HAL_Driver/Src/stm32f2xx_hal_tim_ex.o
 .text.HAL_UART_Init
                0x00000000080079e0       0x9a ./Drivers/STM32F2xx_HAL_Driver/Src/stm32f2xx_hal_uart.o
                0x00000000080079e0                HAL_UART_Init
 *fill*         0x0000000008007a7a        0x2 
 .text.HAL_UART_IRQHandler
                0x0000000008007a7c      0x200 ./Drivers/STM32F2xx_HAL_Driver/Src/stm32f2xx_hal_uart.o
                0x0000000008007a7c                HAL_UART_IRQHandler
 .text.HAL_UART_TxCpltCallback
                0x0000000008007c7c       0x12 ./Drivers/STM32F2xx_HAL_Driver/Src/stm32f2xx_hal_uart.o
                0x0000000008007c7c                HAL_UART_TxCpltCallback
 .text.HAL_UART_RxCpltCallback
                0x0000000008007c8e       0x12 ./Drivers/STM32F2xx_HAL_Driver/Src/stm32f2xx_hal_uart.o
                0x0000000008007c8e                HAL_UART_RxCpltCallback
 .text.HAL_UART_ErrorCallback
                0x0000000008007ca0       0x12 ./Drivers/STM32F2xx_HAL_Driver/Src/stm32f2xx_hal_uart.o
                0x0000000008007ca0                HAL_UART_ErrorCallback
 .text.UART_EndRxTransfer
                0x0000000008007cb2       0x3a ./Drivers/STM32F2xx_HAL_Driver/Src/stm32f2xx_hal_uart.o
 .text.UART_DMAAbortOnError
                0x0000000008007cec       0x28 ./Drivers/STM32F2xx_HAL_Driver/Src/stm32f2xx_hal_uart.o
 .text.UART_Transmit_IT
                0x0000000008007d14       0xaa ./Drivers/STM32F2xx_HAL_Driver/Src/stm32f2xx_hal_uart.o
 .text.UART_EndTransmit_IT
                0x0000000008007dbe       0x30 ./Drivers/STM32F2xx_HAL_Driver/Src/stm32f2xx_hal_uart.o
 .text.UART_Receive_IT
                0x0000000008007dee      0x102 ./Drivers/STM32F2xx_HAL_Driver/Src/stm32f2xx_hal_uart.o
 .text.UART_SetConfig
                0x0000000008007ef0      0x328 ./Drivers/STM32F2xx_HAL_Driver/Src/stm32f2xx_hal_uart.o
 .text.__libc_init_array
                0x0000000008008218       0x48 c:/programs/stm32cubeide_1.7.0/stm32cubeide/plugins/com.st.stm32cube.ide.mcu.externaltools.gnu-tools-for-stm32.9-2020-q2-update.win32_2.0.0.202105311346/tools/bin/../lib/gcc/arm-none-eabi/9.3.1/../../../../arm-none-eabi/lib/thumb/v7-m/nofp\libc_nano.a(lib_a-init.o)
                0x0000000008008218                __libc_init_array
 .text.memset   0x0000000008008260       0x10 c:/programs/stm32cubeide_1.7.0/stm32cubeide/plugins/com.st.stm32cube.ide.mcu.externaltools.gnu-tools-for-stm32.9-2020-q2-update.win32_2.0.0.202105311346/tools/bin/../lib/gcc/arm-none-eabi/9.3.1/../../../../arm-none-eabi/lib/thumb/v7-m/nofp\libc_nano.a(lib_a-memset.o)
                0x0000000008008260                memset
 .text.sin      0x0000000008008270       0x8c c:/programs/stm32cubeide_1.7.0/stm32cubeide/plugins/com.st.stm32cube.ide.mcu.externaltools.gnu-tools-for-stm32.9-2020-q2-update.win32_2.0.0.202105311346/tools/bin/../lib/gcc/arm-none-eabi/9.3.1/../../../../arm-none-eabi/lib/thumb/v7-m/nofp\libm.a(lib_a-s_sin.o)
                0x0000000008008270                sin
 *fill*         0x00000000080082fc        0x4 
 .text.__ieee754_rem_pio2
                0x0000000008008300      0x3e0 c:/programs/stm32cubeide_1.7.0/stm32cubeide/plugins/com.st.stm32cube.ide.mcu.externaltools.gnu-tools-for-stm32.9-2020-q2-update.win32_2.0.0.202105311346/tools/bin/../lib/gcc/arm-none-eabi/9.3.1/../../../../arm-none-eabi/lib/thumb/v7-m/nofp\libm.a(lib_a-e_rem_pio2.o)
                0x0000000008008300                __ieee754_rem_pio2
 .text.__kernel_cos
                0x00000000080086e0      0x17c c:/programs/stm32cubeide_1.7.0/stm32cubeide/plugins/com.st.stm32cube.ide.mcu.externaltools.gnu-tools-for-stm32.9-2020-q2-update.win32_2.0.0.202105311346/tools/bin/../lib/gcc/arm-none-eabi/9.3.1/../../../../arm-none-eabi/lib/thumb/v7-m/nofp\libm.a(lib_a-k_cos.o)
                0x00000000080086e0                __kernel_cos
 .text.__kernel_rem_pio2
                0x000000000800885c      0x690 c:/programs/stm32cubeide_1.7.0/stm32cubeide/plugins/com.st.stm32cube.ide.mcu.externaltools.gnu-tools-for-stm32.9-2020-q2-update.win32_2.0.0.202105311346/tools/bin/../lib/gcc/arm-none-eabi/9.3.1/../../../../arm-none-eabi/lib/thumb/v7-m/nofp\libm.a(lib_a-k_rem_pio2.o)
                0x000000000800885c                __kernel_rem_pio2
 *fill*         0x0000000008008eec        0x4 
 .text.__kernel_sin
                0x0000000008008ef0      0x16c c:/programs/stm32cubeide_1.7.0/stm32cubeide/plugins/com.st.stm32cube.ide.mcu.externaltools.gnu-tools-for-stm32.9-2020-q2-update.win32_2.0.0.202105311346/tools/bin/../lib/gcc/arm-none-eabi/9.3.1/../../../../arm-none-eabi/lib/thumb/v7-m/nofp\libm.a(lib_a-k_sin.o)
                0x0000000008008ef0                __kernel_sin
 .text.fabs     0x000000000800905c        0x6 c:/programs/stm32cubeide_1.7.0/stm32cubeide/plugins/com.st.stm32cube.ide.mcu.externaltools.gnu-tools-for-stm32.9-2020-q2-update.win32_2.0.0.202105311346/tools/bin/../lib/gcc/arm-none-eabi/9.3.1/../../../../arm-none-eabi/lib/thumb/v7-m/nofp\libm.a(lib_a-s_fabs.o)
                0x000000000800905c                fabs
 *fill*         0x0000000008009062        0x6 
 .text.floor    0x0000000008009068      0x100 c:/programs/stm32cubeide_1.7.0/stm32cubeide/plugins/com.st.stm32cube.ide.mcu.externaltools.gnu-tools-for-stm32.9-2020-q2-update.win32_2.0.0.202105311346/tools/bin/../lib/gcc/arm-none-eabi/9.3.1/../../../../arm-none-eabi/lib/thumb/v7-m/nofp\libm.a(lib_a-s_floor.o)
                0x0000000008009068                floor
 .text.scalbn   0x0000000008009168      0x10c c:/programs/stm32cubeide_1.7.0/stm32cubeide/plugins/com.st.stm32cube.ide.mcu.externaltools.gnu-tools-for-stm32.9-2020-q2-update.win32_2.0.0.202105311346/tools/bin/../lib/gcc/arm-none-eabi/9.3.1/../../../../arm-none-eabi/lib/thumb/v7-m/nofp\libm.a(lib_a-s_scalbn.o)
                0x0000000008009168                scalbn
 *(.glue_7)
 .glue_7        0x0000000008009274        0x0 linker stubs
 *(.glue_7t)
 .glue_7t       0x0000000008009274        0x0 linker stubs
 *(.eh_frame)
 .eh_frame      0x0000000008009274        0x0 c:/programs/stm32cubeide_1.7.0/stm32cubeide/plugins/com.st.stm32cube.ide.mcu.externaltools.gnu-tools-for-stm32.9-2020-q2-update.win32_2.0.0.202105311346/tools/bin/../lib/gcc/arm-none-eabi/9.3.1/thumb/v7-m/nofp/crtbegin.o
 *(.init)
 .init          0x0000000008009274        0x4 c:/programs/stm32cubeide_1.7.0/stm32cubeide/plugins/com.st.stm32cube.ide.mcu.externaltools.gnu-tools-for-stm32.9-2020-q2-update.win32_2.0.0.202105311346/tools/bin/../lib/gcc/arm-none-eabi/9.3.1/thumb/v7-m/nofp/crti.o
                0x0000000008009274                _init
 .init          0x0000000008009278        0x8 c:/programs/stm32cubeide_1.7.0/stm32cubeide/plugins/com.st.stm32cube.ide.mcu.externaltools.gnu-tools-for-stm32.9-2020-q2-update.win32_2.0.0.202105311346/tools/bin/../lib/gcc/arm-none-eabi/9.3.1/thumb/v7-m/nofp/crtn.o
 *(.fini)
 .fini          0x0000000008009280        0x4 c:/programs/stm32cubeide_1.7.0/stm32cubeide/plugins/com.st.stm32cube.ide.mcu.externaltools.gnu-tools-for-stm32.9-2020-q2-update.win32_2.0.0.202105311346/tools/bin/../lib/gcc/arm-none-eabi/9.3.1/thumb/v7-m/nofp/crti.o
                0x0000000008009280                _fini
 .fini          0x0000000008009284        0x8 c:/programs/stm32cubeide_1.7.0/stm32cubeide/plugins/com.st.stm32cube.ide.mcu.externaltools.gnu-tools-for-stm32.9-2020-q2-update.win32_2.0.0.202105311346/tools/bin/../lib/gcc/arm-none-eabi/9.3.1/thumb/v7-m/nofp/crtn.o
                0x000000000800928c                . = ALIGN (0x4)
                0x000000000800928c                _etext = .

.vfp11_veneer   0x000000000800928c        0x0
 .vfp11_veneer  0x000000000800928c        0x0 linker stubs

.v4_bx          0x000000000800928c        0x0
 .v4_bx         0x000000000800928c        0x0 linker stubs

.iplt           0x000000000800928c        0x0
 .iplt          0x000000000800928c        0x0 c:/programs/stm32cubeide_1.7.0/stm32cubeide/plugins/com.st.stm32cube.ide.mcu.externaltools.gnu-tools-for-stm32.9-2020-q2-update.win32_2.0.0.202105311346/tools/bin/../lib/gcc/arm-none-eabi/9.3.1/thumb/v7-m/nofp/crtbegin.o

.rodata         0x0000000008009290      0x1f8
                0x0000000008009290                . = ALIGN (0x4)
 *(.rodata)
 *(.rodata*)
 .rodata.AHBPrescTable
                0x0000000008009290       0x10 ./Core/Src/system_stm32f2xx.o
                0x0000000008009290                AHBPrescTable
 .rodata.APBPrescTable
                0x00000000080092a0        0x8 ./Core/Src/system_stm32f2xx.o
                0x00000000080092a0                APBPrescTable
 .rodata.flagBitshiftOffset.6932
                0x00000000080092a8        0x8 ./Drivers/STM32F2xx_HAL_Driver/Src/stm32f2xx_hal_dma.o
 .rodata.npio2_hw
                0x00000000080092b0       0x80 c:/programs/stm32cubeide_1.7.0/stm32cubeide/plugins/com.st.stm32cube.ide.mcu.externaltools.gnu-tools-for-stm32.9-2020-q2-update.win32_2.0.0.202105311346/tools/bin/../lib/gcc/arm-none-eabi/9.3.1/../../../../arm-none-eabi/lib/thumb/v7-m/nofp\libm.a(lib_a-e_rem_pio2.o)
 .rodata.two_over_pi
                0x0000000008009330      0x108 c:/programs/stm32cubeide_1.7.0/stm32cubeide/plugins/com.st.stm32cube.ide.mcu.externaltools.gnu-tools-for-stm32.9-2020-q2-update.win32_2.0.0.202105311346/tools/bin/../lib/gcc/arm-none-eabi/9.3.1/../../../../arm-none-eabi/lib/thumb/v7-m/nofp\libm.a(lib_a-e_rem_pio2.o)
 .rodata.PIo2   0x0000000008009438       0x40 c:/programs/stm32cubeide_1.7.0/stm32cubeide/plugins/com.st.stm32cube.ide.mcu.externaltools.gnu-tools-for-stm32.9-2020-q2-update.win32_2.0.0.202105311346/tools/bin/../lib/gcc/arm-none-eabi/9.3.1/../../../../arm-none-eabi/lib/thumb/v7-m/nofp\libm.a(lib_a-k_rem_pio2.o)
 .rodata.init_jk
                0x0000000008009478       0x10 c:/programs/stm32cubeide_1.7.0/stm32cubeide/plugins/com.st.stm32cube.ide.mcu.externaltools.gnu-tools-for-stm32.9-2020-q2-update.win32_2.0.0.202105311346/tools/bin/../lib/gcc/arm-none-eabi/9.3.1/../../../../arm-none-eabi/lib/thumb/v7-m/nofp\libm.a(lib_a-k_rem_pio2.o)
                0x0000000008009488                . = ALIGN (0x4)

.ARM.extab      0x0000000008009488        0x0
                0x0000000008009488                . = ALIGN (0x4)
 *(.ARM.extab* .gnu.linkonce.armextab.*)
                0x0000000008009488                . = ALIGN (0x4)

.ARM            0x0000000008009488        0x8
                0x0000000008009488                . = ALIGN (0x4)
                0x0000000008009488                __exidx_start = .
 *(.ARM.exidx*)
 .ARM.exidx     0x0000000008009488        0x8 c:/programs/stm32cubeide_1.7.0/stm32cubeide/plugins/com.st.stm32cube.ide.mcu.externaltools.gnu-tools-for-stm32.9-2020-q2-update.win32_2.0.0.202105311346/tools/bin/../lib/gcc/arm-none-eabi/9.3.1/thumb/v7-m/nofp\libgcc.a(_udivmoddi4.o)
                0x0000000008009490                __exidx_end = .
                0x0000000008009490                . = ALIGN (0x4)

.rel.dyn        0x0000000008009490        0x0
 .rel.iplt      0x0000000008009490        0x0 c:/programs/stm32cubeide_1.7.0/stm32cubeide/plugins/com.st.stm32cube.ide.mcu.externaltools.gnu-tools-for-stm32.9-2020-q2-update.win32_2.0.0.202105311346/tools/bin/../lib/gcc/arm-none-eabi/9.3.1/thumb/v7-m/nofp/crtbegin.o

.preinit_array  0x0000000008009490        0x0
                0x0000000008009490                . = ALIGN (0x4)
                0x0000000008009490                PROVIDE (__preinit_array_start = .)
 *(.preinit_array*)
                0x0000000008009490                PROVIDE (__preinit_array_end = .)
                0x0000000008009490                . = ALIGN (0x4)

.init_array     0x0000000008009490        0x4
                0x0000000008009490                . = ALIGN (0x4)
                0x0000000008009490                PROVIDE (__init_array_start = .)
 *(SORT_BY_NAME(.init_array.*))
 *(.init_array*)
 .init_array    0x0000000008009490        0x4 c:/programs/stm32cubeide_1.7.0/stm32cubeide/plugins/com.st.stm32cube.ide.mcu.externaltools.gnu-tools-for-stm32.9-2020-q2-update.win32_2.0.0.202105311346/tools/bin/../lib/gcc/arm-none-eabi/9.3.1/thumb/v7-m/nofp/crtbegin.o
                0x0000000008009494                PROVIDE (__init_array_end = .)
                0x0000000008009494                . = ALIGN (0x4)

.fini_array     0x0000000008009494        0x4
                0x0000000008009494                . = ALIGN (0x4)
                [!provide]                        PROVIDE (__fini_array_start = .)
 *(SORT_BY_NAME(.fini_array.*))
 *(.fini_array*)
 .fini_array    0x0000000008009494        0x4 c:/programs/stm32cubeide_1.7.0/stm32cubeide/plugins/com.st.stm32cube.ide.mcu.externaltools.gnu-tools-for-stm32.9-2020-q2-update.win32_2.0.0.202105311346/tools/bin/../lib/gcc/arm-none-eabi/9.3.1/thumb/v7-m/nofp/crtbegin.o
                [!provide]                        PROVIDE (__fini_array_end = .)
                0x0000000008009498                . = ALIGN (0x4)
                0x0000000008009498                _sidata = LOADADDR (.data)

.data           0x0000000020000000       0x20 load address 0x0000000008009498
                0x0000000020000000                . = ALIGN (0x4)
                0x0000000020000000                _sdata = .
 *(.data)
 *(.data*)
 .data.pwm      0x0000000020000000        0x2 ./Core/Src/MotorControl.o
                0x0000000020000000                pwm
 *fill*         0x0000000020000002        0x2 
 .data.TIME_INTERVAL_MS
                0x0000000020000004        0x4 ./Core/Src/MotorControl.o
                0x0000000020000004                TIME_INTERVAL_MS
 .data.targetRPM
                0x0000000020000008        0x4 ./Core/Src/MotorControl.o
                0x0000000020000008                targetRPM
 .data.offset   0x000000002000000c        0x4 ./Core/Src/MotorControl.o
                0x000000002000000c                offset
 .data.Sensitivity_I
                0x0000000020000010        0x4 ./Core/Src/MotorControl.o
                0x0000000020000010                Sensitivity_I
 .data.SystemCoreClock
                0x0000000020000014        0x4 ./Core/Src/system_stm32f2xx.o
                0x0000000020000014                SystemCoreClock
 .data.uwTickPrio
                0x0000000020000018        0x4 ./Drivers/STM32F2xx_HAL_Driver/Src/stm32f2xx_hal.o
                0x0000000020000018                uwTickPrio
 .data.uwTickFreq
                0x000000002000001c        0x1 ./Drivers/STM32F2xx_HAL_Driver/Src/stm32f2xx_hal.o
                0x000000002000001c                uwTickFreq
 *(.RamFunc)
 *(.RamFunc*)
                0x0000000020000020                . = ALIGN (0x4)
 *fill*         0x000000002000001d        0x3 
                0x0000000020000020                _edata = .

.igot.plt       0x0000000020000020        0x0 load address 0x00000000080094b8
 .igot.plt      0x0000000020000020        0x0 c:/programs/stm32cubeide_1.7.0/stm32cubeide/plugins/com.st.stm32cube.ide.mcu.externaltools.gnu-tools-for-stm32.9-2020-q2-update.win32_2.0.0.202105311346/tools/bin/../lib/gcc/arm-none-eabi/9.3.1/thumb/v7-m/nofp/crtbegin.o
                0x0000000020000020                . = ALIGN (0x4)

.bss            0x0000000020000020      0x324 load address 0x00000000080094b8
                0x0000000020000020                _sbss = .
                0x0000000020000020                __bss_start__ = _sbss
 *(.bss)
 .bss           0x0000000020000020       0x1c c:/programs/stm32cubeide_1.7.0/stm32cubeide/plugins/com.st.stm32cube.ide.mcu.externaltools.gnu-tools-for-stm32.9-2020-q2-update.win32_2.0.0.202105311346/tools/bin/../lib/gcc/arm-none-eabi/9.3.1/thumb/v7-m/nofp/crtbegin.o
 *(.bss*)
 .bss.step      0x000000002000003c        0x1 ./Core/Src/MotorControl.o
                0x000000002000003c                step
 .bss.START_FLAG
                0x000000002000003d        0x1 ./Core/Src/MotorControl.o
                0x000000002000003d                START_FLAG
 *fill*         0x000000002000003e        0x2 
 .bss.currentSpeed
                0x0000000020000040        0x4 ./Core/Src/MotorControl.o
                0x0000000020000040                currentSpeed
 .bss.pid_time  0x0000000020000044        0x4 ./Core/Src/MotorControl.o
                0x0000000020000044                pid_time
 .bss.cnt_hall  0x0000000020000048        0x2 ./Core/Src/MotorControl.o
                0x0000000020000048                cnt_hall
 *fill*         0x000000002000004a        0x2 
 .bss.currnetAngle
                0x000000002000004c        0x4 ./Core/Src/MotorControl.o
                0x000000002000004c                currnetAngle
 .bss.angle     0x0000000020000050        0x4 ./Core/Src/MotorControl.o
                0x0000000020000050                angle
 .bss.result1   0x0000000020000054        0x4 ./Core/Src/MotorControl.o
                0x0000000020000054                result1
 .bss.result2   0x0000000020000058        0x4 ./Core/Src/MotorControl.o
                0x0000000020000058                result2
 .bss.result3   0x000000002000005c        0x4 ./Core/Src/MotorControl.o
                0x000000002000005c                result3
 .bss.summ      0x0000000020000060        0x4 ./Core/Src/MotorControl.o
                0x0000000020000060                summ
 *(COMMON)
 COMMON         0x0000000020000064       0x40 ./Core/Src/MotorControl.o
                0x0000000020000064                rawValues
                0x000000002000006c                derivative
                0x0000000020000070                Ki
                0x0000000020000074                U_PWM
                0x0000000020000078                V_PWM
                0x000000002000007c                hal_U
                0x0000000020000080                W_PWM
                0x0000000020000084                hal_V
                0x0000000020000088                lastError
                0x000000002000008c                hal_W
                0x0000000020000090                Kd
                0x0000000020000094                error
                0x0000000020000098                Kp
                0x000000002000009c                lastMode
                0x00000000200000a0                integral
 COMMON         0x00000000200000a4      0x29c ./Core/Src/main.o
                0x00000000200000a4                hdma_i2c3_tx
                0x0000000020000104                hi2c3
                0x0000000020000158                htim8
                0x0000000020000198                htim4
                0x00000000200001d8                huart3
                0x0000000020000218                hadc1
                0x0000000020000260                hdma_adc1
                0x00000000200002c0                htim1
                0x0000000020000300                htim14
 COMMON         0x0000000020000340        0x4 ./Drivers/STM32F2xx_HAL_Driver/Src/stm32f2xx_hal.o
                0x0000000020000340                uwTick
                0x0000000020000344                . = ALIGN (0x4)
                0x0000000020000344                _ebss = .
                0x0000000020000344                __bss_end__ = _ebss

._user_heap_stack
                0x0000000020000344      0x604 load address 0x00000000080094b8
                0x0000000020000348                . = ALIGN (0x8)
 *fill*         0x0000000020000344        0x4 
                [!provide]                        PROVIDE (end = .)
                0x0000000020000348                PROVIDE (_end = .)
                0x0000000020000548                . = (. + _Min_Heap_Size)
 *fill*         0x0000000020000348      0x200 
                0x0000000020000948                . = (. + _Min_Stack_Size)
 *fill*         0x0000000020000548      0x400 
                0x0000000020000948                . = ALIGN (0x8)

/DISCARD/
 libc.a(*)
 libm.a(*)
 libgcc.a(*)

.ARM.attributes
                0x0000000000000000       0x29
 *(.ARM.attributes)
 .ARM.attributes
                0x0000000000000000       0x1d c:/programs/stm32cubeide_1.7.0/stm32cubeide/plugins/com.st.stm32cube.ide.mcu.externaltools.gnu-tools-for-stm32.9-2020-q2-update.win32_2.0.0.202105311346/tools/bin/../lib/gcc/arm-none-eabi/9.3.1/thumb/v7-m/nofp/crti.o
 .ARM.attributes
                0x000000000000001d       0x2d c:/programs/stm32cubeide_1.7.0/stm32cubeide/plugins/com.st.stm32cube.ide.mcu.externaltools.gnu-tools-for-stm32.9-2020-q2-update.win32_2.0.0.202105311346/tools/bin/../lib/gcc/arm-none-eabi/9.3.1/thumb/v7-m/nofp/crtbegin.o
 .ARM.attributes
                0x000000000000004a       0x2d ./Core/Src/MotorControl.o
 .ARM.attributes
                0x0000000000000077       0x2d ./Core/Src/main.o
 .ARM.attributes
                0x00000000000000a4       0x2d ./Core/Src/stm32f2xx_hal_msp.o
 .ARM.attributes
                0x00000000000000d1       0x2d ./Core/Src/stm32f2xx_it.o
 .ARM.attributes
                0x00000000000000fe       0x2d ./Core/Src/system_stm32f2xx.o
 .ARM.attributes
                0x000000000000012b       0x21 ./Core/Startup/startup_stm32f207vetx.o
 .ARM.attributes
                0x000000000000014c       0x2d ./Drivers/STM32F2xx_HAL_Driver/Src/stm32f2xx_hal.o
 .ARM.attributes
                0x0000000000000179       0x2d ./Drivers/STM32F2xx_HAL_Driver/Src/stm32f2xx_hal_adc.o
 .ARM.attributes
                0x00000000000001a6       0x2d ./Drivers/STM32F2xx_HAL_Driver/Src/stm32f2xx_hal_adc_ex.o
 .ARM.attributes
                0x00000000000001d3       0x2d ./Drivers/STM32F2xx_HAL_Driver/Src/stm32f2xx_hal_cortex.o
 .ARM.attributes
                0x0000000000000200       0x2d ./Drivers/STM32F2xx_HAL_Driver/Src/stm32f2xx_hal_dma.o
 .ARM.attributes
                0x000000000000022d       0x2d ./Drivers/STM32F2xx_HAL_Driver/Src/stm32f2xx_hal_gpio.o
 .ARM.attributes
                0x000000000000025a       0x2d ./Drivers/STM32F2xx_HAL_Driver/Src/stm32f2xx_hal_i2c.o
 .ARM.attributes
                0x0000000000000287       0x2d ./Drivers/STM32F2xx_HAL_Driver/Src/stm32f2xx_hal_rcc.o
 .ARM.attributes
                0x00000000000002b4       0x2d ./Drivers/STM32F2xx_HAL_Driver/Src/stm32f2xx_hal_tim.o
 .ARM.attributes
                0x00000000000002e1       0x2d ./Drivers/STM32F2xx_HAL_Driver/Src/stm32f2xx_hal_tim_ex.o
 .ARM.attributes
                0x000000000000030e       0x2d ./Drivers/STM32F2xx_HAL_Driver/Src/stm32f2xx_hal_uart.o
 .ARM.attributes
                0x000000000000033b       0x2d c:/programs/stm32cubeide_1.7.0/stm32cubeide/plugins/com.st.stm32cube.ide.mcu.externaltools.gnu-tools-for-stm32.9-2020-q2-update.win32_2.0.0.202105311346/tools/bin/../lib/gcc/arm-none-eabi/9.3.1/../../../../arm-none-eabi/lib/thumb/v7-m/nofp\libc_nano.a(lib_a-init.o)
 .ARM.attributes
                0x0000000000000368       0x2d c:/programs/stm32cubeide_1.7.0/stm32cubeide/plugins/com.st.stm32cube.ide.mcu.externaltools.gnu-tools-for-stm32.9-2020-q2-update.win32_2.0.0.202105311346/tools/bin/../lib/gcc/arm-none-eabi/9.3.1/../../../../arm-none-eabi/lib/thumb/v7-m/nofp\libc_nano.a(lib_a-memset.o)
 .ARM.attributes
                0x0000000000000395       0x2d c:/programs/stm32cubeide_1.7.0/stm32cubeide/plugins/com.st.stm32cube.ide.mcu.externaltools.gnu-tools-for-stm32.9-2020-q2-update.win32_2.0.0.202105311346/tools/bin/../lib/gcc/arm-none-eabi/9.3.1/../../../../arm-none-eabi/lib/thumb/v7-m/nofp\libm.a(lib_a-s_sin.o)
 .ARM.attributes
                0x00000000000003c2       0x2d c:/programs/stm32cubeide_1.7.0/stm32cubeide/plugins/com.st.stm32cube.ide.mcu.externaltools.gnu-tools-for-stm32.9-2020-q2-update.win32_2.0.0.202105311346/tools/bin/../lib/gcc/arm-none-eabi/9.3.1/../../../../arm-none-eabi/lib/thumb/v7-m/nofp\libm.a(lib_a-e_rem_pio2.o)
 .ARM.attributes
                0x00000000000003ef       0x2d c:/programs/stm32cubeide_1.7.0/stm32cubeide/plugins/com.st.stm32cube.ide.mcu.externaltools.gnu-tools-for-stm32.9-2020-q2-update.win32_2.0.0.202105311346/tools/bin/../lib/gcc/arm-none-eabi/9.3.1/../../../../arm-none-eabi/lib/thumb/v7-m/nofp\libm.a(lib_a-k_cos.o)
 .ARM.attributes
                0x000000000000041c       0x2d c:/programs/stm32cubeide_1.7.0/stm32cubeide/plugins/com.st.stm32cube.ide.mcu.externaltools.gnu-tools-for-stm32.9-2020-q2-update.win32_2.0.0.202105311346/tools/bin/../lib/gcc/arm-none-eabi/9.3.1/../../../../arm-none-eabi/lib/thumb/v7-m/nofp\libm.a(lib_a-k_rem_pio2.o)
 .ARM.attributes
                0x0000000000000449       0x2d c:/programs/stm32cubeide_1.7.0/stm32cubeide/plugins/com.st.stm32cube.ide.mcu.externaltools.gnu-tools-for-stm32.9-2020-q2-update.win32_2.0.0.202105311346/tools/bin/../lib/gcc/arm-none-eabi/9.3.1/../../../../arm-none-eabi/lib/thumb/v7-m/nofp\libm.a(lib_a-k_sin.o)
 .ARM.attributes
                0x0000000000000476       0x2d c:/programs/stm32cubeide_1.7.0/stm32cubeide/plugins/com.st.stm32cube.ide.mcu.externaltools.gnu-tools-for-stm32.9-2020-q2-update.win32_2.0.0.202105311346/tools/bin/../lib/gcc/arm-none-eabi/9.3.1/../../../../arm-none-eabi/lib/thumb/v7-m/nofp\libm.a(lib_a-s_fabs.o)
 .ARM.attributes
                0x00000000000004a3       0x2d c:/programs/stm32cubeide_1.7.0/stm32cubeide/plugins/com.st.stm32cube.ide.mcu.externaltools.gnu-tools-for-stm32.9-2020-q2-update.win32_2.0.0.202105311346/tools/bin/../lib/gcc/arm-none-eabi/9.3.1/../../../../arm-none-eabi/lib/thumb/v7-m/nofp\libm.a(lib_a-s_floor.o)
 .ARM.attributes
                0x00000000000004d0       0x2d c:/programs/stm32cubeide_1.7.0/stm32cubeide/plugins/com.st.stm32cube.ide.mcu.externaltools.gnu-tools-for-stm32.9-2020-q2-update.win32_2.0.0.202105311346/tools/bin/../lib/gcc/arm-none-eabi/9.3.1/../../../../arm-none-eabi/lib/thumb/v7-m/nofp\libm.a(lib_a-s_scalbn.o)
 .ARM.attributes
                0x00000000000004fd       0x1d c:/programs/stm32cubeide_1.7.0/stm32cubeide/plugins/com.st.stm32cube.ide.mcu.externaltools.gnu-tools-for-stm32.9-2020-q2-update.win32_2.0.0.202105311346/tools/bin/../lib/gcc/arm-none-eabi/9.3.1/thumb/v7-m/nofp\libgcc.a(_arm_addsubdf3.o)
 .ARM.attributes
                0x000000000000051a       0x1d c:/programs/stm32cubeide_1.7.0/stm32cubeide/plugins/com.st.stm32cube.ide.mcu.externaltools.gnu-tools-for-stm32.9-2020-q2-update.win32_2.0.0.202105311346/tools/bin/../lib/gcc/arm-none-eabi/9.3.1/thumb/v7-m/nofp\libgcc.a(_arm_muldivdf3.o)
 .ARM.attributes
                0x0000000000000537       0x1d c:/programs/stm32cubeide_1.7.0/stm32cubeide/plugins/com.st.stm32cube.ide.mcu.externaltools.gnu-tools-for-stm32.9-2020-q2-update.win32_2.0.0.202105311346/tools/bin/../lib/gcc/arm-none-eabi/9.3.1/thumb/v7-m/nofp\libgcc.a(_arm_cmpdf2.o)
 .ARM.attributes
                0x0000000000000554       0x1d c:/programs/stm32cubeide_1.7.0/stm32cubeide/plugins/com.st.stm32cube.ide.mcu.externaltools.gnu-tools-for-stm32.9-2020-q2-update.win32_2.0.0.202105311346/tools/bin/../lib/gcc/arm-none-eabi/9.3.1/thumb/v7-m/nofp\libgcc.a(_arm_fixdfsi.o)
 .ARM.attributes
                0x0000000000000571       0x1d c:/programs/stm32cubeide_1.7.0/stm32cubeide/plugins/com.st.stm32cube.ide.mcu.externaltools.gnu-tools-for-stm32.9-2020-q2-update.win32_2.0.0.202105311346/tools/bin/../lib/gcc/arm-none-eabi/9.3.1/thumb/v7-m/nofp\libgcc.a(_arm_truncdfsf2.o)
 .ARM.attributes
                0x000000000000058e       0x1d c:/programs/stm32cubeide_1.7.0/stm32cubeide/plugins/com.st.stm32cube.ide.mcu.externaltools.gnu-tools-for-stm32.9-2020-q2-update.win32_2.0.0.202105311346/tools/bin/../lib/gcc/arm-none-eabi/9.3.1/thumb/v7-m/nofp\libgcc.a(_arm_addsubsf3.o)
 .ARM.attributes
                0x00000000000005ab       0x1d c:/programs/stm32cubeide_1.7.0/stm32cubeide/plugins/com.st.stm32cube.ide.mcu.externaltools.gnu-tools-for-stm32.9-2020-q2-update.win32_2.0.0.202105311346/tools/bin/../lib/gcc/arm-none-eabi/9.3.1/thumb/v7-m/nofp\libgcc.a(_arm_muldivsf3.o)
 .ARM.attributes
                0x00000000000005c8       0x1d c:/programs/stm32cubeide_1.7.0/stm32cubeide/plugins/com.st.stm32cube.ide.mcu.externaltools.gnu-tools-for-stm32.9-2020-q2-update.win32_2.0.0.202105311346/tools/bin/../lib/gcc/arm-none-eabi/9.3.1/thumb/v7-m/nofp\libgcc.a(_arm_cmpsf2.o)
 .ARM.attributes
                0x00000000000005e5       0x1d c:/programs/stm32cubeide_1.7.0/stm32cubeide/plugins/com.st.stm32cube.ide.mcu.externaltools.gnu-tools-for-stm32.9-2020-q2-update.win32_2.0.0.202105311346/tools/bin/../lib/gcc/arm-none-eabi/9.3.1/thumb/v7-m/nofp\libgcc.a(_arm_fixunssfsi.o)
 .ARM.attributes
                0x0000000000000602       0x1d c:/programs/stm32cubeide_1.7.0/stm32cubeide/plugins/com.st.stm32cube.ide.mcu.externaltools.gnu-tools-for-stm32.9-2020-q2-update.win32_2.0.0.202105311346/tools/bin/../lib/gcc/arm-none-eabi/9.3.1/thumb/v7-m/nofp\libgcc.a(_aeabi_uldivmod.o)
 .ARM.attributes
                0x000000000000061f       0x2d c:/programs/stm32cubeide_1.7.0/stm32cubeide/plugins/com.st.stm32cube.ide.mcu.externaltools.gnu-tools-for-stm32.9-2020-q2-update.win32_2.0.0.202105311346/tools/bin/../lib/gcc/arm-none-eabi/9.3.1/thumb/v7-m/nofp\libgcc.a(_udivmoddi4.o)
 .ARM.attributes
                0x000000000000064c       0x1d c:/programs/stm32cubeide_1.7.0/stm32cubeide/plugins/com.st.stm32cube.ide.mcu.externaltools.gnu-tools-for-stm32.9-2020-q2-update.win32_2.0.0.202105311346/tools/bin/../lib/gcc/arm-none-eabi/9.3.1/thumb/v7-m/nofp\libgcc.a(_dvmd_tls.o)
 .ARM.attributes
                0x0000000000000669       0x1d c:/programs/stm32cubeide_1.7.0/stm32cubeide/plugins/com.st.stm32cube.ide.mcu.externaltools.gnu-tools-for-stm32.9-2020-q2-update.win32_2.0.0.202105311346/tools/bin/../lib/gcc/arm-none-eabi/9.3.1/thumb/v7-m/nofp/crtn.o
OUTPUT(BLDCMotor_2.0.elf elf32-littlearm)
LOAD linker stubs
LOAD c:/programs/stm32cubeide_1.7.0/stm32cubeide/plugins/com.st.stm32cube.ide.mcu.externaltools.gnu-tools-for-stm32.9-2020-q2-update.win32_2.0.0.202105311346/tools/bin/../lib/gcc/arm-none-eabi/9.3.1/../../../../arm-none-eabi/lib/thumb/v7-m/nofp\libc.a
LOAD c:/programs/stm32cubeide_1.7.0/stm32cubeide/plugins/com.st.stm32cube.ide.mcu.externaltools.gnu-tools-for-stm32.9-2020-q2-update.win32_2.0.0.202105311346/tools/bin/../lib/gcc/arm-none-eabi/9.3.1/../../../../arm-none-eabi/lib/thumb/v7-m/nofp\libm.a
LOAD c:/programs/stm32cubeide_1.7.0/stm32cubeide/plugins/com.st.stm32cube.ide.mcu.externaltools.gnu-tools-for-stm32.9-2020-q2-update.win32_2.0.0.202105311346/tools/bin/../lib/gcc/arm-none-eabi/9.3.1/thumb/v7-m/nofp\libgcc.a

.debug_info     0x0000000000000000    0x128d1
 .debug_info    0x0000000000000000     0x170d ./Core/Src/MotorControl.o
 .debug_info    0x000000000000170d     0x2372 ./Core/Src/main.o
 .debug_info    0x0000000000003a7f     0x1728 ./Core/Src/stm32f2xx_hal_msp.o
 .debug_info    0x00000000000051a7      0xf92 ./Core/Src/stm32f2xx_it.o
 .debug_info    0x0000000000006139      0x5a4 ./Core/Src/system_stm32f2xx.o
 .debug_info    0x00000000000066dd       0x22 ./Core/Startup/startup_stm32f207vetx.o
 .debug_info    0x00000000000066ff      0xa0b ./Drivers/STM32F2xx_HAL_Driver/Src/stm32f2xx_hal.o
 .debug_info    0x000000000000710a      0xda9 ./Drivers/STM32F2xx_HAL_Driver/Src/stm32f2xx_hal_adc.o
 .debug_info    0x0000000000007eb3      0xba2 ./Drivers/STM32F2xx_HAL_Driver/Src/stm32f2xx_hal_adc_ex.o
 .debug_info    0x0000000000008a55      0xed7 ./Drivers/STM32F2xx_HAL_Driver/Src/stm32f2xx_hal_cortex.o
 .debug_info    0x000000000000992c      0x9f1 ./Drivers/STM32F2xx_HAL_Driver/Src/stm32f2xx_hal_dma.o
 .debug_info    0x000000000000a31d      0x7f4 ./Drivers/STM32F2xx_HAL_Driver/Src/stm32f2xx_hal_gpio.o
 .debug_info    0x000000000000ab11     0x25bb ./Drivers/STM32F2xx_HAL_Driver/Src/stm32f2xx_hal_i2c.o
 .debug_info    0x000000000000d0cc      0xb9a ./Drivers/STM32F2xx_HAL_Driver/Src/stm32f2xx_hal_rcc.o
 .debug_info    0x000000000000dc66     0x26cd ./Drivers/STM32F2xx_HAL_Driver/Src/stm32f2xx_hal_tim.o
 .debug_info    0x0000000000010333     0x125f ./Drivers/STM32F2xx_HAL_Driver/Src/stm32f2xx_hal_tim_ex.o
 .debug_info    0x0000000000011592     0x133f ./Drivers/STM32F2xx_HAL_Driver/Src/stm32f2xx_hal_uart.o

.debug_abbrev   0x0000000000000000     0x25e1
 .debug_abbrev  0x0000000000000000      0x31a ./Core/Src/MotorControl.o
 .debug_abbrev  0x000000000000031a      0x30f ./Core/Src/main.o
 .debug_abbrev  0x0000000000000629      0x206 ./Core/Src/stm32f2xx_hal_msp.o
 .debug_abbrev  0x000000000000082f      0x1a1 ./Core/Src/stm32f2xx_it.o
 .debug_abbrev  0x00000000000009d0      0x145 ./Core/Src/system_stm32f2xx.o
 .debug_abbrev  0x0000000000000b15       0x12 ./Core/Startup/startup_stm32f207vetx.o
 .debug_abbrev  0x0000000000000b27      0x25d ./Drivers/STM32F2xx_HAL_Driver/Src/stm32f2xx_hal.o
 .debug_abbrev  0x0000000000000d84      0x267 ./Drivers/STM32F2xx_HAL_Driver/Src/stm32f2xx_hal_adc.o
 .debug_abbrev  0x0000000000000feb      0x24a ./Drivers/STM32F2xx_HAL_Driver/Src/stm32f2xx_hal_adc_ex.o
 .debug_abbrev  0x0000000000001235      0x33c ./Drivers/STM32F2xx_HAL_Driver/Src/stm32f2xx_hal_cortex.o
 .debug_abbrev  0x0000000000001571      0x259 ./Drivers/STM32F2xx_HAL_Driver/Src/stm32f2xx_hal_dma.o
 .debug_abbrev  0x00000000000017ca      0x1e8 ./Drivers/STM32F2xx_HAL_Driver/Src/stm32f2xx_hal_gpio.o
 .debug_abbrev  0x00000000000019b2      0x282 ./Drivers/STM32F2xx_HAL_Driver/Src/stm32f2xx_hal_i2c.o
 .debug_abbrev  0x0000000000001c34      0x293 ./Drivers/STM32F2xx_HAL_Driver/Src/stm32f2xx_hal_rcc.o
 .debug_abbrev  0x0000000000001ec7      0x25e ./Drivers/STM32F2xx_HAL_Driver/Src/stm32f2xx_hal_tim.o
 .debug_abbrev  0x0000000000002125      0x24c ./Drivers/STM32F2xx_HAL_Driver/Src/stm32f2xx_hal_tim_ex.o
 .debug_abbrev  0x0000000000002371      0x270 ./Drivers/STM32F2xx_HAL_Driver/Src/stm32f2xx_hal_uart.o

.debug_aranges  0x0000000000000000     0x10b8
 .debug_aranges
                0x0000000000000000       0x70 ./Core/Src/MotorControl.o
 .debug_aranges
                0x0000000000000070       0x78 ./Core/Src/main.o
 .debug_aranges
                0x00000000000000e8       0x78 ./Core/Src/stm32f2xx_hal_msp.o
 .debug_aranges
                0x0000000000000160       0xb8 ./Core/Src/stm32f2xx_it.o
 .debug_aranges
                0x0000000000000218       0x28 ./Core/Src/system_stm32f2xx.o
 .debug_aranges
                0x0000000000000240       0x28 ./Core/Startup/startup_stm32f207vetx.o
 .debug_aranges
                0x0000000000000268       0xf0 ./Drivers/STM32F2xx_HAL_Driver/Src/stm32f2xx_hal.o
 .debug_aranges
                0x0000000000000358       0xe8 ./Drivers/STM32F2xx_HAL_Driver/Src/stm32f2xx_hal_adc.o
 .debug_aranges
                0x0000000000000440       0x90 ./Drivers/STM32F2xx_HAL_Driver/Src/stm32f2xx_hal_adc_ex.o
 .debug_aranges
                0x00000000000004d0      0x118 ./Drivers/STM32F2xx_HAL_Driver/Src/stm32f2xx_hal_cortex.o
 .debug_aranges
                0x00000000000005e8       0x90 ./Drivers/STM32F2xx_HAL_Driver/Src/stm32f2xx_hal_dma.o
 .debug_aranges
                0x0000000000000678       0x58 ./Drivers/STM32F2xx_HAL_Driver/Src/stm32f2xx_hal_gpio.o
 .debug_aranges
                0x00000000000006d0      0x298 ./Drivers/STM32F2xx_HAL_Driver/Src/stm32f2xx_hal_i2c.o
 .debug_aranges
                0x0000000000000968       0x88 ./Drivers/STM32F2xx_HAL_Driver/Src/stm32f2xx_hal_rcc.o
 .debug_aranges
                0x00000000000009f0      0x3a8 ./Drivers/STM32F2xx_HAL_Driver/Src/stm32f2xx_hal_tim.o
 .debug_aranges
                0x0000000000000d98      0x150 ./Drivers/STM32F2xx_HAL_Driver/Src/stm32f2xx_hal_tim_ex.o
 .debug_aranges
                0x0000000000000ee8      0x1d0 ./Drivers/STM32F2xx_HAL_Driver/Src/stm32f2xx_hal_uart.o

.debug_ranges   0x0000000000000000      0xfd0
 .debug_ranges  0x0000000000000000       0x60 ./Core/Src/MotorControl.o
 .debug_ranges  0x0000000000000060       0x68 ./Core/Src/main.o
 .debug_ranges  0x00000000000000c8       0x68 ./Core/Src/stm32f2xx_hal_msp.o
 .debug_ranges  0x0000000000000130       0xa8 ./Core/Src/stm32f2xx_it.o
 .debug_ranges  0x00000000000001d8       0x18 ./Core/Src/system_stm32f2xx.o
 .debug_ranges  0x00000000000001f0       0x20 ./Core/Startup/startup_stm32f207vetx.o
 .debug_ranges  0x0000000000000210       0xe0 ./Drivers/STM32F2xx_HAL_Driver/Src/stm32f2xx_hal.o
 .debug_ranges  0x00000000000002f0       0xd8 ./Drivers/STM32F2xx_HAL_Driver/Src/stm32f2xx_hal_adc.o
 .debug_ranges  0x00000000000003c8       0x80 ./Drivers/STM32F2xx_HAL_Driver/Src/stm32f2xx_hal_adc_ex.o
 .debug_ranges  0x0000000000000448      0x108 ./Drivers/STM32F2xx_HAL_Driver/Src/stm32f2xx_hal_cortex.o
 .debug_ranges  0x0000000000000550       0x80 ./Drivers/STM32F2xx_HAL_Driver/Src/stm32f2xx_hal_dma.o
 .debug_ranges  0x00000000000005d0       0x48 ./Drivers/STM32F2xx_HAL_Driver/Src/stm32f2xx_hal_gpio.o
 .debug_ranges  0x0000000000000618      0x2a8 ./Drivers/STM32F2xx_HAL_Driver/Src/stm32f2xx_hal_i2c.o
 .debug_ranges  0x00000000000008c0       0x78 ./Drivers/STM32F2xx_HAL_Driver/Src/stm32f2xx_hal_rcc.o
 .debug_ranges  0x0000000000000938      0x398 ./Drivers/STM32F2xx_HAL_Driver/Src/stm32f2xx_hal_tim.o
 .debug_ranges  0x0000000000000cd0      0x140 ./Drivers/STM32F2xx_HAL_Driver/Src/stm32f2xx_hal_tim_ex.o
 .debug_ranges  0x0000000000000e10      0x1c0 ./Drivers/STM32F2xx_HAL_Driver/Src/stm32f2xx_hal_uart.o

.debug_macro    0x0000000000000000    0x209ba
 .debug_macro   0x0000000000000000      0x311 ./Core/Src/MotorControl.o
 .debug_macro   0x0000000000000311      0xa9c ./Core/Src/MotorControl.o
 .debug_macro   0x0000000000000dad      0x24a ./Core/Src/MotorControl.o
 .debug_macro   0x0000000000000ff7       0x2e ./Core/Src/MotorControl.o
 .debug_macro   0x0000000000001025       0x22 ./Core/Src/MotorControl.o
 .debug_macro   0x0000000000001047       0x22 ./Core/Src/MotorControl.o
 .debug_macro   0x0000000000001069       0x8e ./Core/Src/MotorControl.o
 .debug_macro   0x00000000000010f7       0x51 ./Core/Src/MotorControl.o
 .debug_macro   0x0000000000001148      0x103 ./Core/Src/MotorControl.o
 .debug_macro   0x000000000000124b       0x6a ./Core/Src/MotorControl.o
 .debug_macro   0x00000000000012b5      0x1df ./Core/Src/MotorControl.o
 .debug_macro   0x0000000000001494       0x1c ./Core/Src/MotorControl.o
 .debug_macro   0x00000000000014b0       0x22 ./Core/Src/MotorControl.o
 .debug_macro   0x00000000000014d2       0xc3 ./Core/Src/MotorControl.o
 .debug_macro   0x0000000000001595      0xe49 ./Core/Src/MotorControl.o
 .debug_macro   0x00000000000023de      0x11f ./Core/Src/MotorControl.o
 .debug_macro   0x00000000000024fd    0x14fe1 ./Core/Src/MotorControl.o
 .debug_macro   0x00000000000174de       0x43 ./Core/Src/MotorControl.o
 .debug_macro   0x0000000000017521     0x3510 ./Core/Src/MotorControl.o
 .debug_macro   0x000000000001aa31      0x174 ./Core/Src/MotorControl.o
 .debug_macro   0x000000000001aba5       0x53 ./Core/Src/MotorControl.o
 .debug_macro   0x000000000001abf8     0x103b ./Core/Src/MotorControl.o
 .debug_macro   0x000000000001bc33      0x153 ./Core/Src/MotorControl.o
 .debug_macro   0x000000000001bd86      0x170 ./Core/Src/MotorControl.o
 .debug_macro   0x000000000001bef6      0x117 ./Core/Src/MotorControl.o
 .debug_macro   0x000000000001c00d      0x108 ./Core/Src/MotorControl.o
 .debug_macro   0x000000000001c115       0x27 ./Core/Src/MotorControl.o
 .debug_macro   0x000000000001c13c      0x16a ./Core/Src/MotorControl.o
 .debug_macro   0x000000000001c2a6      0x287 ./Core/Src/MotorControl.o
 .debug_macro   0x000000000001c52d       0x5f ./Core/Src/MotorControl.o
 .debug_macro   0x000000000001c58c      0x236 ./Core/Src/MotorControl.o
 .debug_macro   0x000000000001c7c2      0x37c ./Core/Src/MotorControl.o
 .debug_macro   0x000000000001cb3e      0x16f ./Core/Src/MotorControl.o
 .debug_macro   0x000000000001ccad       0xf9 ./Core/Src/MotorControl.o
 .debug_macro   0x000000000001cda6      0x126 ./Core/Src/MotorControl.o
 .debug_macro   0x000000000001cecc      0x216 ./Core/Src/MotorControl.o
 .debug_macro   0x000000000001d0e2       0x2e ./Core/Src/MotorControl.o
 .debug_macro   0x000000000001d110      0x287 ./Core/Src/MotorControl.o
 .debug_macro   0x000000000001d397      0x113 ./Core/Src/MotorControl.o
 .debug_macro   0x000000000001d4aa       0x22 ./Core/Src/MotorControl.o
 .debug_macro   0x000000000001d4cc       0x82 ./Core/Src/MotorControl.o
 .debug_macro   0x000000000001d54e      0x88b ./Core/Src/MotorControl.o
 .debug_macro   0x000000000001ddd9       0x4c ./Core/Src/MotorControl.o
 .debug_macro   0x000000000001de25      0x287 ./Core/Src/MotorControl.o
 .debug_macro   0x000000000001e0ac      0x12d ./Core/Src/MotorControl.o
 .debug_macro   0x000000000001e1d9       0x52 ./Core/Src/MotorControl.o
 .debug_macro   0x000000000001e22b       0x18 ./Core/Src/MotorControl.o
 .debug_macro   0x000000000001e243       0x3c ./Core/Src/MotorControl.o
 .debug_macro   0x000000000001e27f       0x34 ./Core/Src/MotorControl.o
 .debug_macro   0x000000000001e2b3       0x16 ./Core/Src/MotorControl.o
 .debug_macro   0x000000000001e2c9       0x43 ./Core/Src/MotorControl.o
 .debug_macro   0x000000000001e30c       0x34 ./Core/Src/MotorControl.o
 .debug_macro   0x000000000001e340       0x10 ./Core/Src/MotorControl.o
 .debug_macro   0x000000000001e350       0x58 ./Core/Src/MotorControl.o
 .debug_macro   0x000000000001e3a8       0x71 ./Core/Src/MotorControl.o
 .debug_macro   0x000000000001e419       0x1c ./Core/Src/MotorControl.o
 .debug_macro   0x000000000001e435      0x12a ./Core/Src/MotorControl.o
 .debug_macro   0x000000000001e55f      0x333 ./Core/Src/MotorControl.o
 .debug_macro   0x000000000001e892      0x1a9 ./Core/Src/MotorControl.o
 .debug_macro   0x000000000001ea3b       0x22 ./Core/Src/MotorControl.o
 .debug_macro   0x000000000001ea5d       0x16 ./Core/Src/MotorControl.o
 .debug_macro   0x000000000001ea73       0x35 ./Core/Src/MotorControl.o
 .debug_macro   0x000000000001eaa8       0x16 ./Core/Src/MotorControl.o
 .debug_macro   0x000000000001eabe       0x29 ./Core/Src/MotorControl.o
 .debug_macro   0x000000000001eae7      0x2ea ./Core/Src/main.o
 .debug_macro   0x000000000001edd1      0x1f4 ./Core/Src/stm32f2xx_hal_msp.o
 .debug_macro   0x000000000001efc5      0x1fe ./Core/Src/stm32f2xx_it.o
 .debug_macro   0x000000000001f1c3      0x1f0 ./Core/Src/system_stm32f2xx.o
 .debug_macro   0x000000000001f3b3      0x238 ./Drivers/STM32F2xx_HAL_Driver/Src/stm32f2xx_hal.o
 .debug_macro   0x000000000001f5eb      0x1eb ./Drivers/STM32F2xx_HAL_Driver/Src/stm32f2xx_hal_adc.o
 .debug_macro   0x000000000001f7d6      0x1ea ./Drivers/STM32F2xx_HAL_Driver/Src/stm32f2xx_hal_adc_ex.o
 .debug_macro   0x000000000001f9c0      0x1ea ./Drivers/STM32F2xx_HAL_Driver/Src/stm32f2xx_hal_cortex.o
 .debug_macro   0x000000000001fbaa      0x1f0 ./Drivers/STM32F2xx_HAL_Driver/Src/stm32f2xx_hal_dma.o
 .debug_macro   0x000000000001fd9a      0x222 ./Drivers/STM32F2xx_HAL_Driver/Src/stm32f2xx_hal_gpio.o
 .debug_macro   0x000000000001ffbc      0x22a ./Drivers/STM32F2xx_HAL_Driver/Src/stm32f2xx_hal_i2c.o
 .debug_macro   0x00000000000201e6      0x214 ./Drivers/STM32F2xx_HAL_Driver/Src/stm32f2xx_hal_rcc.o
 .debug_macro   0x00000000000203fa      0x1eb ./Drivers/STM32F2xx_HAL_Driver/Src/stm32f2xx_hal_tim.o
 .debug_macro   0x00000000000205e5      0x1ea ./Drivers/STM32F2xx_HAL_Driver/Src/stm32f2xx_hal_tim_ex.o
 .debug_macro   0x00000000000207cf      0x1eb ./Drivers/STM32F2xx_HAL_Driver/Src/stm32f2xx_hal_uart.o

.debug_line     0x0000000000000000    0x11dd1
 .debug_line    0x0000000000000000      0xb7c ./Core/Src/MotorControl.o
 .debug_line    0x0000000000000b7c      0xc2a ./Core/Src/main.o
 .debug_line    0x00000000000017a6      0x99d ./Core/Src/stm32f2xx_hal_msp.o
 .debug_line    0x0000000000002143      0x8d2 ./Core/Src/stm32f2xx_it.o
 .debug_line    0x0000000000002a15      0x7a5 ./Core/Src/system_stm32f2xx.o
 .debug_line    0x00000000000031ba       0x85 ./Core/Startup/startup_stm32f207vetx.o
 .debug_line    0x000000000000323f      0xa13 ./Drivers/STM32F2xx_HAL_Driver/Src/stm32f2xx_hal.o
 .debug_line    0x0000000000003c52     0x1173 ./Drivers/STM32F2xx_HAL_Driver/Src/stm32f2xx_hal_adc.o
 .debug_line    0x0000000000004dc5      0xe77 ./Drivers/STM32F2xx_HAL_Driver/Src/stm32f2xx_hal_adc_ex.o
 .debug_line    0x0000000000005c3c      0xc9c ./Drivers/STM32F2xx_HAL_Driver/Src/stm32f2xx_hal_cortex.o
 .debug_line    0x00000000000068d8      0xf56 ./Drivers/STM32F2xx_HAL_Driver/Src/stm32f2xx_hal_dma.o
 .debug_line    0x000000000000782e      0xb79 ./Drivers/STM32F2xx_HAL_Driver/Src/stm32f2xx_hal_gpio.o
 .debug_line    0x00000000000083a7     0x37bf ./Drivers/STM32F2xx_HAL_Driver/Src/stm32f2xx_hal_i2c.o
 .debug_line    0x000000000000bb66      0xedf ./Drivers/STM32F2xx_HAL_Driver/Src/stm32f2xx_hal_rcc.o
 .debug_line    0x000000000000ca45     0x29ca ./Drivers/STM32F2xx_HAL_Driver/Src/stm32f2xx_hal_tim.o
 .debug_line    0x000000000000f40f     0x11c7 ./Drivers/STM32F2xx_HAL_Driver/Src/stm32f2xx_hal_tim_ex.o
 .debug_line    0x00000000000105d6     0x17fb ./Drivers/STM32F2xx_HAL_Driver/Src/stm32f2xx_hal_uart.o

.debug_str      0x0000000000000000    0xc83c3
 .debug_str     0x0000000000000000    0xc3ca9 ./Core/Src/MotorControl.o
                                      0xc40e6 (size before relaxing)
 .debug_str     0x00000000000c3ca9      0xe4f ./Core/Src/main.o
                                      0xc4d6f (size before relaxing)
 .debug_str     0x00000000000c4af8      0x128 ./Core/Src/stm32f2xx_hal_msp.o
                                      0xc0ed2 (size before relaxing)
 .debug_str     0x00000000000c4c20      0x18e ./Core/Src/stm32f2xx_it.o
                                      0xc08e4 (size before relaxing)
 .debug_str     0x00000000000c4dae       0xc4 ./Core/Src/system_stm32f2xx.o
                                      0xbfeeb (size before relaxing)
 .debug_str     0x00000000000c4e72       0x36 ./Core/Startup/startup_stm32f207vetx.o
                                         0x6a (size before relaxing)
 .debug_str     0x00000000000c4ea8      0x4cf ./Drivers/STM32F2xx_HAL_Driver/Src/stm32f2xx_hal.o
                                      0xc090d (size before relaxing)
 .debug_str     0x00000000000c5377      0x276 ./Drivers/STM32F2xx_HAL_Driver/Src/stm32f2xx_hal_adc.o
                                      0xc0478 (size before relaxing)
 .debug_str     0x00000000000c55ed      0x302 ./Drivers/STM32F2xx_HAL_Driver/Src/stm32f2xx_hal_adc_ex.o
                                      0xc049e (size before relaxing)
 .debug_str     0x00000000000c58ef      0x392 ./Drivers/STM32F2xx_HAL_Driver/Src/stm32f2xx_hal_cortex.o
                                      0xc07ad (size before relaxing)
 .debug_str     0x00000000000c5c81      0x31d ./Drivers/STM32F2xx_HAL_Driver/Src/stm32f2xx_hal_dma.o
                                      0xc0300 (size before relaxing)
 .debug_str     0x00000000000c5f9e      0x1dc ./Drivers/STM32F2xx_HAL_Driver/Src/stm32f2xx_hal_gpio.o
                                      0xc0119 (size before relaxing)
 .debug_str     0x00000000000c617a      0xaec ./Drivers/STM32F2xx_HAL_Driver/Src/stm32f2xx_hal_i2c.o
                                      0xc0e34 (size before relaxing)
 .debug_str     0x00000000000c6c66      0x277 ./Drivers/STM32F2xx_HAL_Driver/Src/stm32f2xx_hal_rcc.o
                                      0xc0302 (size before relaxing)
 .debug_str     0x00000000000c6edd      0xbd1 ./Drivers/STM32F2xx_HAL_Driver/Src/stm32f2xx_hal_tim.o
                                      0xc0ff7 (size before relaxing)
 .debug_str     0x00000000000c7aae      0x40e ./Drivers/STM32F2xx_HAL_Driver/Src/stm32f2xx_hal_tim_ex.o
                                      0xc07f7 (size before relaxing)
 .debug_str     0x00000000000c7ebc      0x507 ./Drivers/STM32F2xx_HAL_Driver/Src/stm32f2xx_hal_uart.o
                                      0xc0723 (size before relaxing)

.comment        0x0000000000000000       0x53
 .comment       0x0000000000000000       0x53 ./Core/Src/MotorControl.o
                                         0x54 (size before relaxing)
 .comment       0x0000000000000053       0x54 ./Core/Src/main.o
 .comment       0x0000000000000053       0x54 ./Core/Src/stm32f2xx_hal_msp.o
 .comment       0x0000000000000053       0x54 ./Core/Src/stm32f2xx_it.o
 .comment       0x0000000000000053       0x54 ./Core/Src/system_stm32f2xx.o
 .comment       0x0000000000000053       0x54 ./Drivers/STM32F2xx_HAL_Driver/Src/stm32f2xx_hal.o
 .comment       0x0000000000000053       0x54 ./Drivers/STM32F2xx_HAL_Driver/Src/stm32f2xx_hal_adc.o
 .comment       0x0000000000000053       0x54 ./Drivers/STM32F2xx_HAL_Driver/Src/stm32f2xx_hal_adc_ex.o
 .comment       0x0000000000000053       0x54 ./Drivers/STM32F2xx_HAL_Driver/Src/stm32f2xx_hal_cortex.o
 .comment       0x0000000000000053       0x54 ./Drivers/STM32F2xx_HAL_Driver/Src/stm32f2xx_hal_dma.o
 .comment       0x0000000000000053       0x54 ./Drivers/STM32F2xx_HAL_Driver/Src/stm32f2xx_hal_gpio.o
 .comment       0x0000000000000053       0x54 ./Drivers/STM32F2xx_HAL_Driver/Src/stm32f2xx_hal_i2c.o