Archive member included to satisfy reference by file (symbol)

c:/programs/stm32cubeide_1.7.0/stm32cubeide/plugins/com.st.stm32cube.ide.mcu.externaltools.gnu-tools-for-stm32.9-2020-q2-update.win32_2.0.0.202105311346/tools/bin/../lib/gcc/arm-none-eabi/9.3.1/../../../../arm-none-eabi/lib/thumb/v7-m/nofp\libc_nano.a(lib_a-errno.o)
                              ./Core/Src/syscalls.o (__errno)
c:/programs/stm32cubeide_1.7.0/stm32cubeide/plugins/com.st.stm32cube.ide.mcu.externaltools.gnu-tools-for-stm32.9-2020-q2-update.win32_2.0.0.202105311346/tools/bin/../lib/gcc/arm-none-eabi/9.3.1/../../../../arm-none-eabi/lib/thumb/v7-m/nofp\libc_nano.a(lib_a-exit.o)
                              c:/programs/stm32cubeide_1.7.0/stm32cubeide/plugins/com.st.stm32cube.ide.mcu.externaltools.gnu-tools-for-stm32.9-2020-q2-update.win32_2.0.0.202105311346/tools/bin/../lib/gcc/arm-none-eabi/9.3.1/../../../../arm-none-eabi/lib/thumb/v7-m/nofp/crt0.o (exit)
c:/programs/stm32cubeide_1.7.0/stm32cubeide/plugins/com.st.stm32cube.ide.mcu.externaltools.gnu-tools-for-stm32.9-2020-q2-update.win32_2.0.0.202105311346/tools/bin/../lib/gcc/arm-none-eabi/9.3.1/../../../../arm-none-eabi/lib/thumb/v7-m/nofp\libc_nano.a(lib_a-impure.o)
                              c:/programs/stm32cubeide_1.7.0/stm32cubeide/plugins/com.st.stm32cube.ide.mcu.externaltools.gnu-tools-for-stm32.9-2020-q2-update.win32_2.0.0.202105311346/tools/bin/../lib/gcc/arm-none-eabi/9.3.1/../../../../arm-none-eabi/lib/thumb/v7-m/nofp\libc_nano.a(lib_a-exit.o) (_global_impure_ptr)
c:/programs/stm32cubeide_1.7.0/stm32cubeide/plugins/com.st.stm32cube.ide.mcu.externaltools.gnu-tools-for-stm32.9-2020-q2-update.win32_2.0.0.202105311346/tools/bin/../lib/gcc/arm-none-eabi/9.3.1/../../../../arm-none-eabi/lib/thumb/v7-m/nofp\libc_nano.a(lib_a-init.o)
                              c:/programs/stm32cubeide_1.7.0/stm32cubeide/plugins/com.st.stm32cube.ide.mcu.externaltools.gnu-tools-for-stm32.9-2020-q2-update.win32_2.0.0.202105311346/tools/bin/../lib/gcc/arm-none-eabi/9.3.1/../../../../arm-none-eabi/lib/thumb/v7-m/nofp/crt0.o (__libc_init_array)
c:/programs/stm32cubeide_1.7.0/stm32cubeide/plugins/com.st.stm32cube.ide.mcu.externaltools.gnu-tools-for-stm32.9-2020-q2-update.win32_2.0.0.202105311346/tools/bin/../lib/gcc/arm-none-eabi/9.3.1/../../../../arm-none-eabi/lib/thumb/v7-m/nofp\libc_nano.a(lib_a-memset.o)
                              c:/programs/stm32cubeide_1.7.0/stm32cubeide/plugins/com.st.stm32cube.ide.mcu.externaltools.gnu-tools-for-stm32.9-2020-q2-update.win32_2.0.0.202105311346/tools/bin/../lib/gcc/arm-none-eabi/9.3.1/../../../../arm-none-eabi/lib/thumb/v7-m/nofp/crt0.o (memset)
c:/programs/stm32cubeide_1.7.0/stm32cubeide/plugins/com.st.stm32cube.ide.mcu.externaltools.gnu-tools-for-stm32.9-2020-q2-update.win32_2.0.0.202105311346/tools/bin/../lib/gcc/arm-none-eabi/9.3.1/thumb/v7-m/nofp\libgcc.a(_arm_muldf3.o)
                              ./Core/Src/MotorControl.o (__aeabi_dmul)
c:/programs/stm32cubeide_1.7.0/stm32cubeide/plugins/com.st.stm32cube.ide.mcu.externaltools.gnu-tools-for-stm32.9-2020-q2-update.win32_2.0.0.202105311346/tools/bin/../lib/gcc/arm-none-eabi/9.3.1/thumb/v7-m/nofp\libgcc.a(_arm_mulsf3.o)
                              ./Core/Src/MotorControl.o (__aeabi_fmul)
c:/programs/stm32cubeide_1.7.0/stm32cubeide/plugins/com.st.stm32cube.ide.mcu.externaltools.gnu-tools-for-stm32.9-2020-q2-update.win32_2.0.0.202105311346/tools/bin/../lib/gcc/arm-none-eabi/9.3.1/thumb/v7-m/nofp\libgcc.a(_arm_addsubdf3.o)
                              ./Core/Src/MotorControl.o (__aeabi_i2d)
c:/programs/stm32cubeide_1.7.0/stm32cubeide/plugins/com.st.stm32cube.ide.mcu.externaltools.gnu-tools-for-stm32.9-2020-q2-update.win32_2.0.0.202105311346/tools/bin/../lib/gcc/arm-none-eabi/9.3.1/thumb/v7-m/nofp\libgcc.a(_arm_truncdfsf2.o)
                              ./Core/Src/MotorControl.o (__aeabi_d2f)
c:/programs/stm32cubeide_1.7.0/stm32cubeide/plugins/com.st.stm32cube.ide.mcu.externaltools.gnu-tools-for-stm32.9-2020-q2-update.win32_2.0.0.202105311346/tools/bin/../lib/gcc/arm-none-eabi/9.3.1/thumb/v7-m/nofp\libgcc.a(_arm_addsubsf3.o)
                              ./Core/Src/MotorControl.o (__aeabi_fsub)
c:/programs/stm32cubeide_1.7.0/stm32cubeide/plugins/com.st.stm32cube.ide.mcu.externaltools.gnu-tools-for-stm32.9-2020-q2-update.win32_2.0.0.202105311346/tools/bin/../lib/gcc/arm-none-eabi/9.3.1/thumb/v7-m/nofp\libgcc.a(_arm_muldivsf3.o)
                              ./Core/Src/MotorControl.o (__aeabi_fdiv)
c:/programs/stm32cubeide_1.7.0/stm32cubeide/plugins/com.st.stm32cube.ide.mcu.externaltools.gnu-tools-for-stm32.9-2020-q2-update.win32_2.0.0.202105311346/tools/bin/../lib/gcc/arm-none-eabi/9.3.1/thumb/v7-m/nofp\libgcc.a(_arm_cmpsf2.o)
                              ./Core/Src/MotorControl.o (__aeabi_fcmpge)
[...]
Memory Configuration

Name             Origin             Length             Attributes
RAM              0x0000000020000000 0x0000000000020000 xrw
FLASH            0x0000000008000000 0x0000000000080000 xr
*default*        0x0000000000000000 0xffffffffffffffff

Linker script and memory map

LOAD c:/programs/stm32cubeide_1.7.0/stm32cubeide/plugins/com.st.stm32cube.ide.mcu.externaltools.gnu-tools-for-stm32.9-2020-q2-update.win32_2.0.0.202105311346/tools/bin/../lib/gcc/arm-none-eabi/9.3.1/thumb/v7-m/nofp/crti.o
LOAD c:/programs/stm32cubeide_1.7.0/stm32cubeide/plugins/com.st.stm32cube.ide.mcu.externaltools.gnu-tools-for-stm32.9-2020-q2-update.win32_2.0.0.202105311346/tools/bin/../lib/gcc/arm-none-eabi/9.3.1/thumb/v7-m/nofp/crtbegin.o
LOAD c:/programs/stm32cubeide_1.7.0/stm32cubeide/plugins/com.st.stm32cube.ide.mcu.externaltools.gnu-tools-for-stm32.9-2020-q2-update.win32_2.0.0.202105311346/tools/bin/../lib/gcc/arm-none-eabi/9.3.1/../../../../arm-none-eabi/lib/thumb/v7-m/nofp/crt0.o
LOAD ./Core/Src/MotorControl.o
LOAD ./Core/Src/main.o
LOAD ./Core/Src/stm32f2xx_hal_msp.o
LOAD ./Core/Src/stm32f2xx_it.o
LOAD ./Core/Src/syscalls.o
LOAD ./Core/Src/sysmem.o
LOAD ./Core/Src/system_stm32f2xx.o
LOAD ./Core/Startup/startup_stm32f207vetx.o
LOAD ./Drivers/STM32F2xx_HAL_Driver/Src/stm32f2xx_hal.o
LOAD ./Drivers/STM32F2xx_HAL_Driver/Src/stm32f2xx_hal_adc.o
LOAD ./Drivers/STM32F2xx_HAL_Driver/Src/stm32f2xx_hal_adc_ex.o
LOAD ./Drivers/STM32F2xx_HAL_Driver/Src/stm32f2xx_hal_cortex.o
LOAD ./Drivers/STM32F2xx_HAL_Driver/Src/stm32f2xx_hal_dma.o
LOAD ./Drivers/STM32F2xx_HAL_Driver/Src/stm32f2xx_hal_dma_ex.o
LOAD ./Drivers/STM32F2xx_HAL_Driver/Src/stm32f2xx_hal_exti.o
LOAD ./Drivers/STM32F2xx_HAL_Driver/Src/stm32f2xx_hal_flash.o
LOAD ./Drivers/STM32F2xx_HAL_Driver/Src/stm32f2xx_hal_flash_ex.o
LOAD ./Drivers/STM32F2xx_HAL_Driver/Src/stm32f2xx_hal_gpio.o
LOAD ./Drivers/STM32F2xx_HAL_Driver/Src/stm32f2xx_hal_i2c.o
LOAD ./Drivers/STM32F2xx_HAL_Driver/Src/stm32f2xx_hal_pwr.o
LOAD ./Drivers/STM32F2xx_HAL_Driver/Src/stm32f2xx_hal_pwr_ex.o
LOAD ./Drivers/STM32F2xx_HAL_Driver/Src/stm32f2xx_hal_rcc.o
LOAD ./Drivers/STM32F2xx_HAL_Driver/Src/stm32f2xx_hal_rcc_ex.o
LOAD ./Drivers/STM32F2xx_HAL_Driver/Src/stm32f2xx_hal_tim.o
LOAD ./Drivers/STM32F2xx_HAL_Driver/Src/stm32f2xx_hal_tim_ex.o
LOAD ./Drivers/STM32F2xx_HAL_Driver/Src/stm32f2xx_hal_uart.o
START GROUP
LOAD c:/programs/stm32cubeide_1.7.0/stm32cubeide/plugins/com.st.stm32cube.ide.mcu.externaltools.gnu-tools-for-stm32.9-2020-q2-update.win32_2.0.0.202105311346/tools/bin/../lib/gcc/arm-none-eabi/9.3.1/../../../../arm-none-eabi/lib/thumb/v7-m/nofp\libc_nano.a
LOAD c:/programs/stm32cubeide_1.7.0/stm32cubeide/plugins/com.st.stm32cube.ide.mcu.externaltools.gnu-tools-for-stm32.9-2020-q2-update.win32_2.0.0.202105311346/tools/bin/../lib/gcc/arm-none-eabi/9.3.1/../../../../arm-none-eabi/lib/thumb/v7-m/nofp\libm.a
END GROUP
START GROUP
LOAD c:/programs/stm32cubeide_1.7.0/stm32cubeide/plugins/com.st.stm32cube.ide.mcu.externaltools.gnu-tools-for-stm32.9-2020-q2-update.win32_2.0.0.202105311346/tools/bin/../lib/gcc/arm-none-eabi/9.3.1/thumb/v7-m/nofp\libgcc.a
LOAD c:/programs/stm32cubeide_1.7.0/stm32cubeide/plugins/com.st.stm32cube.ide.mcu.externaltools.gnu-tools-for-stm32.9-2020-q2-update.win32_2.0.0.202105311346/tools/bin/../lib/gcc/arm-none-eabi/9.3.1/../../../../arm-none-eabi/lib/thumb/v7-m/nofp\libc_nano.a
END GROUP
START GROUP
LOAD c:/programs/stm32cubeide_1.7.0/stm32cubeide/plugins/com.st.stm32cube.ide.mcu.externaltools.gnu-tools-for-stm32.9-2020-q2-update.win32_2.0.0.202105311346/tools/bin/../lib/gcc/arm-none-eabi/9.3.1/thumb/v7-m/nofp\libgcc.a
LOAD c:/programs/stm32cubeide_1.7.0/stm32cubeide/plugins/com.st.stm32cube.ide.mcu.externaltools.gnu-tools-for-stm32.9-2020-q2-update.win32_2.0.0.202105311346/tools/bin/../lib/gcc/arm-none-eabi/9.3.1/../../../../arm-none-eabi/lib/thumb/v7-m/nofp\libc_nano.a
LOAD c:/programs/stm32cubeide_1.7.0/stm32cubeide/plugins/com.st.stm32cube.ide.mcu.externaltools.gnu-tools-for-stm32.9-2020-q2-update.win32_2.0.0.202105311346/tools/bin/../lib/gcc/arm-none-eabi/9.3.1/../../../../arm-none-eabi/lib/thumb/v7-m/nofp\libnosys.a
END GROUP
START GROUP
LOAD c:/programs/stm32cubeide_1.7.0/stm32cubeide/plugins/com.st.stm32cube.ide.mcu.externaltools.gnu-tools-for-stm32.9-2020-q2-update.win32_2.0.0.202105311346/tools/bin/../lib/gcc/arm-none-eabi/9.3.1/thumb/v7-m/nofp\libgcc.a
LOAD c:/programs/stm32cubeide_1.7.0/stm32cubeide/plugins/com.st.stm32cube.ide.mcu.externaltools.gnu-tools-for-stm32.9-2020-q2-update.win32_2.0.0.202105311346/tools/bin/../lib/gcc/arm-none-eabi/9.3.1/../../../../arm-none-eabi/lib/thumb/v7-m/nofp\libc_nano.a
LOAD c:/programs/stm32cubeide_1.7.0/stm32cubeide/plugins/com.st.stm32cube.ide.mcu.externaltools.gnu-tools-for-stm32.9-2020-q2-update.win32_2.0.0.202105311346/tools/bin/../lib/gcc/arm-none-eabi/9.3.1/../../../../arm-none-eabi/lib/thumb/v7-m/nofp\libnosys.a
END GROUP
LOAD c:/programs/stm32cubeide_1.7.0/stm32cubeide/plugins/com.st.stm32cube.ide.mcu.externaltools.gnu-tools-for-stm32.9-2020-q2-update.win32_2.0.0.202105311346/tools/bin/../lib/gcc/arm-none-eabi/9.3.1/thumb/v7-m/nofp/crtend.o
LOAD c:/programs/stm32cubeide_1.7.0/stm32cubeide/plugins/com.st.stm32cube.ide.mcu.externaltools.gnu-tools-for-stm32.9-2020-q2-update.win32_2.0.0.202105311346/tools/bin/../lib/gcc/arm-none-eabi/9.3.1/thumb/v7-m/nofp/crtn.o
                0x0000000020020000                _estack = (ORIGIN (RAM) + LENGTH (RAM))
                0x0000000000000200                _Min_Heap_Size = 0x200
                0x0000000000000400                _Min_Stack_Size = 0x400

.isr_vector     0x0000000008000000      0x184
                0x0000000008000000                . = ALIGN (0x4)
 *(.isr_vector)
 .isr_vector    0x0000000008000000      0x184 ./Core/Startup/startup_stm32f207vetx.o
                0x0000000008000000                g_pfnVectors
                0x0000000008000184                . = ALIGN (0x4)

.text           0x0000000008000188     0x764c
                0x0000000008000188                . = ALIGN (0x4)
 *(.text)
 .text          0x0000000008000188       0x40 c:/programs/stm32cubeide_1.7.0/stm32cubeide/plugins/com.st.stm32cube.ide.mcu.externaltools.gnu-tools-for-stm32.9-2020-q2-update.win32_2.0.0.202105311346/tools/bin/../lib/gcc/arm-none-eabi/9.3.1/thumb/v7-m/nofp/crtbegin.o
 .text          0x00000000080001c8      0x254 c:/programs/stm32cubeide_1.7.0/stm32cubeide/plugins/com.st.stm32cube.ide.mcu.externaltools.gnu-tools-for-stm32.9-2020-q2-update.win32_2.0.0.202105311346/tools/bin/../lib/gcc/arm-none-eabi/9.3.1/thumb/v7-m/nofp\libgcc.a(_arm_muldf3.o)
                0x00000000080001c8                __muldf3
                0x00000000080001c8                __aeabi_dmul
 .text          0x000000000800041c      0x378 c:/programs/stm32cubeide_1.7.0/stm32cubeide/plugins/com.st.stm32cube.ide.mcu.externaltools.gnu-tools-for-stm32.9-2020-q2-update.win32_2.0.0.202105311346/tools/bin/../lib/gcc/arm-none-eabi/9.3.1/thumb/v7-m/nofp\libgcc.a(_arm_addsubdf3.o)
                0x000000000800041c                __aeabi_drsub
                0x0000000008000424                __aeabi_dsub
                0x0000000008000424                __subdf3
                0x0000000008000428                __aeabi_dadd
                0x0000000008000428                __adddf3
                0x00000000080006a0                __floatunsidf
                0x00000000080006a0                __aeabi_ui2d
                0x00000000080006c0                __floatsidf
                0x00000000080006c0                __aeabi_i2d
                0x00000000080006e4                __aeabi_f2d
                0x00000000080006e4                __extendsfdf2
                0x0000000008000728                __floatundidf
                0x0000000008000728                __aeabi_ul2d
                0x0000000008000738                __floatdidf
                0x0000000008000738                __aeabi_l2d
 .text          0x0000000008000794       0xa0 c:/programs/stm32cubeide_1.7.0/stm32cubeide/plugins/com.st.stm32cube.ide.mcu.externaltools.gnu-tools-for-stm32.9-2020-q2-update.win32_2.0.0.202105311346/tools/bin/../lib/gcc/arm-none-eabi/9.3.1/thumb/v7-m/nofp\libgcc.a(_arm_truncdfsf2.o)
                0x0000000008000794                __truncdfsf2
                0x0000000008000794                __aeabi_d2f
 .text          0x0000000008000834      0x21c c:/programs/stm32cubeide_1.7.0/stm32cubeide/plugins/com.st.stm32cube.ide.mcu.externaltools.gnu-tools-for-stm32.9-2020-q2-update.win32_2.0.0.202105311346/tools/bin/../lib/gcc/arm-none-eabi/9.3.1/thumb/v7-m/nofp\libgcc.a(_arm_addsubsf3.o)
                0x0000000008000834                __aeabi_frsub
                0x000000000800083c                __subsf3
                0x000000000800083c                __aeabi_fsub
                0x0000000008000840                __aeabi_fadd
                0x0000000008000840                __addsf3
                0x00000000080009a0                __aeabi_ui2f
                0x00000000080009a0                __floatunsisf
                0x00000000080009a8                __aeabi_i2f
                0x00000000080009a8                __floatsisf
                0x00000000080009c4                __aeabi_ul2f
                0x00000000080009c4                __floatundisf
                0x00000000080009d4                __aeabi_l2f
                0x00000000080009d4                __floatdisf
 .text          0x0000000008000a50      0x2a0 c:/programs/stm32cubeide_1.7.0/stm32cubeide/plugins/com.st.stm32cube.ide.mcu.externaltools.gnu-tools-for-stm32.9-2020-q2-update.win32_2.0.0.202105311346/tools/bin/../lib/gcc/arm-none-eabi/9.3.1/thumb/v7-m/nofp\libgcc.a(_arm_muldivsf3.o)
                0x0000000008000a50                __mulsf3
                0x0000000008000a50                __aeabi_fmul
                0x0000000008000bb8                __aeabi_fdiv
                0x0000000008000bb8                __divsf3
 .text          0x0000000008000cf0       0xec c:/programs/stm32cubeide_1.7.0/stm32cubeide/plugins/com.st.stm32cube.ide.mcu.externaltools.gnu-tools-for-stm32.9-2020-q2-update.win32_2.0.0.202105311346/tools/bin/../lib/gcc/arm-none-eabi/9.3.1/thumb/v7-m/nofp\libgcc.a(_arm_cmpsf2.o)
                0x0000000008000cf0                __gesf2
                0x0000000008000cf0                __gtsf2
                0x0000000008000cf8                __lesf2
                0x0000000008000cf8                __ltsf2
                0x0000000008000d00                __nesf2
                0x0000000008000d00                __eqsf2
                0x0000000008000d00                __cmpsf2
                0x0000000008000d60                __aeabi_cfrcmple
                0x0000000008000d68                __aeabi_cfcmpeq
                0x0000000008000d68                __aeabi_cfcmple
                0x0000000008000d78                __aeabi_fcmpeq
                0x0000000008000d8c                __aeabi_fcmplt
                0x0000000008000da0                __aeabi_fcmple
                0x0000000008000db4                __aeabi_fcmpge
                0x0000000008000dc8                __aeabi_fcmpgt
 .text          0x0000000008000ddc       0x40 c:/programs/stm32cubeide_1.7.0/stm32cubeide/plugins/com.st.stm32cube.ide.mcu.externaltools.gnu-tools-for-stm32.9-2020-q2-update.win32_2.0.0.202105311346/tools/bin/../lib/gcc/arm-none-eabi/9.3.1/thumb/v7-m/nofp\libgcc.a(_arm_fixunssfsi.o)
                0x0000000008000ddc                __fixunssfsi
                0x0000000008000ddc                __aeabi_f2uiz
 .text          0x0000000008000e1c       0x30 c:/programs/stm32cubeide_1.7.0/stm32cubeide/plugins/com.st.stm32cube.ide.mcu.externaltools.gnu-tools-for-stm32.9-2020-q2-update.win32_2.0.0.202105311346/tools/bin/../lib/gcc/arm-none-eabi/9.3.1/thumb/v7-m/nofp\libgcc.a(_aeabi_uldivmod.o)
                0x0000000008000e1c                __aeabi_uldivmod
 .text          0x0000000008000e4c      0x2c4 c:/programs/stm32cubeide_1.7.0/stm32cubeide/plugins/com.st.stm32cube.ide.mcu.externaltools.gnu-tools-for-stm32.9-2020-q2-update.win32_2.0.0.202105311346/tools/bin/../lib/gcc/arm-none-eabi/9.3.1/thumb/v7-m/nofp\libgcc.a(_udivmoddi4.o)
                0x0000000008000e4c                __udivmoddi4
 .text          0x0000000008001110        0x4 c:/programs/stm32cubeide_1.7.0/stm32cubeide/plugins/com.st.stm32cube.ide.mcu.externaltools.gnu-tools-for-stm32.9-2020-q2-update.win32_2.0.0.202105311346/tools/bin/../lib/gcc/arm-none-eabi/9.3.1/thumb/v7-m/nofp\libgcc.a(_dvmd_tls.o)
                0x0000000008001110                __aeabi_idiv0
                0x0000000008001110                __aeabi_ldiv0
 *(.text*)
 *fill*         0x0000000008001114        0x4 
 .text.initialize_PID_constants
                0x0000000008001118       0x8c ./Core/Src/MotorControl.o
                0x0000000008001118                initialize_PID_constants
 .text.coil_AC  0x00000000080011a4       0x54 ./Core/Src/MotorControl.o
                0x00000000080011a4                coil_AC
 .text.coil_AB  0x00000000080011f8       0x50 ./Core/Src/MotorControl.o
                0x00000000080011f8                coil_AB
 .text.coil_CB  0x0000000008001248       0x54 ./Core/Src/MotorControl.o
                0x0000000008001248                coil_CB
 .text.coil_CA  0x000000000800129c       0x54 ./Core/Src/MotorControl.o
                0x000000000800129c                coil_CA
 .text.coil_BA  0x00000000080012f0       0x50 ./Core/Src/MotorControl.o
                0x00000000080012f0                coil_BA
 .text.coil_BC  0x0000000008001340       0x54 ./Core/Src/MotorControl.o
                0x0000000008001340                coil_BC
 .text.motor_control
                0x0000000008001394       0xcc ./Core/Src/MotorControl.o
                0x0000000008001394                motor_control
 .text.cur_sector
                0x0000000008001460       0x70 ./Core/Src/MotorControl.o
                0x0000000008001460                cur_sector
 .text.HAL_GPIO_EXTI_Callback
                0x00000000080014d0       0x54 ./Core/Src/MotorControl.o
                0x00000000080014d0                HAL_GPIO_EXTI_Callback
 *fill*         0x0000000008001524        0x4 
 .text.calculateSpeed
                0x0000000008001528       0x48 ./Core/Src/MotorControl.o
                0x0000000008001528                calculateSpeed
 .text.calculatePID
                0x0000000008001570       0xf0 ./Core/Src/MotorControl.o
                0x0000000008001570                calculatePID
 .text.HAL_TIM_PeriodElapsedCallback
                0x0000000008001660       0x60 ./Core/Src/MotorControl.o
                0x0000000008001660                HAL_TIM_PeriodElapsedCallback
 .text.loop     0x00000000080016c0        0xc ./Core/Src/MotorControl.o
                0x00000000080016c0                loop
 .text.start    0x00000000080016cc       0x40 ./Core/Src/MotorControl.o
                0x00000000080016cc                start
 .text.main     0x000000000800170c       0x3e ./Core/Src/main.o
                0x000000000800170c                main
 .text.SystemClock_Config
                0x000000000800174a       0x8c ./Core/Src/main.o
                0x000000000800174a                SystemClock_Config
 *fill*         0x00000000080017d6        0x2 
 .text.MX_ADC1_Init
                0x00000000080017d8       0xd4 ./Core/Src/main.o
 .text.MX_I2C3_Init
                0x00000000080018ac       0x5c ./Core/Src/main.o
 .text.MX_TIM1_Init
                0x0000000008001908      0x158 ./Core/Src/main.o
 .text.MX_TIM4_Init
                0x0000000008001a60       0xa8 ./Core/Src/main.o
 .text.MX_TIM8_Init
                0x0000000008001b08      0x140 ./Core/Src/main.o
 .text.MX_TIM14_Init
                0x0000000008001c48       0x94 ./Core/Src/main.o
 .text.MX_USART3_UART_Init
                0x0000000008001cdc       0x54 ./Core/Src/main.o
 .text.MX_DMA_Init
                0x0000000008001d30       0x6c ./Core/Src/main.o
 .text.MX_GPIO_Init
                0x0000000008001d9c      0x138 ./Core/Src/main.o
 .text.Error_Handler
                0x0000000008001ed4        0xa ./Core/Src/main.o
                0x0000000008001ed4                Error_Handler
 *fill*         0x0000000008001ede        0x2 
 .text.HAL_MspInit
                0x0000000008001ee0       0x4c ./Core/Src/stm32f2xx_hal_msp.o
                0x0000000008001ee0                HAL_MspInit
 .text.HAL_ADC_MspInit
                0x0000000008001f2c      0x170 ./Core/Src/stm32f2xx_hal_msp.o
                0x0000000008001f2c                HAL_ADC_MspInit
 .text.HAL_I2C_MspInit
                0x000000000800209c      0x148 ./Core/Src/stm32f2xx_hal_msp.o
                0x000000000800209c                HAL_I2C_MspInit
 .text.HAL_TIM_Base_MspInit
                0x00000000080021e4       0xc8 ./Core/Src/stm32f2xx_hal_msp.o
                0x00000000080021e4                HAL_TIM_Base_MspInit
 .text.HAL_TIM_Encoder_MspInit
                0x00000000080022ac       0xa0 ./Core/Src/stm32f2xx_hal_msp.o
                0x00000000080022ac                HAL_TIM_Encoder_MspInit
 .text.HAL_TIM_MspPostInit
                0x000000000800234c      0x104 ./Core/Src/stm32f2xx_hal_msp.o
                0x000000000800234c                HAL_TIM_MspPostInit
 .text.HAL_UART_MspInit
                0x0000000008002450       0xa0 ./Core/Src/stm32f2xx_hal_msp.o
                0x0000000008002450                HAL_UART_MspInit
 .text.NMI_Handler
                0x00000000080024f0        0x6 ./Core/Src/stm32f2xx_it.o
                0x00000000080024f0                NMI_Handler
 .text.HardFault_Handler
                0x00000000080024f6        0x6 ./Core/Src/stm32f2xx_it.o
                0x00000000080024f6                HardFault_Handler
 .text.MemManage_Handler
                0x00000000080024fc        0x6 ./Core/Src/stm32f2xx_it.o
                0x00000000080024fc                MemManage_Handler
 .text.BusFault_Handler
                0x0000000008002502        0x6 ./Core/Src/stm32f2xx_it.o
                0x0000000008002502                BusFault_Handler
 .text.UsageFault_Handler
                0x0000000008002508        0x6 ./Core/Src/stm32f2xx_it.o
                0x0000000008002508                UsageFault_Handler
 .text.SVC_Handler
                0x000000000800250e        0xc ./Core/Src/stm32f2xx_it.o
                0x000000000800250e                SVC_Handler
 .text.DebugMon_Handler
                0x000000000800251a        0xc ./Core/Src/stm32f2xx_it.o
                0x000000000800251a                DebugMon_Handler
 .text.PendSV_Handler
                0x0000000008002526        0xc ./Core/Src/stm32f2xx_it.o
                0x0000000008002526                PendSV_Handler
 .text.SysTick_Handler
                0x0000000008002532        0xc ./Core/Src/stm32f2xx_it.o
                0x0000000008002532                SysTick_Handler
 .text.EXTI0_IRQHandler
                0x000000000800253e        0xe ./Core/Src/stm32f2xx_it.o
                0x000000000800253e                EXTI0_IRQHandler
 .text.EXTI1_IRQHandler
                0x000000000800254c        0xe ./Core/Src/stm32f2xx_it.o
                0x000000000800254c                EXTI1_IRQHandler
 *fill*         0x000000000800255a        0x2 
 .text.DMA1_Stream4_IRQHandler
                0x000000000800255c       0x14 ./Core/Src/stm32f2xx_it.o
                0x000000000800255c                DMA1_Stream4_IRQHandler
 .text.ADC_IRQHandler
                0x0000000008002570       0x14 ./Core/Src/stm32f2xx_it.o
                0x0000000008002570                ADC_IRQHandler
 .text.EXTI9_5_IRQHandler
                0x0000000008002584       0x14 ./Core/Src/stm32f2xx_it.o
                0x0000000008002584                EXTI9_5_IRQHandler
 .text.TIM1_UP_TIM10_IRQHandler
                0x0000000008002598       0x14 ./Core/Src/stm32f2xx_it.o
                0x0000000008002598                TIM1_UP_TIM10_IRQHandler
 .text.TIM4_IRQHandler
                0x00000000080025ac       0x14 ./Core/Src/stm32f2xx_it.o
                0x00000000080025ac                TIM4_IRQHandler
 .text.USART3_IRQHandler
                0x00000000080025c0       0x14 ./Core/Src/stm32f2xx_it.o
                0x00000000080025c0                USART3_IRQHandler
 .text.TIM8_TRG_COM_TIM14_IRQHandler
                0x00000000080025d4       0x1c ./Core/Src/stm32f2xx_it.o
                0x00000000080025d4                TIM8_TRG_COM_TIM14_IRQHandler
 .text.DMA2_Stream0_IRQHandler
                0x00000000080025f0       0x14 ./Core/Src/stm32f2xx_it.o
                0x00000000080025f0                DMA2_Stream0_IRQHandler
 .text.I2C3_EV_IRQHandler
                0x0000000008002604       0x14 ./Core/Src/stm32f2xx_it.o
                0x0000000008002604                I2C3_EV_IRQHandler
 .text.SystemInit
                0x0000000008002618       0x5c ./Core/Src/system_stm32f2xx.o
                0x0000000008002618                SystemInit
 .text.Reset_Handler
                0x0000000008002674       0x50 ./Core/Startup/startup_stm32f207vetx.o
                0x0000000008002674                Reset_Handler
 .text.Default_Handler
                0x00000000080026c4        0x2 ./Core/Startup/startup_stm32f207vetx.o
                0x00000000080026c4                RTC_Alarm_IRQHandler
                0x00000000080026c4                HASH_RNG_IRQHandler
                0x00000000080026c4                EXTI2_IRQHandler
                0x00000000080026c4                TIM8_CC_IRQHandler
                0x00000000080026c4                TIM1_CC_IRQHandler
                0x00000000080026c4                DMA2_Stream5_IRQHandler
                0x00000000080026c4                DMA1_Stream5_IRQHandler
                0x00000000080026c4                PVD_IRQHandler
                0x00000000080026c4                SDIO_IRQHandler
                0x00000000080026c4                TAMP_STAMP_IRQHandler
                0x00000000080026c4                CAN2_RX1_IRQHandler
                0x00000000080026c4                EXTI3_IRQHandler
                0x00000000080026c4                TIM8_UP_TIM13_IRQHandler
                0x00000000080026c4                I2C3_ER_IRQHandler
                0x00000000080026c4                I2C2_EV_IRQHandler
                0x00000000080026c4                DMA1_Stream2_IRQHandler
                0x00000000080026c4                CAN1_RX0_IRQHandler
                0x00000000080026c4                OTG_HS_WKUP_IRQHandler
                0x00000000080026c4                CAN2_SCE_IRQHandler
                0x00000000080026c4                DMA2_Stream2_IRQHandler
                0x00000000080026c4                SPI1_IRQHandler
                0x00000000080026c4                TIM6_DAC_IRQHandler
                0x00000000080026c4                TIM1_BRK_TIM9_IRQHandler
                0x00000000080026c4                DCMI_IRQHandler
                0x00000000080026c4                CAN2_RX0_IRQHandler
                0x00000000080026c4                DMA2_Stream3_IRQHandler
                0x00000000080026c4                USART6_IRQHandler
                0x00000000080026c4                CAN1_RX1_IRQHandler
                0x00000000080026c4                UART5_IRQHandler
                0x00000000080026c4                I2C1_EV_IRQHandler
                0x00000000080026c4                DMA1_Stream6_IRQHandler
                0x00000000080026c4                DMA1_Stream1_IRQHandler
                0x00000000080026c4                UART4_IRQHandler
                0x00000000080026c4                TIM3_IRQHandler
                0x00000000080026c4                RCC_IRQHandler
                0x00000000080026c4                TIM8_BRK_TIM12_IRQHandler
                0x00000000080026c4                Default_Handler
                0x00000000080026c4                EXTI15_10_IRQHandler
                0x00000000080026c4                DMA1_Stream7_IRQHandler
                0x00000000080026c4                TIM7_IRQHandler
                0x00000000080026c4                CAN2_TX_IRQHandler
                0x00000000080026c4                TIM5_IRQHandler
                0x00000000080026c4                DMA2_Stream7_IRQHandler
                0x00000000080026c4                RTC_WKUP_IRQHandler
                0x00000000080026c4                ETH_WKUP_IRQHandler
                0x00000000080026c4                SPI2_IRQHandler
                0x00000000080026c4                OTG_HS_EP1_IN_IRQHandler
                0x00000000080026c4                DMA1_Stream0_IRQHandler
                0x00000000080026c4                CAN1_TX_IRQHandler
                0x00000000080026c4                EXTI4_IRQHandler
                0x00000000080026c4                FSMC_IRQHandler
                0x00000000080026c4                ETH_IRQHandler
                0x00000000080026c4                OTG_HS_EP1_OUT_IRQHandler
                0x00000000080026c4                WWDG_IRQHandler
                0x00000000080026c4                TIM2_IRQHandler
                0x00000000080026c4                OTG_FS_WKUP_IRQHandler
                0x00000000080026c4                TIM1_TRG_COM_TIM11_IRQHandler
                0x00000000080026c4                OTG_HS_IRQHandler
                0x00000000080026c4                USART2_IRQHandler
                0x00000000080026c4                I2C2_ER_IRQHandler
                0x00000000080026c4                DMA2_Stream1_IRQHandler
                0x00000000080026c4                CAN1_SCE_IRQHandler
                0x00000000080026c4                FLASH_IRQHandler
                0x00000000080026c4                DMA2_Stream4_IRQHandler
                0x00000000080026c4                USART1_IRQHandler
                0x00000000080026c4                OTG_FS_IRQHandler
                0x00000000080026c4                SPI3_IRQHandler
                0x00000000080026c4                I2C1_ER_IRQHandler
                0x00000000080026c4                DMA2_Stream6_IRQHandler
                0x00000000080026c4                DMA1_Stream3_IRQHandler
 *fill*         0x00000000080026c6        0x2 
 .text.HAL_Init
                0x00000000080026c8       0x44 ./Drivers/STM32F2xx_HAL_Driver/Src/stm32f2xx_hal.o
                0x00000000080026c8                HAL_Init
 .text.HAL_InitTick
                0x000000000800270c       0x60 ./Drivers/STM32F2xx_HAL_Driver/Src/stm32f2xx_hal.o
                0x000000000800270c                HAL_InitTick
 .text.HAL_IncTick
                0x000000000800276c       0x24 ./Drivers/STM32F2xx_HAL_Driver/Src/stm32f2xx_hal.o
                0x000000000800276c                HAL_IncTick
 .text.HAL_GetTick
                0x0000000008002790       0x14 ./Drivers/STM32F2xx_HAL_Driver/Src/stm32f2xx_hal.o
                0x0000000008002790                HAL_GetTick
 .text.HAL_Delay
                0x00000000080027a4       0x48 ./Drivers/STM32F2xx_HAL_Driver/Src/stm32f2xx_hal.o
                0x00000000080027a4                HAL_Delay
 .text.HAL_ADC_Init
                0x00000000080027ec       0x86 ./Drivers/STM32F2xx_HAL_Driver/Src/stm32f2xx_hal_adc.o
                0x00000000080027ec                HAL_ADC_Init
 .text.HAL_ADC_IRQHandler
                0x0000000008002872      0x282 ./Drivers/STM32F2xx_HAL_Driver/Src/stm32f2xx_hal_adc.o
                0x0000000008002872                HAL_ADC_IRQHandler
 .text.HAL_ADC_ConvCpltCallback
                0x0000000008002af4       0x12 ./Drivers/STM32F2xx_HAL_Driver/Src/stm32f2xx_hal_adc.o
                0x0000000008002af4                HAL_ADC_ConvCpltCallback
 .text.HAL_ADC_LevelOutOfWindowCallback
                0x0000000008002b06       0x12 ./Drivers/STM32F2xx_HAL_Driver/Src/stm32f2xx_hal_adc.o
                0x0000000008002b06                HAL_ADC_LevelOutOfWindowCallback
 .text.HAL_ADC_ErrorCallback
                0x0000000008002b18       0x12 ./Drivers/STM32F2xx_HAL_Driver/Src/stm32f2xx_hal_adc.o
                0x0000000008002b18                HAL_ADC_ErrorCallback
 *fill*         0x0000000008002b2a        0x2 
 .text.HAL_ADC_ConfigChannel
                0x0000000008002b2c      0x240 ./Drivers/STM32F2xx_HAL_Driver/Src/stm32f2xx_hal_adc.o
                0x0000000008002b2c                HAL_ADC_ConfigChannel
 .text.ADC_Init
                0x0000000008002d6c      0x208 ./Drivers/STM32F2xx_HAL_Driver/Src/stm32f2xx_hal_adc.o
 .text.HAL_ADCEx_InjectedConvCpltCallback
                0x0000000008002f74       0x12 ./Drivers/STM32F2xx_HAL_Driver/Src/stm32f2xx_hal_adc_ex.o
                0x0000000008002f74                HAL_ADCEx_InjectedConvCpltCallback
 *fill*         0x0000000008002f86        0x2 
 .text.__NVIC_SetPriorityGrouping
                0x0000000008002f88       0x48 ./Drivers/STM32F2xx_HAL_Driver/Src/stm32f2xx_hal_cortex.o
 .text.__NVIC_GetPriorityGrouping
                0x0000000008002fd0       0x1c ./Drivers/STM32F2xx_HAL_Driver/Src/stm32f2xx_hal_cortex.o
 .text.__NVIC_EnableIRQ
                0x0000000008002fec       0x38 ./Drivers/STM32F2xx_HAL_Driver/Src/stm32f2xx_hal_cortex.o
 .text.__NVIC_SetPriority
                0x0000000008003024       0x54 ./Drivers/STM32F2xx_HAL_Driver/Src/stm32f2xx_hal_cortex.o
 .text.NVIC_EncodePriority
                0x0000000008003078       0x64 ./Drivers/STM32F2xx_HAL_Driver/Src/stm32f2xx_hal_cortex.o
 .text.SysTick_Config
                0x00000000080030dc       0x44 ./Drivers/STM32F2xx_HAL_Driver/Src/stm32f2xx_hal_cortex.o
 .text.HAL_NVIC_SetPriorityGrouping
                0x0000000008003120       0x16 ./Drivers/STM32F2xx_HAL_Driver/Src/stm32f2xx_hal_cortex.o
                0x0000000008003120                HAL_NVIC_SetPriorityGrouping
 .text.HAL_NVIC_SetPriority
                0x0000000008003136       0x38 ./Drivers/STM32F2xx_HAL_Driver/Src/stm32f2xx_hal_cortex.o
                0x0000000008003136                HAL_NVIC_SetPriority
 .text.HAL_NVIC_EnableIRQ
                0x000000000800316e       0x1c ./Drivers/STM32F2xx_HAL_Driver/Src/stm32f2xx_hal_cortex.o
                0x000000000800316e                HAL_NVIC_EnableIRQ
 .text.HAL_SYSTICK_Config
                0x000000000800318a       0x18 ./Drivers/STM32F2xx_HAL_Driver/Src/stm32f2xx_hal_cortex.o
                0x000000000800318a                HAL_SYSTICK_Config
 *fill*         0x00000000080031a2        0x2 
 .text.HAL_DMA_Init
                0x00000000080031a4      0x15c ./Drivers/STM32F2xx_HAL_Driver/Src/stm32f2xx_hal_dma.o
                0x00000000080031a4                HAL_DMA_Init
 .text.HAL_DMA_Abort_IT
                0x0000000008003300       0x42 ./Drivers/STM32F2xx_HAL_Driver/Src/stm32f2xx_hal_dma.o
                0x0000000008003300                HAL_DMA_Abort_IT
 *fill*         0x0000000008003342        0x2 
 .text.HAL_DMA_IRQHandler
                0x0000000008003344      0x314 ./Drivers/STM32F2xx_HAL_Driver/Src/stm32f2xx_hal_dma.o
                0x0000000008003344                HAL_DMA_IRQHandler
 .text.HAL_DMA_GetState
                0x0000000008003658       0x1a ./Drivers/STM32F2xx_HAL_Driver/Src/stm32f2xx_hal_dma.o
                0x0000000008003658                HAL_DMA_GetState
 *fill*         0x0000000008003672        0x2 
 .text.DMA_CalcBaseAndBitshift
                0x0000000008003674       0x68 ./Drivers/STM32F2xx_HAL_Driver/Src/stm32f2xx_hal_dma.o
 .text.DMA_CheckFifoParam
                0x00000000080036dc       0xf4 ./Drivers/STM32F2xx_HAL_Driver/Src/stm32f2xx_hal_dma.o
 .text.HAL_GPIO_Init
                0x00000000080037d0      0x33c ./Drivers/STM32F2xx_HAL_Driver/Src/stm32f2xx_hal_gpio.o
                0x00000000080037d0                HAL_GPIO_Init
 .text.HAL_GPIO_ReadPin
                0x0000000008003b0c       0x2e ./Drivers/STM32F2xx_HAL_Driver/Src/stm32f2xx_hal_gpio.o
                0x0000000008003b0c                HAL_GPIO_ReadPin
 *fill*         0x0000000008003b3a        0x2 
 .text.HAL_GPIO_EXTI_IRQHandler
                0x0000000008003b3c       0x30 ./Drivers/STM32F2xx_HAL_Driver/Src/stm32f2xx_hal_gpio.o
                0x0000000008003b3c                HAL_GPIO_EXTI_IRQHandler
 .text.HAL_I2C_Init
                0x0000000008003b6c      0x288 ./Drivers/STM32F2xx_HAL_Driver/Src/stm32f2xx_hal_i2c.o
                0x0000000008003b6c                HAL_I2C_Init
 .text.HAL_I2C_EV_IRQHandler
                0x0000000008003df4      0x2cc ./Drivers/STM32F2xx_HAL_Driver/Src/stm32f2xx_hal_i2c.o
                0x0000000008003df4                HAL_I2C_EV_IRQHandler
 .text.HAL_I2C_MasterTxCpltCallback
                0x00000000080040c0       0x12 ./Drivers/STM32F2xx_HAL_Driver/Src/stm32f2xx_hal_i2c.o
                0x00000000080040c0                HAL_I2C_MasterTxCpltCallback
 .text.HAL_I2C_MasterRxCpltCallback
                0x00000000080040d2       0x12 ./Drivers/STM32F2xx_HAL_Driver/Src/stm32f2xx_hal_i2c.o
                0x00000000080040d2                HAL_I2C_MasterRxCpltCallback
 .text.HAL_I2C_SlaveTxCpltCallback
                0x00000000080040e4       0x12 ./Drivers/STM32F2xx_HAL_Driver/Src/stm32f2xx_hal_i2c.o
                0x00000000080040e4                HAL_I2C_SlaveTxCpltCallback
 .text.HAL_I2C_SlaveRxCpltCallback
                0x00000000080040f6       0x12 ./Drivers/STM32F2xx_HAL_Driver/Src/stm32f2xx_hal_i2c.o
                0x00000000080040f6                HAL_I2C_SlaveRxCpltCallback
 .text.HAL_I2C_AddrCallback
                0x0000000008004108       0x1a ./Drivers/STM32F2xx_HAL_Driver/Src/stm32f2xx_hal_i2c.o
                0x0000000008004108                HAL_I2C_AddrCallback
 .text.HAL_I2C_ListenCpltCallback
                0x0000000008004122       0x12 ./Drivers/STM32F2xx_HAL_Driver/Src/stm32f2xx_hal_i2c.o
                0x0000000008004122                HAL_I2C_ListenCpltCallback
 .text.HAL_I2C_MemTxCpltCallback
                0x0000000008004134       0x12 ./Drivers/STM32F2xx_HAL_Driver/Src/stm32f2xx_hal_i2c.o
                0x0000000008004134                HAL_I2C_MemTxCpltCallback
 .text.HAL_I2C_MemRxCpltCallback
                0x0000000008004146       0x12 ./Drivers/STM32F2xx_HAL_Driver/Src/stm32f2xx_hal_i2c.o
                0x0000000008004146                HAL_I2C_MemRxCpltCallback
 .text.HAL_I2C_ErrorCallback
                0x0000000008004158       0x12 ./Drivers/STM32F2xx_HAL_Driver/Src/stm32f2xx_hal_i2c.o
                0x0000000008004158                HAL_I2C_ErrorCallback
 .text.HAL_I2C_AbortCpltCallback
                0x000000000800416a       0x12 ./Drivers/STM32F2xx_HAL_Driver/Src/stm32f2xx_hal_i2c.o
                0x000000000800416a                HAL_I2C_AbortCpltCallback
 .text.I2C_MasterTransmit_TXE
                0x000000000800417c      0x138 ./Drivers/STM32F2xx_HAL_Driver/Src/stm32f2xx_hal_i2c.o
 .text.I2C_MasterTransmit_BTF
                0x00000000080042b4      0x100 ./Drivers/STM32F2xx_HAL_Driver/Src/stm32f2xx_hal_i2c.o
 .text.I2C_MemoryTransmit_TXE_BTF
                0x00000000080043b4       0xcc ./Drivers/STM32F2xx_HAL_Driver/Src/stm32f2xx_hal_i2c.o
 .text.I2C_MasterReceive_RXNE
                0x0000000008004480      0x104 ./Drivers/STM32F2xx_HAL_Driver/Src/stm32f2xx_hal_i2c.o
 .text.I2C_MasterReceive_BTF
                0x0000000008004584      0x1d4 ./Drivers/STM32F2xx_HAL_Driver/Src/stm32f2xx_hal_i2c.o
 .text.I2C_Master_SB
                0x0000000008004758      0x10a ./Drivers/STM32F2xx_HAL_Driver/Src/stm32f2xx_hal_i2c.o
 .text.I2C_Master_ADD10
                0x0000000008004862       0x52 ./Drivers/STM32F2xx_HAL_Driver/Src/stm32f2xx_hal_i2c.o
 .text.I2C_Master_ADDR
                0x00000000080048b4      0x320 ./Drivers/STM32F2xx_HAL_Driver/Src/stm32f2xx_hal_i2c.o
 .text.I2C_SlaveTransmit_TXE
                0x0000000008004bd4       0x7a ./Drivers/STM32F2xx_HAL_Driver/Src/stm32f2xx_hal_i2c.o
 .text.I2C_SlaveTransmit_BTF
                0x0000000008004c4e       0x40 ./Drivers/STM32F2xx_HAL_Driver/Src/stm32f2xx_hal_i2c.o
 .text.I2C_SlaveReceive_RXNE
                0x0000000008004c8e       0x7c ./Drivers/STM32F2xx_HAL_Driver/Src/stm32f2xx_hal_i2c.o
 .text.I2C_SlaveReceive_BTF
                0x0000000008004d0a       0x42 ./Drivers/STM32F2xx_HAL_Driver/Src/stm32f2xx_hal_i2c.o
 .text.I2C_Slave_ADDR
                0x0000000008004d4c       0x88 ./Drivers/STM32F2xx_HAL_Driver/Src/stm32f2xx_hal_i2c.o
 .text.I2C_Slave_STOPF
                0x0000000008004dd4      0x260 ./Drivers/STM32F2xx_HAL_Driver/Src/stm32f2xx_hal_i2c.o
 .text.I2C_ITError
                0x0000000008005034      0x25c ./Drivers/STM32F2xx_HAL_Driver/Src/stm32f2xx_hal_i2c.o
 .text.I2C_DMAAbort
                0x0000000008005290       0xfe ./Drivers/STM32F2xx_HAL_Driver/Src/stm32f2xx_hal_i2c.o
 .text.I2C_ConvertOtherXferOptions
                0x000000000800538e       0x34 ./Drivers/STM32F2xx_HAL_Driver/Src/stm32f2xx_hal_i2c.o
 *fill*         0x00000000080053c2        0x2 
 .text.HAL_RCC_OscConfig
                0x00000000080053c4      0x4d4 ./Drivers/STM32F2xx_HAL_Driver/Src/stm32f2xx_hal_rcc.o
                0x00000000080053c4                HAL_RCC_OscConfig
 .text.HAL_RCC_ClockConfig
                0x0000000008005898      0x1d8 ./Drivers/STM32F2xx_HAL_Driver/Src/stm32f2xx_hal_rcc.o
                0x0000000008005898                HAL_RCC_ClockConfig
 .text.HAL_RCC_GetSysClockFreq
                0x0000000008005a70      0x1c4 ./Drivers/STM32F2xx_HAL_Driver/Src/stm32f2xx_hal_rcc.o
                0x0000000008005a70                HAL_RCC_GetSysClockFreq
 .text.HAL_RCC_GetHCLKFreq
                0x0000000008005c34       0x14 ./Drivers/STM32F2xx_HAL_Driver/Src/stm32f2xx_hal_rcc.o
                0x0000000008005c34                HAL_RCC_GetHCLKFreq
 .text.HAL_RCC_GetPCLK1Freq
                0x0000000008005c48       0x44 ./Drivers/STM32F2xx_HAL_Driver/Src/stm32f2xx_hal_rcc.o
                0x0000000008005c48                HAL_RCC_GetPCLK1Freq
 .text.HAL_RCC_GetPCLK2Freq
                0x0000000008005c8c       0x44 ./Drivers/STM32F2xx_HAL_Driver/Src/stm32f2xx_hal_rcc.o
                0x0000000008005c8c                HAL_RCC_GetPCLK2Freq
 .text.HAL_TIM_Base_Init
                0x0000000008005cd0       0x56 ./Drivers/STM32F2xx_HAL_Driver/Src/stm32f2xx_hal_tim.o
                0x0000000008005cd0                HAL_TIM_Base_Init
 .text.HAL_TIM_Base_Start_IT
                0x0000000008005d26       0x46 ./Drivers/STM32F2xx_HAL_Driver/Src/stm32f2xx_hal_tim.o
                0x0000000008005d26                HAL_TIM_Base_Start_IT
 .text.HAL_TIM_OC_Init
                0x0000000008005d6c       0x56 ./Drivers/STM32F2xx_HAL_Driver/Src/stm32f2xx_hal_tim.o
                0x0000000008005d6c                HAL_TIM_OC_Init
 .text.HAL_TIM_OC_MspInit
                0x0000000008005dc2       0x12 ./Drivers/STM32F2xx_HAL_Driver/Src/stm32f2xx_hal_tim.o
                0x0000000008005dc2                HAL_TIM_OC_MspInit
 .text.HAL_TIM_PWM_Init
                0x0000000008005dd4       0x56 ./Drivers/STM32F2xx_HAL_Driver/Src/stm32f2xx_hal_tim.o
                0x0000000008005dd4                HAL_TIM_PWM_Init
 .text.HAL_TIM_PWM_MspInit
                0x0000000008005e2a       0x12 ./Drivers/STM32F2xx_HAL_Driver/Src/stm32f2xx_hal_tim.o
                0x0000000008005e2a                HAL_TIM_PWM_MspInit
 .text.HAL_TIM_PWM_Start
                0x0000000008005e3c       0x7c ./Drivers/STM32F2xx_HAL_Driver/Src/stm32f2xx_hal_tim.o
                0x0000000008005e3c                HAL_TIM_PWM_Start
 .text.HAL_TIM_PWM_Stop
                0x0000000008005eb8       0xb0 ./Drivers/STM32F2xx_HAL_Driver/Src/stm32f2xx_hal_tim.o
                0x0000000008005eb8                HAL_TIM_PWM_Stop
 .text.HAL_TIM_Encoder_Init
                0x0000000008005f68      0x124 ./Drivers/STM32F2xx_HAL_Driver/Src/stm32f2xx_hal_tim.o
                0x0000000008005f68                HAL_TIM_Encoder_Init
 .text.HAL_TIM_IRQHandler
                0x000000000800608c      0x210 ./Drivers/STM32F2xx_HAL_Driver/Src/stm32f2xx_hal_tim.o
                0x000000000800608c                HAL_TIM_IRQHandler
 .text.HAL_TIM_OC_ConfigChannel
                0x000000000800629c       0xc0 ./Drivers/STM32F2xx_HAL_Driver/Src/stm32f2xx_hal_tim.o
                0x000000000800629c                HAL_TIM_OC_ConfigChannel
 .text.HAL_TIM_PWM_ConfigChannel
                0x000000000800635c      0x18c ./Drivers/STM32F2xx_HAL_Driver/Src/stm32f2xx_hal_tim.o
                0x000000000800635c                HAL_TIM_PWM_ConfigChannel
 .text.HAL_TIM_ConfigClockSource
                0x00000000080064e8      0x188 ./Drivers/STM32F2xx_HAL_Driver/Src/stm32f2xx_hal_tim.o
                0x00000000080064e8                HAL_TIM_ConfigClockSource
 .text.HAL_TIM_OC_DelayElapsedCallback
                0x0000000008006670       0x12 ./Drivers/STM32F2xx_HAL_Driver/Src/stm32f2xx_hal_tim.o
                0x0000000008006670                HAL_TIM_OC_DelayElapsedCallback
 .text.HAL_TIM_IC_CaptureCallback
                0x0000000008006682       0x12 ./Drivers/STM32F2xx_HAL_Driver/Src/stm32f2xx_hal_tim.o
                0x0000000008006682                HAL_TIM_IC_CaptureCallback
 .text.HAL_TIM_PWM_PulseFinishedCallback
                0x0000000008006694       0x12 ./Drivers/STM32F2xx_HAL_Driver/Src/stm32f2xx_hal_tim.o
                0x0000000008006694                HAL_TIM_PWM_PulseFinishedCallback
 .text.HAL_TIM_TriggerCallback
                0x00000000080066a6       0x12 ./Drivers/STM32F2xx_HAL_Driver/Src/stm32f2xx_hal_tim.o
                0x00000000080066a6                HAL_TIM_TriggerCallback
 .text.TIM_Base_SetConfig
                0x00000000080066b8      0x13c ./Drivers/STM32F2xx_HAL_Driver/Src/stm32f2xx_hal_tim.o
                0x00000000080066b8                TIM_Base_SetConfig
 .text.TIM_OC1_SetConfig
                0x00000000080067f4       0xe0 ./Drivers/STM32F2xx_HAL_Driver/Src/stm32f2xx_hal_tim.o
 .text.TIM_OC2_SetConfig
                0x00000000080068d4       0xe8 ./Drivers/STM32F2xx_HAL_Driver/Src/stm32f2xx_hal_tim.o
                0x00000000080068d4                TIM_OC2_SetConfig
 .text.TIM_OC3_SetConfig
                0x00000000080069bc       0xe8 ./Drivers/STM32F2xx_HAL_Driver/Src/stm32f2xx_hal_tim.o
 .text.TIM_OC4_SetConfig
                0x0000000008006aa4       0xa8 ./Drivers/STM32F2xx_HAL_Driver/Src/stm32f2xx_hal_tim.o
 .text.TIM_TI1_ConfigInputStage
                0x0000000008006b4c       0x5c ./Drivers/STM32F2xx_HAL_Driver/Src/stm32f2xx_hal_tim.o
 .text.TIM_TI2_ConfigInputStage
                0x0000000008006ba8       0x5e ./Drivers/STM32F2xx_HAL_Driver/Src/stm32f2xx_hal_tim.o
 .text.TIM_ITRx_SetConfig
                0x0000000008006c06       0x34 ./Drivers/STM32F2xx_HAL_Driver/Src/stm32f2xx_hal_tim.o
 .text.TIM_ETR_SetConfig
                0x0000000008006c3a       0x3e ./Drivers/STM32F2xx_HAL_Driver/Src/stm32f2xx_hal_tim.o
                0x0000000008006c3a                TIM_ETR_SetConfig
 .text.TIM_CCxChannelCmd
                0x0000000008006c78       0x48 ./Drivers/STM32F2xx_HAL_Driver/Src/stm32f2xx_hal_tim.o
                0x0000000008006c78                TIM_CCxChannelCmd
 .text.HAL_TIMEx_PWMN_Start
                0x0000000008006cc0       0x54 ./Drivers/STM32F2xx_HAL_Driver/Src/stm32f2xx_hal_tim_ex.o
                0x0000000008006cc0                HAL_TIMEx_PWMN_Start
 .text.HAL_TIMEx_PWMN_Stop
                0x0000000008006d14       0x82 ./Drivers/STM32F2xx_HAL_Driver/Src/stm32f2xx_hal_tim_ex.o
                0x0000000008006d14                HAL_TIMEx_PWMN_Stop
 .text.HAL_TIMEx_MasterConfigSynchronization
                0x0000000008006d96       0x88 ./Drivers/STM32F2xx_HAL_Driver/Src/stm32f2xx_hal_tim_ex.o
                0x0000000008006d96                HAL_TIMEx_MasterConfigSynchronization
 .text.HAL_TIMEx_ConfigBreakDeadTime
                0x0000000008006e1e       0xa2 ./Drivers/STM32F2xx_HAL_Driver/Src/stm32f2xx_hal_tim_ex.o
                0x0000000008006e1e                HAL_TIMEx_ConfigBreakDeadTime
 .text.HAL_TIMEx_CommutCallback
                0x0000000008006ec0       0x12 ./Drivers/STM32F2xx_HAL_Driver/Src/stm32f2xx_hal_tim_ex.o
                0x0000000008006ec0                HAL_TIMEx_CommutCallback
 .text.HAL_TIMEx_BreakCallback
                0x0000000008006ed2       0x12 ./Drivers/STM32F2xx_HAL_Driver/Src/stm32f2xx_hal_tim_ex.o
                0x0000000008006ed2                HAL_TIMEx_BreakCallback
 .text.TIM_CCxNChannelCmd
                0x0000000008006ee4       0x48 ./Drivers/STM32F2xx_HAL_Driver/Src/stm32f2xx_hal_tim_ex.o
 .text.HAL_UART_Init
                0x0000000008006f2c       0x9a ./Drivers/STM32F2xx_HAL_Driver/Src/stm32f2xx_hal_uart.o
                0x0000000008006f2c                HAL_UART_Init
 *fill*         0x0000000008006fc6        0x2 
 .text.HAL_UART_IRQHandler
                0x0000000008006fc8      0x200 ./Drivers/STM32F2xx_HAL_Driver/Src/stm32f2xx_hal_uart.o
                0x0000000008006fc8                HAL_UART_IRQHandler
 .text.HAL_UART_TxCpltCallback
                0x00000000080071c8       0x12 ./Drivers/STM32F2xx_HAL_Driver/Src/stm32f2xx_hal_uart.o
                0x00000000080071c8                HAL_UART_TxCpltCallback
 .text.HAL_UART_RxCpltCallback
                0x00000000080071da       0x12 ./Drivers/STM32F2xx_HAL_Driver/Src/stm32f2xx_hal_uart.o
                0x00000000080071da                HAL_UART_RxCpltCallback
 .text.HAL_UART_ErrorCallback
                0x00000000080071ec       0x12 ./Drivers/STM32F2xx_HAL_Driver/Src/stm32f2xx_hal_uart.o
                0x00000000080071ec                HAL_UART_ErrorCallback
 .text.UART_EndRxTransfer
                0x00000000080071fe       0x3a ./Drivers/STM32F2xx_HAL_Driver/Src/stm32f2xx_hal_uart.o
 .text.UART_DMAAbortOnError
                0x0000000008007238       0x28 ./Drivers/STM32F2xx_HAL_Driver/Src/stm32f2xx_hal_uart.o
 .text.UART_Transmit_IT
                0x0000000008007260       0xaa ./Drivers/STM32F2xx_HAL_Driver/Src/stm32f2xx_hal_uart.o
 .text.UART_EndTransmit_IT
                0x000000000800730a       0x30 ./Drivers/STM32F2xx_HAL_Driver/Src/stm32f2xx_hal_uart.o
 .text.UART_Receive_IT
                0x000000000800733a      0x102 ./Drivers/STM32F2xx_HAL_Driver/Src/stm32f2xx_hal_uart.o
 .text.UART_SetConfig
                0x000000000800743c      0x328 ./Drivers/STM32F2xx_HAL_Driver/Src/stm32f2xx_hal_uart.o
 .text.__libc_init_array
                0x0000000008007764       0x48 c:/programs/stm32cubeide_1.7.0/stm32cubeide/plugins/com.st.stm32cube.ide.mcu.externaltools.gnu-tools-for-stm32.9-2020-q2-update.win32_2.0.0.202105311346/tools/bin/../lib/gcc/arm-none-eabi/9.3.1/../../../../arm-none-eabi/lib/thumb/v7-m/nofp\libc_nano.a(lib_a-init.o)
                0x0000000008007764                __libc_init_array
 .text.memset   0x00000000080077ac       0x10 c:/programs/stm32cubeide_1.7.0/stm32cubeide/plugins/com.st.stm32cube.ide.mcu.externaltools.gnu-tools-for-stm32.9-2020-q2-update.win32_2.0.0.202105311346/tools/bin/../lib/gcc/arm-none-eabi/9.3.1/../../../../arm-none-eabi/lib/thumb/v7-m/nofp\libc_nano.a(lib_a-memset.o)
                0x00000000080077ac                memset
 *(.glue_7)
 .glue_7        0x00000000080077bc        0x0 linker stubs
 *(.glue_7t)
 .glue_7t       0x00000000080077bc        0x0 linker stubs
 *(.eh_frame)
 .eh_frame      0x00000000080077bc        0x0 c:/programs/stm32cubeide_1.7.0/stm32cubeide/plugins/com.st.stm32cube.ide.mcu.externaltools.gnu-tools-for-stm32.9-2020-q2-update.win32_2.0.0.202105311346/tools/bin/../lib/gcc/arm-none-eabi/9.3.1/thumb/v7-m/nofp/crtbegin.o
 *(.init)
 .init          0x00000000080077bc        0x4 c:/programs/stm32cubeide_1.7.0/stm32cubeide/plugins/com.st.stm32cube.ide.mcu.externaltools.gnu-tools-for-stm32.9-2020-q2-update.win32_2.0.0.202105311346/tools/bin/../lib/gcc/arm-none-eabi/9.3.1/thumb/v7-m/nofp/crti.o
                0x00000000080077bc                _init
 .init          0x00000000080077c0        0x8 c:/programs/stm32cubeide_1.7.0/stm32cubeide/plugins/com.st.stm32cube.ide.mcu.externaltools.gnu-tools-for-stm32.9-2020-q2-update.win32_2.0.0.202105311346/tools/bin/../lib/gcc/arm-none-eabi/9.3.1/thumb/v7-m/nofp/crtn.o
 *(.fini)
 .fini          0x00000000080077c8        0x4 c:/programs/stm32cubeide_1.7.0/stm32cubeide/plugins/com.st.stm32cube.ide.mcu.externaltools.gnu-tools-for-stm32.9-2020-q2-update.win32_2.0.0.202105311346/tools/bin/../lib/gcc/arm-none-eabi/9.3.1/thumb/v7-m/nofp/crti.o
                0x00000000080077c8                _fini
 .fini          0x00000000080077cc        0x8 c:/programs/stm32cubeide_1.7.0/stm32cubeide/plugins/com.st.stm32cube.ide.mcu.externaltools.gnu-tools-for-stm32.9-2020-q2-update.win32_2.0.0.202105311346/tools/bin/../lib/gcc/arm-none-eabi/9.3.1/thumb/v7-m/nofp/crtn.o
                0x00000000080077d4                . = ALIGN (0x4)
                0x00000000080077d4                _etext = .

.vfp11_veneer   0x00000000080077d4        0x0
 .vfp11_veneer  0x00000000080077d4        0x0 linker stubs

.v4_bx          0x00000000080077d4        0x0
 .v4_bx         0x00000000080077d4        0x0 linker stubs

.iplt           0x00000000080077d4        0x0
 .iplt          0x00000000080077d4        0x0 c:/programs/stm32cubeide_1.7.0/stm32cubeide/plugins/com.st.stm32cube.ide.mcu.externaltools.gnu-tools-for-stm32.9-2020-q2-update.win32_2.0.0.202105311346/tools/bin/../lib/gcc/arm-none-eabi/9.3.1/thumb/v7-m/nofp/crtbegin.o

.rodata         0x00000000080077d4       0x20
                0x00000000080077d4                . = ALIGN (0x4)
 *(.rodata)
 *(.rodata*)
 .rodata.AHBPrescTable
                0x00000000080077d4       0x10 ./Core/Src/system_stm32f2xx.o
                0x00000000080077d4                AHBPrescTable
 .rodata.APBPrescTable
                0x00000000080077e4        0x8 ./Core/Src/system_stm32f2xx.o
                0x00000000080077e4                APBPrescTable
 .rodata.flagBitshiftOffset.6932
                0x00000000080077ec        0x8 ./Drivers/STM32F2xx_HAL_Driver/Src/stm32f2xx_hal_dma.o
                0x00000000080077f4                . = ALIGN (0x4)

.ARM.extab      0x00000000080077f4        0x0
                0x00000000080077f4                . = ALIGN (0x4)
 *(.ARM.extab* .gnu.linkonce.armextab.*)
                0x00000000080077f4                . = ALIGN (0x4)

.ARM            0x00000000080077f4        0x8
                0x00000000080077f4                . = ALIGN (0x4)
                0x00000000080077f4                __exidx_start = .
 *(.ARM.exidx*)
 .ARM.exidx     0x00000000080077f4        0x8 c:/programs/stm32cubeide_1.7.0/stm32cubeide/plugins/com.st.stm32cube.ide.mcu.externaltools.gnu-tools-for-stm32.9-2020-q2-update.win32_2.0.0.202105311346/tools/bin/../lib/gcc/arm-none-eabi/9.3.1/thumb/v7-m/nofp\libgcc.a(_udivmoddi4.o)
                0x00000000080077fc                __exidx_end = .
                0x00000000080077fc                . = ALIGN (0x4)

.rel.dyn        0x00000000080077fc        0x0
 .rel.iplt      0x00000000080077fc        0x0 c:/programs/stm32cubeide_1.7.0/stm32cubeide/plugins/com.st.stm32cube.ide.mcu.externaltools.gnu-tools-for-stm32.9-2020-q2-update.win32_2.0.0.202105311346/tools/bin/../lib/gcc/arm-none-eabi/9.3.1/thumb/v7-m/nofp/crtbegin.o

.preinit_array  0x00000000080077fc        0x0
                0x00000000080077fc                . = ALIGN (0x4)
                0x00000000080077fc                PROVIDE (__preinit_array_start = .)
 *(.preinit_array*)
                0x00000000080077fc                PROVIDE (__preinit_array_end = .)
                0x00000000080077fc                . = ALIGN (0x4)

.init_array     0x00000000080077fc        0x4
                0x00000000080077fc                . = ALIGN (0x4)
                0x00000000080077fc                PROVIDE (__init_array_start = .)
 *(SORT_BY_NAME(.init_array.*))
 *(.init_array*)
 .init_array    0x00000000080077fc        0x4 c:/programs/stm32cubeide_1.7.0/stm32cubeide/plugins/com.st.stm32cube.ide.mcu.externaltools.gnu-tools-for-stm32.9-2020-q2-update.win32_2.0.0.202105311346/tools/bin/../lib/gcc/arm-none-eabi/9.3.1/thumb/v7-m/nofp/crtbegin.o
                0x0000000008007800                PROVIDE (__init_array_end = .)
                0x0000000008007800                . = ALIGN (0x4)

.fini_array     0x0000000008007800        0x4
                0x0000000008007800                . = ALIGN (0x4)
                [!provide]                        PROVIDE (__fini_array_start = .)
 *(SORT_BY_NAME(.fini_array.*))
 *(.fini_array*)
 .fini_array    0x0000000008007800        0x4 c:/programs/stm32cubeide_1.7.0/stm32cubeide/plugins/com.st.stm32cube.ide.mcu.externaltools.gnu-tools-for-stm32.9-2020-q2-update.win32_2.0.0.202105311346/tools/bin/../lib/gcc/arm-none-eabi/9.3.1/thumb/v7-m/nofp/crtbegin.o
                [!provide]                        PROVIDE (__fini_array_end = .)
                0x0000000008007804                . = ALIGN (0x4)
                0x0000000008007804                _sidata = LOADADDR (.data)

.data           0x0000000020000000       0x18 load address 0x0000000008007804
                0x0000000020000000                . = ALIGN (0x4)
                0x0000000020000000                _sdata = .
 *(.data)
 *(.data*)
 .data.pwm      0x0000000020000000        0x2 ./Core/Src/MotorControl.o
                0x0000000020000000                pwm
 *fill*         0x0000000020000002        0x2 
 .data.K        0x0000000020000004        0x4 ./Core/Src/MotorControl.o
                0x0000000020000004                K
 .data.targetRPM
                0x0000000020000008        0x4 ./Core/Src/MotorControl.o
                0x0000000020000008                targetRPM
 .data.SystemCoreClock
                0x000000002000000c        0x4 ./Core/Src/system_stm32f2xx.o
                0x000000002000000c                SystemCoreClock
 .data.uwTickPrio
                0x0000000020000010        0x4 ./Drivers/STM32F2xx_HAL_Driver/Src/stm32f2xx_hal.o
                0x0000000020000010                uwTickPrio
 .data.uwTickFreq
                0x0000000020000014        0x1 ./Drivers/STM32F2xx_HAL_Driver/Src/stm32f2xx_hal.o
                0x0000000020000014                uwTickFreq
 *(.RamFunc)
 *(.RamFunc*)
                0x0000000020000018                . = ALIGN (0x4)
 *fill*         0x0000000020000015        0x3 
                0x0000000020000018                _edata = .

.igot.plt       0x0000000020000018        0x0 load address 0x000000000800781c
 .igot.plt      0x0000000020000018        0x0 c:/programs/stm32cubeide_1.7.0/stm32cubeide/plugins/com.st.stm32cube.ide.mcu.externaltools.gnu-tools-for-stm32.9-2020-q2-update.win32_2.0.0.202105311346/tools/bin/../lib/gcc/arm-none-eabi/9.3.1/thumb/v7-m/nofp/crtbegin.o
                0x0000000020000018                . = ALIGN (0x4)

.bss            0x0000000020000018      0x304 load address 0x000000000800781c
                0x0000000020000018                _sbss = .
                0x0000000020000018                __bss_start__ = _sbss
 *(.bss)
 .bss           0x0000000020000018       0x1c c:/programs/stm32cubeide_1.7.0/stm32cubeide/plugins/com.st.stm32cube.ide.mcu.externaltools.gnu-tools-for-stm32.9-2020-q2-update.win32_2.0.0.202105311346/tools/bin/../lib/gcc/arm-none-eabi/9.3.1/thumb/v7-m/nofp/crtbegin.o
 *(.bss*)
 .bss.step      0x0000000020000034        0x1 ./Core/Src/MotorControl.o
                0x0000000020000034                step
 .bss.START_FLAG
                0x0000000020000035        0x1 ./Core/Src/MotorControl.o
                0x0000000020000035                START_FLAG
 *fill*         0x0000000020000036        0x2 
 .bss.currentSpeed
                0x0000000020000038        0x4 ./Core/Src/MotorControl.o
                0x0000000020000038                currentSpeed
 .bss.time_50_ms
                0x000000002000003c        0x4 ./Core/Src/MotorControl.o
                0x000000002000003c                time_50_ms
 .bss.cnt_hall  0x0000000020000040        0x2 ./Core/Src/MotorControl.o
                0x0000000020000040                cnt_hall
 *(COMMON)
 *fill*         0x0000000020000042        0x2 
 COMMON         0x0000000020000044       0x38 ./Core/Src/MotorControl.o
                0x0000000020000044                derivative
                0x0000000020000048                Ki
                0x000000002000004c                U_PWM
                0x0000000020000050                V_PWM
                0x0000000020000054                hal_U
                0x0000000020000058                W_PWM
                0x000000002000005c                hal_V
                0x0000000020000060                lastError
                0x0000000020000064                hal_W
                0x0000000020000068                Kd
                0x000000002000006c                error
                0x0000000020000070                Kp
                0x0000000020000074                lastMode
                0x0000000020000078                integral
 COMMON         0x000000002000007c      0x29c ./Core/Src/main.o
                0x000000002000007c                hdma_i2c3_tx
                0x00000000200000dc                hi2c3
                0x0000000020000130                htim8
                0x0000000020000170                htim4
                0x00000000200001b0                huart3
                0x00000000200001f0                hadc1
                0x0000000020000238                hdma_adc1
                0x0000000020000298                htim1
                0x00000000200002d8                htim14
 COMMON         0x0000000020000318        0x4 ./Drivers/STM32F2xx_HAL_Driver/Src/stm32f2xx_hal.o
                0x0000000020000318                uwTick
                0x000000002000031c                . = ALIGN (0x4)
                0x000000002000031c                _ebss = .
                0x000000002000031c                __bss_end__ = _ebss

._user_heap_stack
                0x000000002000031c      0x604 load address 0x000000000800781c
                0x0000000020000320                . = ALIGN (0x8)
 *fill*         0x000000002000031c        0x4 
                [!provide]                        PROVIDE (end = .)
                0x0000000020000320                PROVIDE (_end = .)
                0x0000000020000520                . = (. + _Min_Heap_Size)
 *fill*         0x0000000020000320      0x200 
                0x0000000020000920                . = (. + _Min_Stack_Size)
 *fill*         0x0000000020000520      0x400 
                0x0000000020000920                . = ALIGN (0x8)

/DISCARD/
 libc.a(*)
 libm.a(*)
 libgcc.a(*)

.ARM.attributes
                0x0000000000000000       0x29
 *(.ARM.attributes)
 .ARM.attributes
                0x0000000000000000       0x1d c:/programs/stm32cubeide_1.7.0/stm32cubeide/plugins/com.st.stm32cube.ide.mcu.externaltools.gnu-tools-for-stm32.9-2020-q2-update.win32_2.0.0.202105311346/tools/bin/../lib/gcc/arm-none-eabi/9.3.1/thumb/v7-m/nofp/crti.o
 .ARM.attributes
                0x000000000000001d       0x2d c:/programs/stm32cubeide_1.7.0/stm32cubeide/plugins/com.st.stm32cube.ide.mcu.externaltools.gnu-tools-for-stm32.9-2020-q2-update.win32_2.0.0.202105311346/tools/bin/../lib/gcc/arm-none-eabi/9.3.1/thumb/v7-m/nofp/crtbegin.o
 .ARM.attributes
                0x000000000000004a       0x2d ./Core/Src/MotorControl.o
 .ARM.attributes
                0x0000000000000077       0x2d ./Core/Src/main.o
 .ARM.attributes
                0x00000000000000a4       0x2d ./Core/Src/stm32f2xx_hal_msp.o
 .ARM.attributes
                0x00000000000000d1       0x2d ./Core/Src/stm32f2xx_it.o
 .ARM.attributes
                0x00000000000000fe       0x2d ./Core/Src/system_stm32f2xx.o
 .ARM.attributes
                0x000000000000012b       0x21 ./Core/Startup/startup_stm32f207vetx.o
 .ARM.attributes
                0x000000000000014c       0x2d ./Drivers/STM32F2xx_HAL_Driver/Src/stm32f2xx_hal.o
 .ARM.attributes
                0x0000000000000179       0x2d ./Drivers/STM32F2xx_HAL_Driver/Src/stm32f2xx_hal_adc.o
 .ARM.attributes
                0x00000000000001a6       0x2d ./Drivers/STM32F2xx_HAL_Driver/Src/stm32f2xx_hal_adc_ex.o
 .ARM.attributes
                0x00000000000001d3       0x2d ./Drivers/STM32F2xx_HAL_Driver/Src/stm32f2xx_hal_cortex.o
 .ARM.attributes
                0x0000000000000200       0x2d ./Drivers/STM32F2xx_HAL_Driver/Src/stm32f2xx_hal_dma.o
 .ARM.attributes
                0x000000000000022d       0x2d ./Drivers/STM32F2xx_HAL_Driver/Src/stm32f2xx_hal_gpio.o
 .ARM.attributes
                0x000000000000025a       0x2d ./Drivers/STM32F2xx_HAL_Driver/Src/stm32f2xx_hal_i2c.o
 .ARM.attributes
                0x0000000000000287       0x2d ./Drivers/STM32F2xx_HAL_Driver/Src/stm32f2xx_hal_rcc.o
 .ARM.attributes
                0x00000000000002b4       0x2d ./Drivers/STM32F2xx_HAL_Driver/Src/stm32f2xx_hal_tim.o
 .ARM.attributes
                0x00000000000002e1       0x2d ./Drivers/STM32F2xx_HAL_Driver/Src/stm32f2xx_hal_tim_ex.o
 .ARM.attributes
                0x000000000000030e       0x2d ./Drivers/STM32F2xx_HAL_Driver/Src/stm32f2xx_hal_uart.o
 .ARM.attributes
                0x000000000000033b       0x2d c:/programs/stm32cubeide_1.7.0/stm32cubeide/plugins/com.st.stm32cube.ide.mcu.externaltools.gnu-tools-for-stm32.9-2020-q2-update.win32_2.0.0.202105311346/tools/bin/../lib/gcc/arm-none-eabi/9.3.1/../../../../arm-none-eabi/lib/thumb/v7-m/nofp\libc_nano.a(lib_a-init.o)
 .ARM.attributes
                0x0000000000000368       0x2d c:/programs/stm32cubeide_1.7.0/stm32cubeide/plugins/com.st.stm32cube.ide.mcu.externaltools.gnu-tools-for-stm32.9-2020-q2-update.win32_2.0.0.202105311346/tools/bin/../lib/gcc/arm-none-eabi/9.3.1/../../../../arm-none-eabi/lib/thumb/v7-m/nofp\libc_nano.a(lib_a-memset.o)
 .ARM.attributes
                0x0000000000000395       0x1d c:/programs/stm32cubeide_1.7.0/stm32cubeide/plugins/com.st.stm32cube.ide.mcu.externaltools.gnu-tools-for-stm32.9-2020-q2-update.win32_2.0.0.202105311346/tools/bin/../lib/gcc/arm-none-eabi/9.3.1/thumb/v7-m/nofp\libgcc.a(_arm_muldf3.o)
 .ARM.attributes
                0x00000000000003b2       0x1d c:/programs/stm32cubeide_1.7.0/stm32cubeide/plugins/com.st.stm32cube.ide.mcu.externaltools.gnu-tools-for-stm32.9-2020-q2-update.win32_2.0.0.202105311346/tools/bin/../lib/gcc/arm-none-eabi/9.3.1/thumb/v7-m/nofp\libgcc.a(_arm_addsubdf3.o)
 .ARM.attributes
                0x00000000000003cf       0x1d c:/programs/stm32cubeide_1.7.0/stm32cubeide/plugins/com.st.stm32cube.ide.mcu.externaltools.gnu-tools-for-stm32.9-2020-q2-update.win32_2.0.0.202105311346/tools/bin/../lib/gcc/arm-none-eabi/9.3.1/thumb/v7-m/nofp\libgcc.a(_arm_truncdfsf2.o)
 .ARM.attributes
                0x00000000000003ec       0x1d c:/programs/stm32cubeide_1.7.0/stm32cubeide/plugins/com.st.stm32cube.ide.mcu.externaltools.gnu-tools-for-stm32.9-2020-q2-update.win32_2.0.0.202105311346/tools/bin/../lib/gcc/arm-none-eabi/9.3.1/thumb/v7-m/nofp\libgcc.a(_arm_addsubsf3.o)
 .ARM.attributes
                0x0000000000000409       0x1d c:/programs/stm32cubeide_1.7.0/stm32cubeide/plugins/com.st.stm32cube.ide.mcu.externaltools.gnu-tools-for-stm32.9-2020-q2-update.win32_2.0.0.202105311346/tools/bin/../lib/gcc/arm-none-eabi/9.3.1/thumb/v7-m/nofp\libgcc.a(_arm_muldivsf3.o)
 .ARM.attributes
                0x0000000000000426       0x1d c:/programs/stm32cubeide_1.7.0/stm32cubeide/plugins/com.st.stm32cube.ide.mcu.externaltools.gnu-tools-for-stm32.9-2020-q2-update.win32_2.0.0.202105311346/tools/bin/../lib/gcc/arm-none-eabi/9.3.1/thumb/v7-m/nofp\libgcc.a(_arm_cmpsf2.o)
 .ARM.attributes
                0x0000000000000443       0x1d c:/programs/stm32cubeide_1.7.0/stm32cubeide/plugins/com.st.stm32cube.ide.mcu.externaltools.gnu-tools-for-stm32.9-2020-q2-update.win32_2.0.0.202105311346/tools/bin/../lib/gcc/arm-none-eabi/9.3.1/thumb/v7-m/nofp\libgcc.a(_arm_fixunssfsi.o)
 .ARM.attributes
                0x0000000000000460       0x1d c:/programs/stm32cubeide_1.7.0/stm32cubeide/plugins/com.st.stm32cube.ide.mcu.externaltools.gnu-tools-for-stm32.9-2020-q2-update.win32_2.0.0.202105311346/tools/bin/../lib/gcc/arm-none-eabi/9.3.1/thumb/v7-m/nofp\libgcc.a(_aeabi_uldivmod.o)
 .ARM.attributes
                0x000000000000047d       0x2d c:/programs/stm32cubeide_1.7.0/stm32cubeide/plugins/com.st.stm32cube.ide.mcu.externaltools.gnu-tools-for-stm32.9-2020-q2-update.win32_2.0.0.202105311346/tools/bin/../lib/gcc/arm-none-eabi/9.3.1/thumb/v7-m/nofp\libgcc.a(_udivmoddi4.o)
 .ARM.attributes
                0x00000000000004aa       0x1d c:/programs/stm32cubeide_1.7.0/stm32cubeide/plugins/com.st.stm32cube.ide.mcu.externaltools.gnu-tools-for-stm32.9-2020-q2-update.win32_2.0.0.202105311346/tools/bin/../lib/gcc/arm-none-eabi/9.3.1/thumb/v7-m/nofp\libgcc.a(_dvmd_tls.o)
 .ARM.attributes
                0x00000000000004c7       0x1d c:/programs/stm32cubeide_1.7.0/stm32cubeide/plugins/com.st.stm32cube.ide.mcu.externaltools.gnu-tools-for-stm32.9-2020-q2-update.win32_2.0.0.202105311346/tools/bin/../lib/gcc/arm-none-eabi/9.3.1/thumb/v7-m/nofp/crtn.o
OUTPUT(BLDCMotor_2.0.elf elf32-littlearm)
LOAD linker stubs
LOAD c:/programs/stm32cubeide_1.7.0/stm32cubeide/plugins/com.st.stm32cube.ide.mcu.externaltools.gnu-tools-for-stm32.9-2020-q2-update.win32_2.0.0.202105311346/tools/bin/../lib/gcc/arm-none-eabi/9.3.1/../../../../arm-none-eabi/lib/thumb/v7-m/nofp\libc.a
LOAD c:/programs/stm32cubeide_1.7.0/stm32cubeide/plugins/com.st.stm32cube.ide.mcu.externaltools.gnu-tools-for-stm32.9-2020-q2-update.win32_2.0.0.202105311346/tools/bin/../lib/gcc/arm-none-eabi/9.3.1/../../../../arm-none-eabi/lib/thumb/v7-m/nofp\libm.a
LOAD c:/programs/stm32cubeide_1.7.0/stm32cubeide/plugins/com.st.stm32cube.ide.mcu.externaltools.gnu-tools-for-stm32.9-2020-q2-update.win32_2.0.0.202105311346/tools/bin/../lib/gcc/arm-none-eabi/9.3.1/thumb/v7-m/nofp\libgcc.a

.debug_info     0x0000000000000000    0x12629
 .debug_info    0x0000000000000000     0x1452 ./Core/Src/MotorControl.o
 .debug_info    0x0000000000001452     0x2385 ./Core/Src/main.o
 .debug_info    0x00000000000037d7     0x1728 ./Core/Src/stm32f2xx_hal_msp.o
 .debug_info    0x0000000000004eff      0xf92 ./Core/Src/stm32f2xx_it.o
 .debug_info    0x0000000000005e91      0x5a4 ./Core/Src/system_stm32f2xx.o
 .debug_info    0x0000000000006435       0x22 ./Core/Startup/startup_stm32f207vetx.o
 .debug_info    0x0000000000006457      0xa0b ./Drivers/STM32F2xx_HAL_Driver/Src/stm32f2xx_hal.o
 .debug_info    0x0000000000006e62      0xda9 ./Drivers/STM32F2xx_HAL_Driver/Src/stm32f2xx_hal_adc.o
 .debug_info    0x0000000000007c0b      0xba2 ./Drivers/STM32F2xx_HAL_Driver/Src/stm32f2xx_hal_adc_ex.o
 .debug_info    0x00000000000087ad      0xed7 ./Drivers/STM32F2xx_HAL_Driver/Src/stm32f2xx_hal_cortex.o
 .debug_info    0x0000000000009684      0x9f1 ./Drivers/STM32F2xx_HAL_Driver/Src/stm32f2xx_hal_dma.o
 .debug_info    0x000000000000a075      0x7f4 ./Drivers/STM32F2xx_HAL_Driver/Src/stm32f2xx_hal_gpio.o
 .debug_info    0x000000000000a869     0x25bb ./Drivers/STM32F2xx_HAL_Driver/Src/stm32f2xx_hal_i2c.o
 .debug_info    0x000000000000ce24      0xb9a ./Drivers/STM32F2xx_HAL_Driver/Src/stm32f2xx_hal_rcc.o
 .debug_info    0x000000000000d9be     0x26cd ./Drivers/STM32F2xx_HAL_Driver/Src/stm32f2xx_hal_tim.o
 .debug_info    0x000000000001008b     0x125f ./Drivers/STM32F2xx_HAL_Driver/Src/stm32f2xx_hal_tim_ex.o
 .debug_info    0x00000000000112ea     0x133f ./Drivers/STM32F2xx_HAL_Driver/Src/stm32f2xx_hal_uart.o

.debug_abbrev   0x0000000000000000     0x2567
 .debug_abbrev  0x0000000000000000      0x286 ./Core/Src/MotorControl.o
 .debug_abbrev  0x0000000000000286      0x329 ./Core/Src/main.o
 .debug_abbrev  0x00000000000005af      0x206 ./Core/Src/stm32f2xx_hal_msp.o
 .debug_abbrev  0x00000000000007b5      0x1a1 ./Core/Src/stm32f2xx_it.o
 .debug_abbrev  0x0000000000000956      0x145 ./Core/Src/system_stm32f2xx.o
 .debug_abbrev  0x0000000000000a9b       0x12 ./Core/Startup/startup_stm32f207vetx.o
 .debug_abbrev  0x0000000000000aad      0x25d ./Drivers/STM32F2xx_HAL_Driver/Src/stm32f2xx_hal.o
 .debug_abbrev  0x0000000000000d0a      0x267 ./Drivers/STM32F2xx_HAL_Driver/Src/stm32f2xx_hal_adc.o
 .debug_abbrev  0x0000000000000f71      0x24a ./Drivers/STM32F2xx_HAL_Driver/Src/stm32f2xx_hal_adc_ex.o
 .debug_abbrev  0x00000000000011bb      0x33c ./Drivers/STM32F2xx_HAL_Driver/Src/stm32f2xx_hal_cortex.o
 .debug_abbrev  0x00000000000014f7      0x259 ./Drivers/STM32F2xx_HAL_Driver/Src/stm32f2xx_hal_dma.o
 .debug_abbrev  0x0000000000001750      0x1e8 ./Drivers/STM32F2xx_HAL_Driver/Src/stm32f2xx_hal_gpio.o
 .debug_abbrev  0x0000000000001938      0x282 ./Drivers/STM32F2xx_HAL_Driver/Src/stm32f2xx_hal_i2c.o
 .debug_abbrev  0x0000000000001bba      0x293 ./Drivers/STM32F2xx_HAL_Driver/Src/stm32f2xx_hal_rcc.o
 .debug_abbrev  0x0000000000001e4d      0x25e ./Drivers/STM32F2xx_HAL_Driver/Src/stm32f2xx_hal_tim.o
 .debug_abbrev  0x00000000000020ab      0x24c ./Drivers/STM32F2xx_HAL_Driver/Src/stm32f2xx_hal_tim_ex.o
 .debug_abbrev  0x00000000000022f7      0x270 ./Drivers/STM32F2xx_HAL_Driver/Src/stm32f2xx_hal_uart.o

.debug_aranges  0x0000000000000000     0x10d8
 .debug_aranges
                0x0000000000000000       0x90 ./Core/Src/MotorControl.o
 .debug_aranges
                0x0000000000000090       0x78 ./Core/Src/main.o
 .debug_aranges
                0x0000000000000108       0x78 ./Core/Src/stm32f2xx_hal_msp.o
 .debug_aranges
                0x0000000000000180       0xb8 ./Core/Src/stm32f2xx_it.o
 .debug_aranges
                0x0000000000000238       0x28 ./Core/Src/system_stm32f2xx.o
 .debug_aranges
                0x0000000000000260       0x28 ./Core/Startup/startup_stm32f207vetx.o
 .debug_aranges
                0x0000000000000288       0xf0 ./Drivers/STM32F2xx_HAL_Driver/Src/stm32f2xx_hal.o
 .debug_aranges
                0x0000000000000378       0xe8 ./Drivers/STM32F2xx_HAL_Driver/Src/stm32f2xx_hal_adc.o
 .debug_aranges
                0x0000000000000460       0x90 ./Drivers/STM32F2xx_HAL_Driver/Src/stm32f2xx_hal_adc_ex.o
 .debug_aranges
                0x00000000000004f0      0x118 ./Drivers/STM32F2xx_HAL_Driver/Src/stm32f2xx_hal_cortex.o
 .debug_aranges
                0x0000000000000608       0x90 ./Drivers/STM32F2xx_HAL_Driver/Src/stm32f2xx_hal_dma.o
 .debug_aranges
                0x0000000000000698       0x58 ./Drivers/STM32F2xx_HAL_Driver/Src/stm32f2xx_hal_gpio.o
 .debug_aranges
                0x00000000000006f0      0x298 ./Drivers/STM32F2xx_HAL_Driver/Src/stm32f2xx_hal_i2c.o
 .debug_aranges
                0x0000000000000988       0x88 ./Drivers/STM32F2xx_HAL_Driver/Src/stm32f2xx_hal_rcc.o
 .debug_aranges
                0x0000000000000a10      0x3a8 ./Drivers/STM32F2xx_HAL_Driver/Src/stm32f2xx_hal_tim.o
 .debug_aranges
                0x0000000000000db8      0x150 ./Drivers/STM32F2xx_HAL_Driver/Src/stm32f2xx_hal_tim_ex.o
 .debug_aranges
                0x0000000000000f08      0x1d0 ./Drivers/STM32F2xx_HAL_Driver/Src/stm32f2xx_hal_uart.o

.debug_ranges   0x0000000000000000      0xff0
 .debug_ranges  0x0000000000000000       0x80 ./Core/Src/MotorControl.o
 .debug_ranges  0x0000000000000080       0x68 ./Core/Src/main.o
 .debug_ranges  0x00000000000000e8       0x68 ./Core/Src/stm32f2xx_hal_msp.o
 .debug_ranges  0x0000000000000150       0xa8 ./Core/Src/stm32f2xx_it.o
 .debug_ranges  0x00000000000001f8       0x18 ./Core/Src/system_stm32f2xx.o
 .debug_ranges  0x0000000000000210       0x20 ./Core/Startup/startup_stm32f207vetx.o
 .debug_ranges  0x0000000000000230       0xe0 ./Drivers/STM32F2xx_HAL_Driver/Src/stm32f2xx_hal.o
 .debug_ranges  0x0000000000000310       0xd8 ./Drivers/STM32F2xx_HAL_Driver/Src/stm32f2xx_hal_adc.o
 .debug_ranges  0x00000000000003e8       0x80 ./Drivers/STM32F2xx_HAL_Driver/Src/stm32f2xx_hal_adc_ex.o
 .debug_ranges  0x0000000000000468      0x108 ./Drivers/STM32F2xx_HAL_Driver/Src/stm32f2xx_hal_cortex.o
 .debug_ranges  0x0000000000000570       0x80 ./Drivers/STM32F2xx_HAL_Driver/Src/stm32f2xx_hal_dma.o
 .debug_ranges  0x00000000000005f0       0x48 ./Drivers/STM32F2xx_HAL_Driver/Src/stm32f2xx_hal_gpio.o
 .debug_ranges  0x0000000000000638      0x2a8 ./Drivers/STM32F2xx_HAL_Driver/Src/stm32f2xx_hal_i2c.o
 .debug_ranges  0x00000000000008e0       0x78 ./Drivers/STM32F2xx_HAL_Driver/Src/stm32f2xx_hal_rcc.o
 .debug_ranges  0x0000000000000958      0x398 ./Drivers/STM32F2xx_HAL_Driver/Src/stm32f2xx_hal_tim.o
 .debug_ranges  0x0000000000000cf0      0x140 ./Drivers/STM32F2xx_HAL_Driver/Src/stm32f2xx_hal_tim_ex.o
 .debug_ranges  0x0000000000000e30      0x1c0 ./Drivers/STM32F2xx_HAL_Driver/Src/stm32f2xx_hal_uart.o

.debug_macro    0x0000000000000000    0x209c7
 .debug_macro   0x0000000000000000      0x31e ./Core/Src/MotorControl.o
 .debug_macro   0x000000000000031e      0xa9c ./Core/Src/MotorControl.o
 .debug_macro   0x0000000000000dba      0x24a ./Core/Src/MotorControl.o
 .debug_macro   0x0000000000001004       0x2e ./Core/Src/MotorControl.o
 .debug_macro   0x0000000000001032       0x22 ./Core/Src/MotorControl.o
 .debug_macro   0x0000000000001054       0x22 ./Core/Src/MotorControl.o
 .debug_macro   0x0000000000001076       0x8e ./Core/Src/MotorControl.o
 .debug_macro   0x0000000000001104       0x51 ./Core/Src/MotorControl.o
 .debug_macro   0x0000000000001155      0x103 ./Core/Src/MotorControl.o
 .debug_macro   0x0000000000001258       0x6a ./Core/Src/MotorControl.o
 .debug_macro   0x00000000000012c2      0x1df ./Core/Src/MotorControl.o
 .debug_macro   0x00000000000014a1       0x1c ./Core/Src/MotorControl.o
 .debug_macro   0x00000000000014bd       0x22 ./Core/Src/MotorControl.o
 .debug_macro   0x00000000000014df       0xc3 ./Core/Src/MotorControl.o
 .debug_macro   0x00000000000015a2      0xe49 ./Core/Src/MotorControl.o
 .debug_macro   0x00000000000023eb      0x11f ./Core/Src/MotorControl.o
 .debug_macro   0x000000000000250a    0x14fe1 ./Core/Src/MotorControl.o
 .debug_macro   0x00000000000174eb       0x43 ./Core/Src/MotorControl.o
 .debug_macro   0x000000000001752e     0x3510 ./Core/Src/MotorControl.o
 .debug_macro   0x000000000001aa3e      0x174 ./Core/Src/MotorControl.o
 .debug_macro   0x000000000001abb2       0x53 ./Core/Src/MotorControl.o
 .debug_macro   0x000000000001ac05     0x103b ./Core/Src/MotorControl.o
 .debug_macro   0x000000000001bc40      0x153 ./Core/Src/MotorControl.o
 .debug_macro   0x000000000001bd93      0x170 ./Core/Src/MotorControl.o
 .debug_macro   0x000000000001bf03      0x117 ./Core/Src/MotorControl.o
 .debug_macro   0x000000000001c01a      0x108 ./Core/Src/MotorControl.o
 .debug_macro   0x000000000001c122       0x27 ./Core/Src/MotorControl.o
 .debug_macro   0x000000000001c149      0x16a ./Core/Src/MotorControl.o
 .debug_macro   0x000000000001c2b3      0x287 ./Core/Src/MotorControl.o
 .debug_macro   0x000000000001c53a       0x5f ./Core/Src/MotorControl.o
 .debug_macro   0x000000000001c599      0x236 ./Core/Src/MotorControl.o
 .debug_macro   0x000000000001c7cf      0x37c ./Core/Src/MotorControl.o
 .debug_macro   0x000000000001cb4b      0x16f ./Core/Src/MotorControl.o
 .debug_macro   0x000000000001ccba       0xf9 ./Core/Src/MotorControl.o
 .debug_macro   0x000000000001cdb3      0x126 ./Core/Src/MotorControl.o
 .debug_macro   0x000000000001ced9      0x216 ./Core/Src/MotorControl.o
 .debug_macro   0x000000000001d0ef       0x2e ./Core/Src/MotorControl.o
 .debug_macro   0x000000000001d11d      0x287 ./Core/Src/MotorControl.o
 .debug_macro   0x000000000001d3a4      0x113 ./Core/Src/MotorControl.o
 .debug_macro   0x000000000001d4b7       0x22 ./Core/Src/MotorControl.o
 .debug_macro   0x000000000001d4d9       0x82 ./Core/Src/MotorControl.o
 .debug_macro   0x000000000001d55b      0x88b ./Core/Src/MotorControl.o
 .debug_macro   0x000000000001dde6       0x4c ./Core/Src/MotorControl.o
 .debug_macro   0x000000000001de32      0x287 ./Core/Src/MotorControl.o
 .debug_macro   0x000000000001e0b9      0x12d ./Core/Src/MotorControl.o
 .debug_macro   0x000000000001e1e6       0x52 ./Core/Src/MotorControl.o
 .debug_macro   0x000000000001e238       0x18 ./Core/Src/MotorControl.o
 .debug_macro   0x000000000001e250       0x3c ./Core/Src/MotorControl.o
 .debug_macro   0x000000000001e28c       0x34 ./Core/Src/MotorControl.o
 .debug_macro   0x000000000001e2c0       0x16 ./Core/Src/MotorControl.o
 .debug_macro   0x000000000001e2d6       0x43 ./Core/Src/MotorControl.o
 .debug_macro   0x000000000001e319       0x34 ./Core/Src/MotorControl.o
 .debug_macro   0x000000000001e34d       0x10 ./Core/Src/MotorControl.o
 .debug_macro   0x000000000001e35d       0x58 ./Core/Src/MotorControl.o
 .debug_macro   0x000000000001e3b5       0x71 ./Core/Src/MotorControl.o
 .debug_macro   0x000000000001e426       0x1c ./Core/Src/MotorControl.o
 .debug_macro   0x000000000001e442      0x12a ./Core/Src/MotorControl.o
 .debug_macro   0x000000000001e56c      0x333 ./Core/Src/MotorControl.o
 .debug_macro   0x000000000001e89f      0x1a9 ./Core/Src/MotorControl.o
 .debug_macro   0x000000000001ea48       0x22 ./Core/Src/MotorControl.o
 .debug_macro   0x000000000001ea6a       0x16 ./Core/Src/MotorControl.o
 .debug_macro   0x000000000001ea80       0x35 ./Core/Src/MotorControl.o
 .debug_macro   0x000000000001eab5       0x16 ./Core/Src/MotorControl.o
 .debug_macro   0x000000000001eacb       0x29 ./Core/Src/MotorControl.o
 .debug_macro   0x000000000001eaf4      0x2ea ./Core/Src/main.o
 .debug_macro   0x000000000001edde      0x1f4 ./Core/Src/stm32f2xx_hal_msp.o
 .debug_macro   0x000000000001efd2      0x1fe ./Core/Src/stm32f2xx_it.o
 .debug_macro   0x000000000001f1d0      0x1f0 ./Core/Src/system_stm32f2xx.o
 .debug_macro   0x000000000001f3c0      0x238 ./Drivers/STM32F2xx_HAL_Driver/Src/stm32f2xx_hal.o
 .debug_macro   0x000000000001f5f8      0x1eb ./Drivers/STM32F2xx_HAL_Driver/Src/stm32f2xx_hal_adc.o
 .debug_macro   0x000000000001f7e3      0x1ea ./Drivers/STM32F2xx_HAL_Driver/Src/stm32f2xx_hal_adc_ex.o
 .debug_macro   0x000000000001f9cd      0x1ea ./Drivers/STM32F2xx_HAL_Driver/Src/stm32f2xx_hal_cortex.o
 .debug_macro   0x000000000001fbb7      0x1f0 ./Drivers/STM32F2xx_HAL_Driver/Src/stm32f2xx_hal_dma.o
 .debug_macro   0x000000000001fda7      0x222 ./Drivers/STM32F2xx_HAL_Driver/Src/stm32f2xx_hal_gpio.o
 .debug_macro   0x000000000001ffc9      0x22a ./Drivers/STM32F2xx_HAL_Driver/Src/stm32f2xx_hal_i2c.o
 .debug_macro   0x00000000000201f3      0x214 ./Drivers/STM32F2xx_HAL_Driver/Src/stm32f2xx_hal_rcc.o
 .debug_macro   0x0000000000020407      0x1eb ./Drivers/STM32F2xx_HAL_Driver/Src/stm32f2xx_hal_tim.o
 .debug_macro   0x00000000000205f2      0x1ea ./Drivers/STM32F2xx_HAL_Driver/Src/stm32f2xx_hal_tim_ex.o
 .debug_macro   0x00000000000207dc      0x1eb ./Drivers/STM32F2xx_HAL_Driver/Src/stm32f2xx_hal_uart.o

.debug_line     0x0000000000000000    0x11d5f
 .debug_line    0x0000000000000000      0xb0c ./Core/Src/MotorControl.o
 .debug_line    0x0000000000000b0c      0xc28 ./Core/Src/main.o
 .debug_line    0x0000000000001734      0x99d ./Core/Src/stm32f2xx_hal_msp.o
 .debug_line    0x00000000000020d1      0x8d2 ./Core/Src/stm32f2xx_it.o
 .debug_line    0x00000000000029a3      0x7a5 ./Core/Src/system_stm32f2xx.o
 .debug_line    0x0000000000003148       0x85 ./Core/Startup/startup_stm32f207vetx.o
 .debug_line    0x00000000000031cd      0xa13 ./Drivers/STM32F2xx_HAL_Driver/Src/stm32f2xx_hal.o
 .debug_line    0x0000000000003be0     0x1173 ./Drivers/STM32F2xx_HAL_Driver/Src/stm32f2xx_hal_adc.o
 .debug_line    0x0000000000004d53      0xe77 ./Drivers/STM32F2xx_HAL_Driver/Src/stm32f2xx_hal_adc_ex.o
 .debug_line    0x0000000000005bca      0xc9c ./Drivers/STM32F2xx_HAL_Driver/Src/stm32f2xx_hal_cortex.o
 .debug_line    0x0000000000006866      0xf56 ./Drivers/STM32F2xx_HAL_Driver/Src/stm32f2xx_hal_dma.o
 .debug_line    0x00000000000077bc      0xb79 ./Drivers/STM32F2xx_HAL_Driver/Src/stm32f2xx_hal_gpio.o
 .debug_line    0x0000000000008335     0x37bf ./Drivers/STM32F2xx_HAL_Driver/Src/stm32f2xx_hal_i2c.o
 .debug_line    0x000000000000baf4      0xedf ./Drivers/STM32F2xx_HAL_Driver/Src/stm32f2xx_hal_rcc.o
 .debug_line    0x000000000000c9d3     0x29ca ./Drivers/STM32F2xx_HAL_Driver/Src/stm32f2xx_hal_tim.o
 .debug_line    0x000000000000f39d     0x11c7 ./Drivers/STM32F2xx_HAL_Driver/Src/stm32f2xx_hal_tim_ex.o
 .debug_line    0x0000000000010564     0x17fb ./Drivers/STM32F2xx_HAL_Driver/Src/stm32f2xx_hal_uart.o

.debug_str      0x0000000000000000    0xc83a1
 .debug_str     0x0000000000000000    0xc3b45 ./Core/Src/MotorControl.o
                                      0xc3f2c (size before relaxing)
 .debug_str     0x00000000000c3b45      0xf73 ./Core/Src/main.o
                                      0xc4d88 (size before relaxing)
 .debug_str     0x00000000000c4ab8      0x12d ./Core/Src/stm32f2xx_hal_msp.o
                                      0xc0ed2 (size before relaxing)
 .debug_str     0x00000000000c4be5      0x18e ./Core/Src/stm32f2xx_it.o
                                      0xc08e4 (size before relaxing)
 .debug_str     0x00000000000c4d73       0xc4 ./Core/Src/system_stm32f2xx.o
                                      0xbfeeb (size before relaxing)
 .debug_str     0x00000000000c4e37       0x36 ./Core/Startup/startup_stm32f207vetx.o
                                         0x6a (size before relaxing)
 .debug_str     0x00000000000c4e6d      0x4cf ./Drivers/STM32F2xx_HAL_Driver/Src/stm32f2xx_hal.o
                                      0xc090d (size before relaxing)
 .debug_str     0x00000000000c533c      0x28f ./Drivers/STM32F2xx_HAL_Driver/Src/stm32f2xx_hal_adc.o
                                      0xc0478 (size before relaxing)
 .debug_str     0x00000000000c55cb      0x302 ./Drivers/STM32F2xx_HAL_Driver/Src/stm32f2xx_hal_adc_ex.o
                                      0xc049e (size before relaxing)
 .debug_str     0x00000000000c58cd      0x392 ./Drivers/STM32F2xx_HAL_Driver/Src/stm32f2xx_hal_cortex.o
                                      0xc07ad (size before relaxing)
 .debug_str     0x00000000000c5c5f      0x31d ./Drivers/STM32F2xx_HAL_Driver/Src/stm32f2xx_hal_dma.o
                                      0xc0300 (size before relaxing)
 .debug_str     0x00000000000c5f7c      0x1dc ./Drivers/STM32F2xx_HAL_Driver/Src/stm32f2xx_hal_gpio.o
                                      0xc0119 (size before relaxing)
 .debug_str     0x00000000000c6158      0xaec ./Drivers/STM32F2xx_HAL_Driver/Src/stm32f2xx_hal_i2c.o
                                      0xc0e34 (size before relaxing)
 .debug_str     0x00000000000c6c44      0x277 ./Drivers/STM32F2xx_HAL_Driver/Src/stm32f2xx_hal_rcc.o
                                      0xc0302 (size before relaxing)
 .debug_str     0x00000000000c6ebb      0xbd1 ./Drivers/STM32F2xx_HAL_Driver/Src/stm32f2xx_hal_tim.o
                                      0xc0ff7 (size before relaxing)
 .debug_str     0x00000000000c7a8c      0x40e ./Drivers/STM32F2xx_HAL_Driver/Src/stm32f2xx_hal_tim_ex.o
                                      0xc07f7 (size before relaxing)
 .debug_str     0x00000000000c7e9a      0x507 ./Drivers/STM32F2xx_HAL_Driver/Src/stm32f2xx_hal_uart.o
                                      0xc0723 (size before relaxing)

.comment        0x0000000000000000       0x53
 .comment       0x0000000000000000       0x53 ./Core/Src/MotorControl.o
                                         0x54 (size before relaxing)
 .comment       0x0000000000000053       0x54 ./Core/Src/main.o
 .comment       0x0000000000000053       0x54 ./Core/Src/stm32f2xx_hal_msp.o
 .comment       0x0000000000000053       0x54 ./Core/Src/stm32f2xx_it.o
 .comment       0x0000000000000053       0x54 ./Core/Src/system_stm32f2xx.o
 .comment       0x0000000000000053       0x54 ./Drivers/STM32F2xx_HAL_Driver/Src/stm32f2xx_hal.o
 .comment       0x0000000000000053       0x54 ./Drivers/STM32F2xx_HAL_Driver/Src/stm32f2xx_hal_adc.o
 .comment       0x0000000000000053       0x54 ./Drivers/STM32F2xx_HAL_Driver/Src/stm32f2xx_hal_adc_ex.o
 .comment       0x0000000000000053       0x54 ./Drivers/STM32F2xx_HAL_Driver/Src/stm32f2xx_hal_cortex.o
 .comment       0x0000000000000053       0x54 ./Drivers/STM32F2xx_HAL_Driver/Src/stm32f2xx_hal_dma.o
 .comment       0x0000000000000053       0x54 ./Drivers/STM32F2xx_HAL_Driver/Src/stm32f2xx_hal_gpio.o
 .comment       0x0000000000000053       0x54 ./Drivers/STM32F2xx_HAL_Driver/Src/stm32f2xx_hal_i2c.o
 .comment       0x0000000000000053       0x54 ./Drivers/STM32F2xx_HAL_Driver/Src/stm32f2xx_hal_rcc.o
 .comment       0x0000000000000053       0x54 ./Drivers/STM32F2xx_HAL_Driver/Src/stm32f2xx_hal_tim.o
 .comment       0x0000000000000053       0x54 ./Drivers/STM32F2xx_HAL_Driver/Src/stm32f2xx_hal_tim_ex.o
 .comment       0x0000000000000053       0x54 ./Drivers/STM32F2xx_HAL_Driver/Src/stm32f2xx_hal_uart.o

.debug_frame    0x0000000000000000     0x4a38
 .debug_frame   0x0000000000000000      0x204 ./Core/Src/MotorControl.o
 .debug_frame   0x0000000000000204      0x19c ./Core/Src/main.o
 .debug_frame   0x00000000000003a0      0x1c4 ./Core/Src/stm32f2xx_hal_msp.o
 .debug_frame   0x0000000000000564      0x238 ./Core/Src/stm32f2xx_it.o
 .debug_frame   0x000000000000079c       0x58 ./Core/Src/system_stm32f2xx.o
 .debug_frame   0x00000000000007f4      0x384 ./Drivers/STM32F2xx_HAL_Driver/Src/stm32f2xx_hal.o
 .debug_frame   0x0000000000000b78      0x3fc ./Drivers/STM32F2xx_HAL_Driver/Src/stm32f2xx_hal_adc.o
 .debug_frame   0x0000000000000f74      0x250 ./Drivers/STM32F2xx_HAL_Driver/Src/stm32f2xx_hal_adc_ex.o
 .debug_frame   0x00000000000011c4      0x498 ./Drivers/STM32F2xx_HAL_Driver/Src/stm32f2xx_hal_cortex.o
 .debug_frame   0x000000000000165c      0x250 ./Drivers/STM32F2xx_HAL_Driver/Src/stm32f2xx_hal_dma.o
 .debug_frame   0x00000000000018ac      0x14c ./Drivers/STM32F2xx_HAL_Driver/Src/stm32f2xx_hal_gpio.o
 .debug_frame   0x00000000000019f8      0xc38 ./Drivers/STM32F2xx_HAL_Driver/Src/stm32f2xx_hal_i2c.o
 .debug_frame   0x0000000000002630      0x204 ./Drivers/STM32F2xx_HAL_Driver/Src/stm32f2xx_hal_rcc.o
 .debug_frame   0x0000000000002834     0x10f0 ./Drivers/STM32F2xx_HAL_Driver/Src/stm32f2xx_hal_tim.o
 .debug_frame   0x0000000000003924      0x5c0 ./Drivers/STM32F2xx_HAL_Driver/Src/stm32f2xx_hal_tim_ex.o
 .debug_frame   0x0000000000003ee4      0x838 ./Drivers/STM32F2xx_HAL_Driver/Src/stm32f2xx_hal_uart.o
 .debug_frame   0x000000000000471c       0x2c c:/programs/stm32cubeide_1.7.0/stm32cubeide/plugins/com.st.stm32cube.ide.mcu.externaltools.gnu-tools-for-stm32.9-2020-q2-update.win32_2.0.0.202105311346/tools/bin/../lib/gcc/arm-none-eabi/9.3.1/../../../../arm-none-eabi/lib/thumb/v7-m/nofp\libc_nano.a(lib_a-init.o)
 .debug_frame   0x0000000000004748       0x20 c:/programs/stm32cubeide_1.7.0/stm32cubeide/plugins/com.st.stm32cube.ide.mcu.externaltools.gnu-tools-for-stm32.9-2020-q2-update.win32_2.0.0.202105311346/tools/bin/../lib/gcc/arm-none-eabi/9.3.1/../../../../arm-none-eabi/lib/thumb/v7-m/nofp\libc_nano.a(lib_a-memset.o)
 .debug_frame   0x0000000000004768       0x30 c:/programs/stm32cubeide_1.7.0/stm32cubeide/plugins/com.st.stm32cube.ide.mcu.externaltools.gnu-tools-for-stm32.9-2020-q2-update.win32_2.0.0.202105311346/tools/bin/../lib/gcc/arm-none-eabi/9.3.1/thumb/v7-m/nofp\libgcc.a(_arm_muldf3.o)
 .debug_frame   0x0000000000004798       0xac c:/programs/stm32cubeide_1.7.0/stm32cubeide/plugins/com.st.stm32cube.ide.mcu.externaltools.gnu-tools-for-stm32.9-2020-q2-update.win32_2.0.0.202105311346/tools/bin/../lib/gcc/arm-none-eabi/9.3.1/thumb/v7-m/nofp\libgcc.a(_arm_addsubdf3.o)
 .debug_frame   0x0000000000004844       0x24 c:/programs/stm32cubeide_1.7.0/stm32cubeide/plugins/com.st.stm32cube.ide.mcu.externaltools.gnu-tools-for-stm32.9-2020-q2-update.win32_2.0.0.202105311346/tools/bin/../lib/gcc/arm-none-eabi/9.3.1/thumb/v7-m/nofp\libgcc.a(_arm_truncdfsf2.o)
 .debug_frame   0x0000000000004868       0x4c c:/programs/stm32cubeide_1.7.0/stm32cubeide/plugins/com.st.stm32cube.ide.mcu.externaltools.gnu-tools-for-stm32.9-2020-q2-update.win32_2.0.0.202105311346/tools/bin/../lib/gcc/arm-none-eabi/9.3.1/thumb/v7-m/nofp\libgcc.a(_arm_addsubsf3.o)
 .debug_frame   0x00000000000048b4       0x38 c:/programs/stm32cubeide_1.7.0/stm32cubeide/plugins/com.st.stm32cube.ide.mcu.externaltools.gnu-tools-for-stm32.9-2020-q2-update.win32_2.0.0.202105311346/tools/bin/../lib/gcc/arm-none-eabi/9.3.1/thumb/v7-m/nofp\libgcc.a(_arm_muldivsf3.o)
 .debug_frame   0x00000000000048ec       0xc8 c:/programs/stm32cubeide_1.7.0/stm32cubeide/plugins/com.st.stm32cube.ide.mcu.externaltools.gnu-tools-for-stm32.9-2020-q2-update.win32_2.0.0.202105311346/tools/bin/../lib/gcc/arm-none-eabi/9.3.1/thumb/v7-m/nofp\libgcc.a(_arm_cmpsf2.o)
 .debug_frame   0x00000000000049b4       0x24 c:/programs/stm32cubeide_1.7.0/stm32cubeide/plugins/com.st.stm32cube.ide.mcu.externaltools.gnu-tools-for-stm32.9-2020-q2-update.win32_2.0.0.202105311346/tools/bin/../lib/gcc/arm-none-eabi/9.3.1/thumb/v7-m/nofp\libgcc.a(_arm_fixunssfsi.o)
 .debug_frame   0x00000000000049d8       0x2c c:/programs/stm32cubeide_1.7.0/stm32cubeide/plugins/com.st.stm32cube.ide.mcu.externaltools.gnu-tools-for-stm32.9-2020-q2-update.win32_2.0.0.202105311346/tools/bin/../lib/gcc/arm-none-eabi/9.3.1/thumb/v7-m/nofp\libgcc.a(_aeabi_uldivmod.o)
 .debug_frame   0x0000000000004a04       0x34 c:/programs/stm32cubeide_1.7.0/stm32cubeide/plugins/com.st.stm32cube.ide.mcu.externaltools.gnu-tools-for-stm32.9-2020-q2-update.win32_2.0.0.202105311346/tools/bin/../lib/gcc/arm-none-eabi/9.3.1/thumb/v7-m/nofp\libgcc.a(_udivmoddi4.o)
