main.c:87:5:main	8	static
main.c:142:6:SystemClock_Config	80	static
main.c:183:13:MX_ADC1_Init	40	static
main.c:246:13:MX_ADC2_Init	24	static
main.c:296:13:MX_ADC3_Init	24	static
main.c:346:13:MX_I2C3_Init	8	static
main.c:380:13:MX_TIM1_Init	96	static
main.c:459:13:MX_TIM4_Init	56	static
main.c:508:13:MX_TIM8_Init	96	static
main.c:583:13:MX_TIM14_Init	40	static
main.c:628:13:MX_USART3_UART_Init	8	static
main.c:659:13:MX_DMA_Init	16	static
main.c:681:13:MX_GPIO_Init	56	static
main.c:729:6:Error_Handler	4	static,ignoring_inline_asm
