main.c:85:5:main	8	static
main.c:140:6:SystemClock_Config	80	static
main.c:181:13:MX_ADC1_Init	40	static
main.c:244:13:MX_ADC2_Init	24	static
main.c:294:13:MX_ADC3_Init	24	static
main.c:344:13:MX_TIM1_Init	96	static
main.c:423:13:MX_TIM3_Init	32	static
main.c:472:13:MX_TIM4_Init	56	static
main.c:521:13:MX_TIM8_Init	96	static
main.c:596:13:MX_TIM14_Init	40	static
main.c:641:13:MX_USART3_UART_Init	8	static
main.c:672:13:MX_DMA_Init	16	static
main.c:690:13:MX_GPIO_Init	56	static
main.c:754:6:Error_Handler	4	static,ignoring_inline_asm
