MotorControl.c:41:6:initialize_PID_constants	8	static
MotorControl.c:54:6:move_rotor	24	static
MotorControl.c:108:6:motor_control	16	static
MotorControl.c:178:6:cur_sector	8	static
MotorControl.c:189:6:HAL_GPIO_EXTI_Callback	16	static
MotorControl.c:208:6:calculateSpeed	16	static
MotorControl.c:213:6:calculatePID	24	static
MotorControl.c:240:6:HAL_TIM_PeriodElapsedCallback	16	static
MotorControl.c:262:6:HAL_ADC_ConvCpltCallback	32	static
MotorControl.c:276:6:start	8	static
MotorControl.c:286:6:loop	4	static
