MotorControl.c:40:6:initialize_PID_constants	8	static
MotorControl.c:53:6:move_rotor	24	static
MotorControl.c:107:6:motor_control	16	static
MotorControl.c:177:6:cur_sector	8	static
MotorControl.c:188:6:HAL_GPIO_EXTI_Callback	16	static
MotorControl.c:207:6:calculateSpeed	16	static
MotorControl.c:212:6:calculatePID	24	static
MotorControl.c:235:6:HAL_TIM_PeriodElapsedCallback	16	static
MotorControl.c:251:6:start	8	static
MotorControl.c:260:6:loop	4	static
MotorControl.c:265:6:coil_AC	16	static
MotorControl.c:275:6:coil_AB	16	static
MotorControl.c:285:6:coil_CB	16	static
MotorControl.c:295:6:coil_CA	16	static
MotorControl.c:305:6:coil_BA	16	static
MotorControl.c:315:6:coil_BC	16	static
