stm32f2xx_it.c:79:6:NMI_Handler	4	static
stm32f2xx_it.c:94:6:HardFault_Handler	4	static
stm32f2xx_it.c:109:6:MemManage_Handler	4	static
stm32f2xx_it.c:124:6:BusFault_Handler	4	static
stm32f2xx_it.c:139:6:UsageFault_Handler	4	static
stm32f2xx_it.c:154:6:SVC_Handler	4	static
stm32f2xx_it.c:167:6:DebugMon_Handler	4	static
stm32f2xx_it.c:180:6:PendSV_Handler	4	static
stm32f2xx_it.c:193:6:SysTick_Handler	8	static
stm32f2xx_it.c:214:6:EXTI0_IRQHandler	8	static
stm32f2xx_it.c:228:6:EXTI1_IRQHandler	8	static
stm32f2xx_it.c:242:6:DMA1_Stream4_IRQHandler	8	static
stm32f2xx_it.c:256:6:ADC_IRQHandler	8	static
stm32f2xx_it.c:272:6:EXTI9_5_IRQHandler	8	static
stm32f2xx_it.c:287:6:TIM1_UP_TIM10_IRQHandler	8	static
stm32f2xx_it.c:301:6:TIM4_IRQHandler	8	static
stm32f2xx_it.c:315:6:USART3_IRQHandler	8	static
stm32f2xx_it.c:329:6:TIM8_TRG_COM_TIM14_IRQHandler	8	static
stm32f2xx_it.c:344:6:DMA2_Stream0_IRQHandler	8	static
stm32f2xx_it.c:358:6:I2C3_EV_IRQHandler	8	static
