stm32f2xx_it.c:78:6:NMI_Handler	4	static
stm32f2xx_it.c:93:6:HardFault_Handler	4	static
stm32f2xx_it.c:108:6:MemManage_Handler	4	static
stm32f2xx_it.c:123:6:BusFault_Handler	4	static
stm32f2xx_it.c:138:6:UsageFault_Handler	4	static
stm32f2xx_it.c:153:6:SVC_Handler	4	static
stm32f2xx_it.c:166:6:DebugMon_Handler	4	static
stm32f2xx_it.c:179:6:PendSV_Handler	4	static
stm32f2xx_it.c:192:6:SysTick_Handler	8	static
stm32f2xx_it.c:213:6:EXTI0_IRQHandler	8	static
stm32f2xx_it.c:227:6:EXTI1_IRQHandler	8	static
stm32f2xx_it.c:241:6:ADC_IRQHandler	8	static
stm32f2xx_it.c:257:6:EXTI9_5_IRQHandler	8	static
stm32f2xx_it.c:272:6:TIM1_UP_TIM10_IRQHandler	8	static
stm32f2xx_it.c:286:6:TIM3_IRQHandler	8	static
stm32f2xx_it.c:300:6:TIM4_IRQHandler	8	static
stm32f2xx_it.c:314:6:USART3_IRQHandler	8	static
stm32f2xx_it.c:328:6:TIM8_TRG_COM_TIM14_IRQHandler	8	static
stm32f2xx_it.c:343:6:DMA2_Stream0_IRQHandler	8	static
